Archive member included to satisfy reference by file (symbol)

c:/program files (x86)/embitz/1.11/share/em_armgcc/bin/../lib/gcc/arm-none-eabi/5.4.1/../../../../arm-none-eabi/lib/armv6-m\libm.a(lib_a-s_cos.o)
                              .objs\main.o (cos)
c:/program files (x86)/embitz/1.11/share/em_armgcc/bin/../lib/gcc/arm-none-eabi/5.4.1/../../../../arm-none-eabi/lib/armv6-m\libm.a(lib_a-s_floor.o)
                              .objs\pokittolib\mbed-pokitto\targets\hal\target_nxp\target_lpc11u6x\spi_api.o (floor)
c:/program files (x86)/embitz/1.11/share/em_armgcc/bin/../lib/gcc/arm-none-eabi/5.4.1/../../../../arm-none-eabi/lib/armv6-m\libm.a(lib_a-s_sin.o)
                              .objs\main.o (sin)
c:/program files (x86)/embitz/1.11/share/em_armgcc/bin/../lib/gcc/arm-none-eabi/5.4.1/../../../../arm-none-eabi/lib/armv6-m\libm.a(lib_a-e_rem_pio2.o)
                              c:/program files (x86)/embitz/1.11/share/em_armgcc/bin/../lib/gcc/arm-none-eabi/5.4.1/../../../../arm-none-eabi/lib/armv6-m\libm.a(lib_a-s_cos.o) (__ieee754_rem_pio2)
c:/program files (x86)/embitz/1.11/share/em_armgcc/bin/../lib/gcc/arm-none-eabi/5.4.1/../../../../arm-none-eabi/lib/armv6-m\libm.a(lib_a-k_cos.o)
                              c:/program files (x86)/embitz/1.11/share/em_armgcc/bin/../lib/gcc/arm-none-eabi/5.4.1/../../../../arm-none-eabi/lib/armv6-m\libm.a(lib_a-s_cos.o) (__kernel_cos)
c:/program files (x86)/embitz/1.11/share/em_armgcc/bin/../lib/gcc/arm-none-eabi/5.4.1/../../../../arm-none-eabi/lib/armv6-m\libm.a(lib_a-k_rem_pio2.o)
                              c:/program files (x86)/embitz/1.11/share/em_armgcc/bin/../lib/gcc/arm-none-eabi/5.4.1/../../../../arm-none-eabi/lib/armv6-m\libm.a(lib_a-e_rem_pio2.o) (__kernel_rem_pio2)
c:/program files (x86)/embitz/1.11/share/em_armgcc/bin/../lib/gcc/arm-none-eabi/5.4.1/../../../../arm-none-eabi/lib/armv6-m\libm.a(lib_a-k_sin.o)
                              c:/program files (x86)/embitz/1.11/share/em_armgcc/bin/../lib/gcc/arm-none-eabi/5.4.1/../../../../arm-none-eabi/lib/armv6-m\libm.a(lib_a-s_cos.o) (__kernel_sin)
c:/program files (x86)/embitz/1.11/share/em_armgcc/bin/../lib/gcc/arm-none-eabi/5.4.1/../../../../arm-none-eabi/lib/armv6-m\libm.a(lib_a-s_fabs.o)
                              c:/program files (x86)/embitz/1.11/share/em_armgcc/bin/../lib/gcc/arm-none-eabi/5.4.1/../../../../arm-none-eabi/lib/armv6-m\libm.a(lib_a-e_rem_pio2.o) (fabs)
c:/program files (x86)/embitz/1.11/share/em_armgcc/bin/../lib/gcc/arm-none-eabi/5.4.1/../../../../arm-none-eabi/lib/armv6-m\libm.a(lib_a-s_scalbn.o)
                              c:/program files (x86)/embitz/1.11/share/em_armgcc/bin/../lib/gcc/arm-none-eabi/5.4.1/../../../../arm-none-eabi/lib/armv6-m\libm.a(lib_a-k_rem_pio2.o) (scalbn)
c:/program files (x86)/embitz/1.11/share/em_armgcc/bin/../lib/gcc/arm-none-eabi/5.4.1/../../../../arm-none-eabi/lib/armv6-m\libm.a(lib_a-s_copysign.o)
                              c:/program files (x86)/embitz/1.11/share/em_armgcc/bin/../lib/gcc/arm-none-eabi/5.4.1/../../../../arm-none-eabi/lib/armv6-m\libm.a(lib_a-s_scalbn.o) (copysign)
c:/program files (x86)/embitz/1.11/share/em_armgcc/bin/../lib/gcc/arm-none-eabi/5.4.1/../../../../arm-none-eabi/lib/armv6-m\libc_n.a(lib_a-abs.o)
                              .objs\pokittolib\mbed-pokitto\targets\hal\target_nxp\target_lpc11u6x\serial_api.o (abs)
c:/program files (x86)/embitz/1.11/share/em_armgcc/bin/../lib/gcc/arm-none-eabi/5.4.1/../../../../arm-none-eabi/lib/armv6-m\libc_n.a(lib_a-errno.o)
                              .objs\pokittolib\mbed-pokitto\common\retarget.o (__errno)
c:/program files (x86)/embitz/1.11/share/em_armgcc/bin/../lib/gcc/arm-none-eabi/5.4.1/../../../../arm-none-eabi/lib/armv6-m\libc_n.a(lib_a-exit.o)
                              c:/program files (x86)/embitz/1.11/share/em_armgcc/bin/../lib/gcc/arm-none-eabi/5.4.1/../../../../arm-none-eabi/lib/armv6-m/crt0.o (exit)
c:/program files (x86)/embitz/1.11/share/em_armgcc/bin/../lib/gcc/arm-none-eabi/5.4.1/../../../../arm-none-eabi/lib/armv6-m\libc_n.a(lib_a-fclose.o)
                              .objs\pokittolib\mbed-pokitto\common\stream.o (fclose)
c:/program files (x86)/embitz/1.11/share/em_armgcc/bin/../lib/gcc/arm-none-eabi/5.4.1/../../../../arm-none-eabi/lib/armv6-m\libc_n.a(lib_a-fflush.o)
                              c:/program files (x86)/embitz/1.11/share/em_armgcc/bin/../lib/gcc/arm-none-eabi/5.4.1/../../../../arm-none-eabi/lib/armv6-m\libc_n.a(lib_a-fclose.o) (__sflush_r)
c:/program files (x86)/embitz/1.11/share/em_armgcc/bin/../lib/gcc/arm-none-eabi/5.4.1/../../../../arm-none-eabi/lib/armv6-m\libc_n.a(lib_a-fgetc.o)
                              .objs\pokittolib\mbed-pokitto\common\retarget.o (fgetc)
c:/program files (x86)/embitz/1.11/share/em_armgcc/bin/../lib/gcc/arm-none-eabi/5.4.1/../../../../arm-none-eabi/lib/armv6-m\libc_n.a(lib_a-fgets.o)
                              .objs\pokittolib\mbed-pokitto\common\retarget.o (fgets)
[...]
Memory Configuration

Name             Origin             Length             Attributes
MFlash256        0x00000000         0x00040000         xr
Ram0_32          0x10000100         0x00007f00         xrw
Ram1_2           0x20000000         0x00000800         xrw
Ram2USB_2        0x20004000         0x00000800         xrw
*default*        0x00000000         0xffffffff

Linker script and memory map

LOAD c:/program files (x86)/embitz/1.11/share/em_armgcc/bin/../lib/gcc/arm-none-eabi/5.4.1/armv6-m/crti.o
LOAD c:/program files (x86)/embitz/1.11/share/em_armgcc/bin/../lib/gcc/arm-none-eabi/5.4.1/armv6-m/crtbegin.o
LOAD c:/program files (x86)/embitz/1.11/share/em_armgcc/bin/../lib/gcc/arm-none-eabi/5.4.1/../../../../arm-none-eabi/lib/armv6-m/crt0.o
                0x00040000                __top_MFlash256 = 0x40000
                0x10008000                __top_Ram0_32 = 0x10008000
                0x20000800                __top_Ram1_2 = 0x20000800
                0x20004800                __top_Ram2USB_2 = 0x20004800

.text           0x00000000     0x92a8
 FILL mask 0xff
                0x00000000                __vectors_start__ = ABSOLUTE (.)
 *(.isr_vector)
 .isr_vector    0x00000000       0xc0 .objs\pokittolib\mbed-pokitto\targets\cmsis\target_nxp\target_lpc11u6x\toolchain_gcc_arm\target_lpc11u68\startup_lpc11u68.o
                0x00000000                g_pfnVectors
                0x000000c0                . = ALIGN (0x4)
                0x000000c0                __section_table_start = .
                0x000000c0                __data_section_table = .
                0x000000c0        0x4 LONG 0x92a8 LOADADDR (.data)
                0x000000c4        0x4 LONG 0x10000100 ADDR (.data)
                0x000000c8        0x4 LONG 0x2700 SIZEOF (.data)
                0x000000cc        0x4 LONG 0x92a8 LOADADDR (.data_RAM2)
                0x000000d0        0x4 LONG 0x20000000 ADDR (.data_RAM2)
                0x000000d4        0x4 LONG 0x0 SIZEOF (.data_RAM2)
                0x000000d8        0x4 LONG 0x92a8 LOADADDR (.data_RAM3)
                0x000000dc        0x4 LONG 0x20004000 ADDR (.data_RAM3)
                0x000000e0        0x4 LONG 0x0 SIZEOF (.data_RAM3)
                0x000000e4                __data_section_table_end = .
                0x000000e4                __bss_section_table = .
                0x000000e4        0x4 LONG 0x10002800 ADDR (.bss)
                0x000000e8        0x4 LONG 0x388c SIZEOF (.bss)
                0x000000ec        0x4 LONG 0x20000000 ADDR (.bss_RAM2)
                0x000000f0        0x4 LONG 0x0 SIZEOF (.bss_RAM2)
                0x000000f4        0x4 LONG 0x20004000 ADDR (.bss_RAM3)
                0x000000f8        0x4 LONG 0x0 SIZEOF (.bss_RAM3)
                0x000000fc                __bss_section_table_end = .
                0x000000fc                __section_table_end = .
 *(.after_vectors*)
 .after_vectors
                0x000000fc       0x54 .objs\pokittolib\mbed-pokitto\targets\cmsis\target_nxp\target_lpc11u6x\toolchain_gcc_arm\target_lpc11u68\startup_lpc11u68.o
                0x000000fc                ResetISR
 *(.text*)
 .text          0x00000150       0x60 c:/program files (x86)/embitz/1.11/share/em_armgcc/bin/../lib/gcc/arm-none-eabi/5.4.1/armv6-m/crtbegin.o
 .text._Z5setupv
                0x000001b0       0x48 .objs\main.o
                0x000001b0                setup()
 .text.startup.main
                0x000001f8      0x138 .objs\main.o
                0x000001f8                main
 .text.startup._GLOBAL__sub_I_rawData
                0x00000330       0x10 .objs\main.o
 .text.mbed_assert_internal
                0x00000340       0x14 .objs\pokittolib\mbed-pokitto\common\assert.o
                0x00000340                mbed_assert_internal
 .text.mbed_die
                0x00000354       0x5c .objs\pokittolib\mbed-pokitto\common\board.o
                0x00000354                mbed_die
 .text.error    0x000003b0        0xa .objs\pokittolib\mbed-pokitto\common\error.o
                0x000003b0                error
 *fill*         0x000003ba        0x2 ff
 .text.gpio_write
                0x000003bc       0x30 .objs\pokittolib\mbed-pokitto\common\gpio.o
 .text._gpio_init_in
                0x000003ec       0x22 .objs\pokittolib\mbed-pokitto\common\gpio.o
 .text.gpio_init_in
                0x0000040e        0xa .objs\pokittolib\mbed-pokitto\common\gpio.o
                0x0000040e                gpio_init_in
 .text.gpio_init_out_ex
                0x00000418       0x2a .objs\pokittolib\mbed-pokitto\common\gpio.o
                0x00000418                gpio_init_out_ex
 .text.gpio_init_out
                0x00000442        0xa .objs\pokittolib\mbed-pokitto\common\gpio.o
                0x00000442                gpio_init_out
 .text._ZN4mbed11InterruptInD2Ev
                0x0000044c       0x18 .objs\pokittolib\mbed-pokitto\common\interruptin.o
                0x0000044c                mbed::InterruptIn::~InterruptIn()
                0x0000044c                mbed::InterruptIn::~InterruptIn()
 .text._ZN4mbed11InterruptInD0Ev
                0x00000464       0x12 .objs\pokittolib\mbed-pokitto\common\interruptin.o
                0x00000464                mbed::InterruptIn::~InterruptIn()
 *fill*         0x00000476        0x2 ff
 .text._ZN4mbed11InterruptInC2E7PinName
                0x00000478       0x48 .objs\pokittolib\mbed-pokitto\common\interruptin.o
                0x00000478                mbed::InterruptIn::InterruptIn(PinName)
                0x00000478                mbed::InterruptIn::InterruptIn(PinName)
 .text._ZN4mbed11InterruptIn4riseEPFvvE
                0x000004c0       0x1e .objs\pokittolib\mbed-pokitto\common\interruptin.o
                0x000004c0                mbed::InterruptIn::rise(void (*)())
 .text._ZN4mbed11InterruptIn4fallEPFvvE
                0x000004de       0x1c .objs\pokittolib\mbed-pokitto\common\interruptin.o
                0x000004de                mbed::InterruptIn::fall(void (*)())
 .text._ZN4mbed19FunctionPointerArg1IvvE4callEv
                0x000004fa       0x20 .objs\pokittolib\mbed-pokitto\common\interruptin.o
                0x000004fa                mbed::FunctionPointerArg1<void, void>::call()
 .text._ZN4mbed11InterruptIn12_irq_handlerEm14gpio_irq_event
                0x0000051a       0x16 .objs\pokittolib\mbed-pokitto\common\interruptin.o
                0x0000051a                mbed::InterruptIn::_irq_handler(unsigned long, gpio_irq_event)
 .text.pinmap_pinout
                0x00000530       0x34 .objs\pokittolib\mbed-pokitto\common\pinmap_common.o
                0x00000530                pinmap_pinout
 .text.pinmap_merge
                0x00000564       0x28 .objs\pokittolib\mbed-pokitto\common\pinmap_common.o
                0x00000564                pinmap_merge
 .text.pinmap_find_peripheral
                0x0000058c       0x16 .objs\pokittolib\mbed-pokitto\common\pinmap_common.o
                0x0000058c                pinmap_find_peripheral
 *fill*         0x000005a2        0x2 ff
 .text.pinmap_peripheral
                0x000005a4       0x20 .objs\pokittolib\mbed-pokitto\common\pinmap_common.o
                0x000005a4                pinmap_peripheral
 .text.__cxa_pure_virtual
                0x000005c4        0x8 .objs\pokittolib\mbed-pokitto\common\retarget.o
                0x000005c4                __cxa_pure_virtual
 .text._exit    0x000005cc        0xc .objs\pokittolib\mbed-pokitto\common\retarget.o
                0x000005cc                _exit
 .text._ZN4mbed3SPID2Ev
                0x000005d8        0x2 .objs\pokittolib\mbed-pokitto\common\spi.o
                0x000005d8                mbed::SPI::~SPI()
                0x000005d8                mbed::SPI::~SPI()
 .text._ZN4mbed3SPID0Ev
                0x000005da        0xc .objs\pokittolib\mbed-pokitto\common\spi.o
                0x000005da                mbed::SPI::~SPI()
 *fill*         0x000005e6        0x2 ff
 .text._ZN4mbed3SPIC2E7PinNameS1_S1_S1_
                0x000005e8       0x48 .objs\pokittolib\mbed-pokitto\common\spi.o
                0x000005e8                mbed::SPI::SPI(PinName, PinName, PinName, PinName)
                0x000005e8                mbed::SPI::SPI(PinName, PinName, PinName, PinName)
 .text._ZN4mbed3SPI6aquireEv
                0x00000630       0x2c .objs\pokittolib\mbed-pokitto\common\spi.o
                0x00000630                mbed::SPI::aquire()
 .text._ZN4mbed3SPI5writeEi
                0x0000065c       0x14 .objs\pokittolib\mbed-pokitto\common\spi.o
                0x0000065c                mbed::SPI::write(int)
 .text._ZN4mbed6Ticker7handlerEv
                0x00000670       0x2c .objs\pokittolib\mbed-pokitto\common\ticker.o
                0x00000670                mbed::Ticker::handler()
 .text._ZN4mbed6Ticker6detachEv
                0x0000069c       0x10 .objs\pokittolib\mbed-pokitto\common\ticker.o
                0x0000069c                mbed::Ticker::detach()
 .text._ZN4mbed6TickerD2Ev
                0x000006ac       0x1c .objs\pokittolib\mbed-pokitto\common\ticker.o
                0x000006ac                mbed::Ticker::~Ticker()
                0x000006ac                mbed::Ticker::~Ticker()
 .text._ZN4mbed6TickerD0Ev
                0x000006c8       0x12 .objs\pokittolib\mbed-pokitto\common\ticker.o
                0x000006c8                mbed::Ticker::~Ticker()
 .text._ZN4mbed6Ticker5setupEm
                0x000006da       0x1c .objs\pokittolib\mbed-pokitto\common\ticker.o
                0x000006da                mbed::Ticker::setup(unsigned long)
 .text.ticker_set_handler
                0x000006f6       0x12 .objs\pokittolib\mbed-pokitto\common\ticker_api.o
                0x000006f6                ticker_set_handler
 .text.ticker_irq_handler
                0x00000708       0x44 .objs\pokittolib\mbed-pokitto\common\ticker_api.o
                0x00000708                ticker_irq_handler
 .text.ticker_insert_event
                0x0000074c       0x38 .objs\pokittolib\mbed-pokitto\common\ticker_api.o
                0x0000074c                ticker_insert_event
 .text.ticker_remove_event
                0x00000784       0x38 .objs\pokittolib\mbed-pokitto\common\ticker_api.o
                0x00000784                ticker_remove_event
 .text.ticker_read
                0x000007bc        0xa .objs\pokittolib\mbed-pokitto\common\ticker_api.o
                0x000007bc                ticker_read
 .text._ZN4mbed10TimerEvent3irqEm
                0x000007c6        0xa .objs\pokittolib\mbed-pokitto\common\timerevent.o
                0x000007c6                mbed::TimerEvent::irq(unsigned long)
 .text._ZN4mbed10TimerEventC2Ev
                0x000007d0       0x2c .objs\pokittolib\mbed-pokitto\common\timerevent.o
                0x000007d0                mbed::TimerEvent::TimerEvent()
                0x000007d0                mbed::TimerEvent::TimerEvent()
 .text._ZN4mbed10TimerEvent6insertEm
                0x000007fc       0x10 .objs\pokittolib\mbed-pokitto\common\timerevent.o
                0x000007fc                mbed::TimerEvent::insert(unsigned long)
 .text._ZN4mbed10TimerEvent6removeEv
                0x0000080c        0xc .objs\pokittolib\mbed-pokitto\common\timerevent.o
                0x0000080c                mbed::TimerEvent::remove()
 .text._ZN4mbed10TimerEventD2Ev
                0x00000818       0x18 .objs\pokittolib\mbed-pokitto\common\timerevent.o
                0x00000818                mbed::TimerEvent::~TimerEvent()
                0x00000818                mbed::TimerEvent::~TimerEvent()
 .text.get_us_ticker_data
                0x00000830        0x8 .objs\pokittolib\mbed-pokitto\common\us_ticker_api.o
                0x00000830                get_us_ticker_data
 .text.us_ticker_irq_handler
                0x00000838       0x10 .objs\pokittolib\mbed-pokitto\common\us_ticker_api.o
                0x00000838                us_ticker_irq_handler
 .text.wait_us  0x00000848       0x16 .objs\pokittolib\mbed-pokitto\common\wait_api.o
                0x00000848                wait_us
 .text.wait_ms  0x0000085e        0xe .objs\pokittolib\mbed-pokitto\common\wait_api.o
                0x0000085e                wait_ms
 .text.NVIC_SetVector
                0x0000086c       0x30 .objs\pokittolib\mbed-pokitto\targets\cmsis\target_nxp\target_lpc11u6x\cmsis_nvic.o
                0x0000086c                NVIC_SetVector
 .text.SystemInit
                0x0000089c      0x12c .objs\pokittolib\mbed-pokitto\targets\cmsis\target_nxp\target_lpc11u6x\system_lpc11u6x.o
                0x0000089c                SystemInit
 .text.IntDefaultHandler
                0x000009c8        0x2 .objs\pokittolib\mbed-pokitto\targets\cmsis\target_nxp\target_lpc11u6x\toolchain_gcc_arm\target_lpc11u68\startup_lpc11u68.o
                0x000009c8                TIMER16_0_IRQHandler
                0x000009c8                I2C0_IRQHandler
                0x000009c8                I2C1_IRQHandler
                0x000009c8                TIMER32_0_IRQHandler
                0x000009c8                ADCB_IRQHandler
                0x000009c8                SCT0_1_IRQHandler
                0x000009c8                TIMER32_1_IRQHandler
                0x000009c8                PIN_INT6_IRQHandler
                0x000009c8                IntDefaultHandler
                0x000009c8                PIN_INT4_IRQHandler
                0x000009c8                SSP0_IRQHandler
                0x000009c8                RTC_IRQHandler
                0x000009c8                USBWakeup_IRQHandler
                0x000009c8                USART0_IRQHandler
                0x000009c8                PIN_INT5_IRQHandler
                0x000009c8                PIN_INT2_IRQHandler
                0x000009c8                TIMER16_1_IRQHandler
                0x000009c8                USB_FIQHandler
                0x000009c8                USART1_4_IRQHandler
                0x000009c8                SSP1_IRQHandler
                0x000009c8                PIN_INT7_IRQHandler
                0x000009c8                BOD_WDT_IRQHandler
                0x000009c8                PIN_INT1_IRQHandler
                0x000009c8                USB_IRQHandler
                0x000009c8                USART2_3_IRQHandler
                0x000009c8                PIN_INT0_IRQHandler
                0x000009c8                GINT0_IRQHandler
                0x000009c8                DMA_IRQHandler
                0x000009c8                PIN_INT3_IRQHandler
                0x000009c8                FMC_IRQHandler
                0x000009c8                GINT1_IRQHandler
                0x000009c8                ADCA_IRQHandler
 .text.NMI_Handler
                0x000009ca        0x2 .objs\pokittolib\mbed-pokitto\targets\cmsis\target_nxp\target_lpc11u6x\toolchain_gcc_arm\target_lpc11u68\startup_lpc11u68.o
                0x000009ca                NMI_Handler
 .text.HardFault_Handler
                0x000009cc        0x2 .objs\pokittolib\mbed-pokitto\targets\cmsis\target_nxp\target_lpc11u6x\toolchain_gcc_arm\target_lpc11u68\startup_lpc11u68.o
                0x000009cc                HardFault_Handler
 .text.SVC_Handler
                0x000009ce        0x2 .objs\pokittolib\mbed-pokitto\targets\cmsis\target_nxp\target_lpc11u6x\toolchain_gcc_arm\target_lpc11u68\startup_lpc11u68.o
                0x000009ce                SVC_Handler
 .text.PendSV_Handler
                0x000009d0        0x2 .objs\pokittolib\mbed-pokitto\targets\cmsis\target_nxp\target_lpc11u6x\toolchain_gcc_arm\target_lpc11u68\startup_lpc11u68.o
                0x000009d0                PendSV_Handler
 .text.data_init
                0x000009d2       0x12 .objs\pokittolib\mbed-pokitto\targets\cmsis\target_nxp\target_lpc11u6x\toolchain_gcc_arm\target_lpc11u68\startup_lpc11u68.o
                0x000009d2                data_init
 .text.bss_init
                0x000009e4       0x10 .objs\pokittolib\mbed-pokitto\targets\cmsis\target_nxp\target_lpc11u6x\toolchain_gcc_arm\target_lpc11u68\startup_lpc11u68.o
                0x000009e4                bss_init
 .text.__aeabi_atexit
                0x000009f4        0x4 .objs\pokittolib\mbed-pokitto\targets\cmsis\target_nxp\target_lpc11u6x\toolchain_gcc_arm\target_lpc11u68\startup_lpc11u68.o
                0x000009f4                __aeabi_atexit
 .text._ZdlPv   0x000009f8        0x8 .objs\pokittolib\mbed-pokitto\targets\cmsis\target_nxp\target_lpc11u6x\toolchain_gcc_arm\target_lpc11u68\startup_lpc11u68.o
                0x000009f8                operator delete(void*)
 .text.gpio_set
                0x00000a00       0x94 .objs\pokittolib\mbed-pokitto\targets\hal\target_nxp\target_lpc11u6x\gpio_api.o
                0x00000a00                gpio_set
 .text.gpio_init
                0x00000a94       0x44 .objs\pokittolib\mbed-pokitto\targets\hal\target_nxp\target_lpc11u6x\gpio_api.o
                0x00000a94                gpio_init
 .text.gpio_mode
                0x00000ad8        0xa .objs\pokittolib\mbed-pokitto\targets\hal\target_nxp\target_lpc11u6x\gpio_api.o
                0x00000ad8                gpio_mode
 *fill*         0x00000ae2        0x2 ff
 .text.gpio_dir
                0x00000ae4       0x3c .objs\pokittolib\mbed-pokitto\targets\hal\target_nxp\target_lpc11u6x\gpio_api.o
                0x00000ae4                gpio_dir
 .text.handle_interrupt_in
                0x00000b20       0x64 .objs\pokittolib\mbed-pokitto\targets\hal\target_nxp\target_lpc11u6x\gpio_irq_api.o
 .text.gpio_irq0
                0x00000b84        0xa .objs\pokittolib\mbed-pokitto\targets\hal\target_nxp\target_lpc11u6x\gpio_irq_api.o
                0x00000b84                gpio_irq0
 .text.gpio_irq1
                0x00000b8e        0xa .objs\pokittolib\mbed-pokitto\targets\hal\target_nxp\target_lpc11u6x\gpio_irq_api.o
                0x00000b8e                gpio_irq1
 .text.gpio_irq2
                0x00000b98        0xa .objs\pokittolib\mbed-pokitto\targets\hal\target_nxp\target_lpc11u6x\gpio_irq_api.o
                0x00000b98                gpio_irq2
 .text.gpio_irq3
                0x00000ba2        0xa .objs\pokittolib\mbed-pokitto\targets\hal\target_nxp\target_lpc11u6x\gpio_irq_api.o
                0x00000ba2                gpio_irq3
 .text.gpio_irq4
                0x00000bac        0xa .objs\pokittolib\mbed-pokitto\targets\hal\target_nxp\target_lpc11u6x\gpio_irq_api.o
                0x00000bac                gpio_irq4
 .text.gpio_irq5
                0x00000bb6        0xa .objs\pokittolib\mbed-pokitto\targets\hal\target_nxp\target_lpc11u6x\gpio_irq_api.o
                0x00000bb6                gpio_irq5
 .text.gpio_irq6
                0x00000bc0        0xa .objs\pokittolib\mbed-pokitto\targets\hal\target_nxp\target_lpc11u6x\gpio_irq_api.o
                0x00000bc0                gpio_irq6
 .text.gpio_irq7
                0x00000bca        0xa .objs\pokittolib\mbed-pokitto\targets\hal\target_nxp\target_lpc11u6x\gpio_irq_api.o
                0x00000bca                gpio_irq7
 .text.gpio_irq_init
                0x00000bd4       0xc4 .objs\pokittolib\mbed-pokitto\targets\hal\target_nxp\target_lpc11u6x\gpio_irq_api.o
                0x00000bd4                gpio_irq_init
 .text.gpio_irq_free
                0x00000c98       0x28 .objs\pokittolib\mbed-pokitto\targets\hal\target_nxp\target_lpc11u6x\gpio_irq_api.o
                0x00000c98                gpio_irq_free
 .text.gpio_irq_set
                0x00000cc0       0x4c .objs\pokittolib\mbed-pokitto\targets\hal\target_nxp\target_lpc11u6x\gpio_irq_api.o
                0x00000cc0                gpio_irq_set
 .text.pin_function
                0x00000d0c       0x38 .objs\pokittolib\mbed-pokitto\targets\hal\target_nxp\target_lpc11u6x\pinmap.o
                0x00000d0c                pin_function
 .text.pin_mode
                0x00000d44       0x5c .objs\pokittolib\mbed-pokitto\targets\hal\target_nxp\target_lpc11u6x\pinmap.o
                0x00000d44                pin_mode
 .text.pwmout_write
                0x00000da0       0x46 .objs\pokittolib\mbed-pokitto\targets\hal\target_nxp\target_lpc11u6x\pwmout_api.o
                0x00000da0                pwmout_write
 .text.pwmout_period_us
                0x00000de6       0x42 .objs\pokittolib\mbed-pokitto\targets\hal\target_nxp\target_lpc11u6x\pwmout_api.o
                0x00000de6                pwmout_period_us
 .text.pwmout_init
                0x00000e28      0x18c .objs\pokittolib\mbed-pokitto\targets\hal\target_nxp\target_lpc11u6x\pwmout_api.o
                0x00000e28                pwmout_init
 .text.spi_init
                0x00000fb4      0x100 .objs\pokittolib\mbed-pokitto\targets\hal\target_nxp\target_lpc11u6x\spi_api.o
                0x00000fb4                spi_init
 .text.spi_format
                0x000010b4       0x6c .objs\pokittolib\mbed-pokitto\targets\hal\target_nxp\target_lpc11u6x\spi_api.o
                0x000010b4                spi_format
 .text.spi_frequency
                0x00001120       0x88 .objs\pokittolib\mbed-pokitto\targets\hal\target_nxp\target_lpc11u6x\spi_api.o
                0x00001120                spi_frequency
 .text.spi_master_write
                0x000011a8       0x18 .objs\pokittolib\mbed-pokitto\targets\hal\target_nxp\target_lpc11u6x\spi_api.o
                0x000011a8                spi_master_write
 .text.us_ticker_init
                0x000011c0       0x60 .objs\pokittolib\mbed-pokitto\targets\hal\target_nxp\target_lpc11u6x\us_ticker.o
                0x000011c0                us_ticker_init
 .text.us_ticker_read
                0x00001220       0x1c .objs\pokittolib\mbed-pokitto\targets\hal\target_nxp\target_lpc11u6x\us_ticker.o
                0x00001220                us_ticker_read
 .text.us_ticker_set_interrupt
                0x0000123c       0x14 .objs\pokittolib\mbed-pokitto\targets\hal\target_nxp\target_lpc11u6x\us_ticker.o
                0x0000123c                us_ticker_set_interrupt
 .text.us_ticker_disable_interrupt
                0x00001250       0x10 .objs\pokittolib\mbed-pokitto\targets\hal\target_nxp\target_lpc11u6x\us_ticker.o
                0x00001250                us_ticker_disable_interrupt
 .text.us_ticker_clear_interrupt
                0x00001260        0xc .objs\pokittolib\mbed-pokitto\targets\hal\target_nxp\target_lpc11u6x\us_ticker.o
                0x00001260                us_ticker_clear_interrupt
 .text._ZN7Pokitto9Backlight5beginEv
                0x0000126c        0x2 .objs\pokittolib\pokitto_core\pokittobacklight.o
                0x0000126c                Pokitto::Backlight::begin()
 .text._ZN7Pokitto9Backlight3setEh
                0x0000126e        0x2 .objs\pokittolib\pokitto_core\pokittobacklight.o
                0x0000126e                Pokitto::Backlight::set(unsigned char)
 .text._ZN7Pokitto7Battery5beginEv
                0x00001270        0x2 .objs\pokittolib\pokitto_core\pokittobattery.o
                0x00001270                Pokitto::Battery::begin()
 *fill*         0x00001272        0x2 ff
 .text._ZN7Pokitto7Battery6updateEv
                0x00001274        0xc .objs\pokittolib\pokitto_core\pokittobattery.o
                0x00001274                Pokitto::Battery::update()
 .text._ZN7Pokitto7Buttons5beginEv
                0x00001280        0x8 .objs\pokittolib\pokitto_core\pokittobuttons.o
                0x00001280                Pokitto::Buttons::begin()
 .text._ZN7Pokitto7Buttons6updateEv
                0x00001288       0x38 .objs\pokittolib\pokitto_core\pokittobuttons.o
                0x00001288                Pokitto::Buttons::update()
 .text._ZN7Pokitto7Buttons7pressedEh
                0x000012c0       0x14 .objs\pokittolib\pokitto_core\pokittobuttons.o
                0x000012c0                Pokitto::Buttons::pressed(unsigned char)
 .text._ZN7Pokitto7Buttons11pollButtonsEv
                0x000012d4       0x8c .objs\pokittolib\pokitto_core\pokittobuttons.o
                0x000012d4                Pokitto::Buttons::pollButtons()
 .text._ZN7Pokitto7Buttons4aBtnEv
                0x00001360        0xc .objs\pokittolib\pokitto_core\pokittobuttons.o
                0x00001360                Pokitto::Buttons::aBtn()
 .text._ZN7Pokitto7ConsoleC2Ev
                0x0000136c       0x48 .objs\pokittolib\pokitto_core\pokittoconsole.o
                0x0000136c                Pokitto::Console::Console()
                0x0000136c                Pokitto::Console::Console()
 .text.startup._GLOBAL__sub_I_pConsole
                0x000013b4       0x10 .objs\pokittolib\pokitto_core\pokittoconsole.o
 .text._Z17start_applicationm
                0x000013c4       0xb8 .objs\pokittolib\pokitto_core\pokittocore.o
                0x000013c4                start_application(unsigned long)
 .text._ZN7Pokitto4CoreC2Ev
                0x0000147c        0x2 .objs\pokittolib\pokitto_core\pokittocore.o
                0x0000147c                Pokitto::Core::Core()
                0x0000147c                Pokitto::Core::Core()
 *fill*         0x0000147e        0x2 ff
 .text._ZN7Pokitto4Core12jumpToLoaderEv
                0x00001480       0x7c .objs\pokittolib\pokitto_core\pokittocore.o
                0x00001480                Pokitto::Core::jumpToLoader()
 .text._ZN7Pokitto4Core9askLoaderEv
                0x000014fc      0x158 .objs\pokittolib\pokitto_core\pokittocore.o
                0x000014fc                Pokitto::Core::askLoader()
 .text._ZN7Pokitto4Core10drawvolbarEiiib
                0x00001654      0x1dc .objs\pokittolib\pokitto_core\pokittocore.o
                0x00001654                Pokitto::Core::drawvolbar(int, int, int, bool)
 .text._ZN7Pokitto4Core11setVolLimitEv
                0x00001830      0x29c .objs\pokittolib\pokitto_core\pokittocore.o
                0x00001830                Pokitto::Core::setVolLimit()
 .text._ZN7Pokitto4Core4initEv
                0x00001acc       0x30 .objs\pokittolib\pokitto_core\pokittocore.o
                0x00001acc                Pokitto::Core::init()
 .text._ZN7Pokitto4Core9isRunningEv
                0x00001afc        0xc .objs\pokittolib\pokitto_core\pokittocore.o
                0x00001afc                Pokitto::Core::isRunning()
 .text._ZN7Pokitto4Core8showLogoEv
                0x00001b08       0xb8 .objs\pokittolib\pokitto_core\pokittocore.o
                0x00001b08                Pokitto::Core::showLogo()
 .text._ZN7Pokitto4Core12readSettingsEv
                0x00001bc0       0x20 .objs\pokittolib\pokitto_core\pokittocore.o
                0x00001bc0                Pokitto::Core::readSettings()
 .text._ZN7Pokitto4Core5beginEv
                0x00001be0       0xc8 .objs\pokittolib\pokitto_core\pokittocore.o
                0x00001be0                Pokitto::Core::begin()
 .text._ZN7Pokitto4Core12setFrameRateEh
                0x00001ca8       0x30 .objs\pokittolib\pokitto_core\pokittocore.o
                0x00001ca8                Pokitto::Core::setFrameRate(unsigned char)
 .text.startup._GLOBAL__sub_I_selectedfile
                0x00001cd8       0x10 .objs\pokittolib\pokitto_core\pokittocore.o
 .text.startup._GLOBAL__sub_I_res
                0x00001ce8       0x38 .objs\pokittolib\pokitto_core\pokittodisk.o
 .text._ZN7Pokitto7Display13setColorDepthEh
                0x00001d20       0x14 .objs\pokittolib\pokitto_core\pokittodisplay.o
                0x00001d20                Pokitto::Display::setColorDepth(unsigned char)
 .text._ZN7Pokitto7Display8clearLCDEv
                0x00001d34       0x1c .objs\pokittolib\pokitto_core\pokittodisplay.o
                0x00001d34                Pokitto::Display::clearLCD()
 .text._ZN7Pokitto7Display7fillLCDEt
                0x00001d50        0x8 .objs\pokittolib\pokitto_core\pokittodisplay.o
                0x00001d50                Pokitto::Display::fillLCD(unsigned short)
 .text._ZN7Pokitto7Display15directRectangleEsssst
                0x00001d58        0xe .objs\pokittolib\pokitto_core\pokittodisplay.o
                0x00001d58                Pokitto::Display::directRectangle(short, short, short, short, unsigned short)
 .text._ZN7Pokitto7Display5beginEv
                0x00001d66        0x8 .objs\pokittolib\pokitto_core\pokittodisplay.o
                0x00001d66                Pokitto::Display::begin()
 *fill*         0x00001d6e        0x2 ff
 .text._ZN7Pokitto7Display9setCursorEss
                0x00001d70       0x14 .objs\pokittolib\pokitto_core\pokittodisplay.o
                0x00001d70                Pokitto::Display::setCursor(short, short)
 .text._ZN7Pokitto7Display12directBitmapEssPKhhh
                0x00001d84      0x234 .objs\pokittolib\pokitto_core\pokittodisplay.o
                0x00001d84                Pokitto::Display::directBitmap(short, short, unsigned char const*, unsigned char, unsigned char)
 .text._ZN7Pokitto7Display10directCharEsst
                0x00001fb8      0x154 .objs\pokittolib\pokitto_core\pokittodisplay.o
                0x00001fb8                Pokitto::Display::directChar(short, short, unsigned short)
 .text._ZN7Pokitto7Display5clearEv
                0x0000210c       0x60 .objs\pokittolib\pokitto_core\pokittodisplay.o
                0x0000210c                Pokitto::Display::clear()
 .text._ZN7Pokitto7Display6updateEv
                0x0000216c       0x28 .objs\pokittolib\pokitto_core\pokittodisplay.o
                0x0000216c                Pokitto::Display::update()
 .text._ZN7Pokitto7Display17setDefaultPaletteEv
                0x00002194       0x10 .objs\pokittolib\pokitto_core\pokittodisplay.o
                0x00002194                Pokitto::Display::setDefaultPalette()
 .text._ZN7Pokitto7Display9drawPixelEssh
                0x000021a4       0x5c .objs\pokittolib\pokitto_core\pokittodisplay.o
                0x000021a4                Pokitto::Display::drawPixel(short, short, unsigned char)
 .text._ZN7Pokitto7Display10bufferCharEsst
                0x00002200       0xb4 .objs\pokittolib\pokitto_core\pokittodisplay.o
                0x00002200                Pokitto::Display::bufferChar(short, short, unsigned short)
 .text._ZN7Pokitto7Display9drawPixelEss
                0x000022b4       0x58 .objs\pokittolib\pokitto_core\pokittodisplay.o
                0x000022b4                Pokitto::Display::drawPixel(short, short)
 .text._ZN7Pokitto7Display10drawColumnEsss
                0x0000230c       0x48 .objs\pokittolib\pokitto_core\pokittodisplay.o
                0x0000230c                Pokitto::Display::drawColumn(short, short, short)
 .text._ZN7Pokitto7Display13fillRectangleEssss
                0x00002354       0x7c .objs\pokittolib\pokitto_core\pokittodisplay.o
                0x00002354                Pokitto::Display::fillRectangle(short, short, short, short)
 .text._ZN7Pokitto7Display6scrollEs
                0x000023d0      0x11c .objs\pokittolib\pokitto_core\pokittodisplay.o
                0x000023d0                Pokitto::Display::scroll(short)
 .text._ZN7Pokitto7Display7setFontEPKh
                0x000024ec       0x24 .objs\pokittolib\pokitto_core\pokittodisplay.o
                0x000024ec                Pokitto::Display::setFont(unsigned char const*)
 .text._ZN7Pokitto7DisplayC2Ev
                0x00002510       0x60 .objs\pokittolib\pokitto_core\pokittodisplay.o
                0x00002510                Pokitto::Display::Display()
                0x00002510                Pokitto::Display::Display()
 .text._ZN7Pokitto7Display10print_charEhhh
                0x00002570       0x2c .objs\pokittolib\pokitto_core\pokittodisplay.o
                0x00002570                Pokitto::Display::print_char(unsigned char, unsigned char, unsigned char)
 .text._ZN7Pokitto7Display23isDirectPrintingEnabledEv
                0x0000259c       0x10 .objs\pokittolib\pokitto_core\pokittodisplay.o
                0x0000259c                Pokitto::Display::isDirectPrintingEnabled()
 .text._ZN7Pokitto7Display20enableDirectPrintingEh
                0x000025ac       0x3c .objs\pokittolib\pokitto_core\pokittodisplay.o
                0x000025ac                Pokitto::Display::enableDirectPrinting(unsigned char)
 .text._ZN7Pokitto7Display11inc_txtlineEv
                0x000025e8       0x40 .objs\pokittolib\pokitto_core\pokittodisplay.o
                0x000025e8                Pokitto::Display::inc_txtline()
 .text._ZN7Pokitto7Display5writeEh
                0x00002628       0xc8 .objs\pokittolib\pokitto_core\pokittodisplay.o
                0x00002628                Pokitto::Display::write(unsigned char)
 .text._ZN7Pokitto7Display5writeEPKc
                0x000026f0       0x14 .objs\pokittolib\pokitto_core\pokittodisplay.o
                0x000026f0                Pokitto::Display::write(char const*)
 .text._ZN7Pokitto7Display5printEPKc
                0x00002704        0x8 .objs\pokittolib\pokitto_core\pokittodisplay.o
                0x00002704                Pokitto::Display::print(char const*)
 .text._ZN7Pokitto7Display7printlnEv
                0x0000270c       0x10 .objs\pokittolib\pokitto_core\pokittodisplay.o
                0x0000270c                Pokitto::Display::println()
 .text._ZN7Pokitto7Display7printlnEPKc
                0x0000271c        0xc .objs\pokittolib\pokitto_core\pokittodisplay.o
                0x0000271c                Pokitto::Display::println(char const*)
 .text._ZN7Pokitto7Display10set_cursorEhh
                0x00002728       0x14 .objs\pokittolib\pokitto_core\pokittodisplay.o
                0x00002728                Pokitto::Display::set_cursor(unsigned char, unsigned char)
 .text._ZN7Pokitto7Display11printNumberEmh
                0x0000273c       0x54 .objs\pokittolib\pokitto_core\pokittodisplay.o
                0x0000273c                Pokitto::Display::printNumber(unsigned long, unsigned char)
 .text._ZN7Pokitto7Display5printEli.part.4
                0x00002790       0x18 .objs\pokittolib\pokitto_core\pokittodisplay.o
 .text._ZN7Pokitto7Display5printEli
                0x000027a8       0x20 .objs\pokittolib\pokitto_core\pokittodisplay.o
                0x000027a8                Pokitto::Display::print(long, int)
 .text._ZN7Pokitto7Display5printEii
                0x000027c8        0x8 .objs\pokittolib\pokitto_core\pokittodisplay.o
                0x000027c8                Pokitto::Display::print(int, int)
 .text._ZN7Pokitto7Display5printEhhii
                0x000027d0       0x1c .objs\pokittolib\pokitto_core\pokittodisplay.o
                0x000027d0                Pokitto::Display::print(unsigned char, unsigned char, int, int)
 .text.startup._GLOBAL__sub_I_core
                0x000027ec       0x10 .objs\pokittolib\pokitto_core\pokittodisplay.o
 .text._ZN7Pokitto7Display14load565PaletteEPKt
                0x000027fc       0x1c .objs\pokittolib\pokitto_core\pokittopalette.o
                0x000027fc                Pokitto::Display::load565Palette(unsigned short const*)
 .text._ZN7Pokitto7Display8RGBto565Ehhh
                0x00002818       0x10 .objs\pokittolib\pokitto_core\pokittopalette.o
                0x00002818                Pokitto::Display::RGBto565(unsigned char, unsigned char, unsigned char)
 .text._ZN7Pokitto7Display14loadRGBPaletteEPKh
                0x00002828       0x2c .objs\pokittolib\pokitto_core\pokittopalette.o
                0x00002828                Pokitto::Display::loadRGBPalette(unsigned char const*)
 .text._ZN7Pokitto7Display16interpolateColorEtth
                0x00002854       0x5c .objs\pokittolib\pokitto_core\pokittopalette.o
                0x00002854                Pokitto::Display::interpolateColor(unsigned short, unsigned short, unsigned char)
 .text._ZN7Pokitto5Sound5beginEv
                0x000028b0        0x8 .objs\pokittolib\pokitto_core\pokittosound.o
                0x000028b0                Pokitto::Sound::begin()
 .text._ZN7Pokitto5Sound9setVolumeEs
                0x000028b8       0x24 .objs\pokittolib\pokitto_core\pokittosound.o
                0x000028b8                Pokitto::Sound::setVolume(short)
 .text._ZN7Pokitto5Sound9setMaxVolEs
                0x000028dc       0x28 .objs\pokittolib\pokitto_core\pokittosound.o
                0x000028dc                Pokitto::Sound::setMaxVol(short)
 .text._ZN7Pokitto5Sound8volumeUpEv
                0x00002904       0x1c .objs\pokittolib\pokitto_core\pokittosound.o
                0x00002904                Pokitto::Sound::volumeUp()
 .text._ZN7Pokitto5Sound10volumeDownEv
                0x00002920       0x1c .objs\pokittolib\pokitto_core\pokittosound.o
                0x00002920                Pokitto::Sound::volumeDown()
 .text._ZN7Pokitto5Sound9getVolumeEv
                0x0000293c        0xc .objs\pokittolib\pokitto_core\pokittosound.o
                0x0000293c                Pokitto::Sound::getVolume()
 .text.startup._GLOBAL__sub_I_c
                0x00002948       0x10 .objs\pokittolib\pokitto_core\pokittosound.o
 .text._Z8APressedv
                0x00002958        0xc .objs\pokittolib\pokitto_hw\hwbuttons.o
                0x00002958                APressed()
 .text._Z9AReleasedv
                0x00002964        0xc .objs\pokittolib\pokitto_hw\hwbuttons.o
                0x00002964                AReleased()
 .text._Z8BPressedv
                0x00002970        0xc .objs\pokittolib\pokitto_hw\hwbuttons.o
                0x00002970                BPressed()
 .text._Z9BReleasedv
                0x0000297c        0xc .objs\pokittolib\pokitto_hw\hwbuttons.o
                0x0000297c                BReleased()
 .text._Z8CPressedv
                0x00002988        0xc .objs\pokittolib\pokitto_hw\hwbuttons.o
                0x00002988                CPressed()
 .text._Z9CReleasedv
                0x00002994        0xc .objs\pokittolib\pokitto_hw\hwbuttons.o
                0x00002994                CReleased()
 .text._Z8UPressedv
                0x000029a0        0xc .objs\pokittolib\pokitto_hw\hwbuttons.o
                0x000029a0                UPressed()
 .text._Z9UReleasedv
                0x000029ac        0xc .objs\pokittolib\pokitto_hw\hwbuttons.o
                0x000029ac                UReleased()
 .text._Z8DPressedv
                0x000029b8        0xc .objs\pokittolib\pokitto_hw\hwbuttons.o
                0x000029b8                DPressed()
 .text._Z9DReleasedv
                0x000029c4        0xc .objs\pokittolib\pokitto_hw\hwbuttons.o
                0x000029c4                DReleased()
 .text._Z9RReleasedv
                0x000029d0        0xc .objs\pokittolib\pokitto_hw\hwbuttons.o
                0x000029d0                RReleased()
 .text._Z9LReleasedv
                0x000029dc        0xc .objs\pokittolib\pokitto_hw\hwbuttons.o
                0x000029dc                LReleased()
 .text._Z8RPressedv
                0x000029e8       0x1c .objs\pokittolib\pokitto_hw\hwbuttons.o
                0x000029e8                RPressed()
 .text._Z8LPressedv
                0x00002a04       0x1c .objs\pokittolib\pokitto_hw\hwbuttons.o
                0x00002a04                LPressed()
 .text._ZN7Pokitto11initButtonsEv
                0x00002a20       0xd8 .objs\pokittolib\pokitto_hw\hwbuttons.o
                0x00002a20                Pokitto::initButtons()
 .text._ZN7Pokitto4Core4aBtnEv
                0x00002af8        0xc .objs\pokittolib\pokitto_hw\hwbuttons.o
                0x00002af8                Pokitto::Core::aBtn()
 .text._ZN7Pokitto4Core4bBtnEv
                0x00002b04        0xc .objs\pokittolib\pokitto_hw\hwbuttons.o
                0x00002b04                Pokitto::Core::bBtn()
 .text._ZN7Pokitto4Core4cBtnEv
                0x00002b10        0xc .objs\pokittolib\pokitto_hw\hwbuttons.o
                0x00002b10                Pokitto::Core::cBtn()
 .text._ZN7Pokitto4Core7leftBtnEv
                0x00002b1c        0xc .objs\pokittolib\pokitto_hw\hwbuttons.o
                0x00002b1c                Pokitto::Core::leftBtn()
 .text._ZN7Pokitto4Core8rightBtnEv
                0x00002b28        0xc .objs\pokittolib\pokitto_hw\hwbuttons.o
                0x00002b28                Pokitto::Core::rightBtn()
 .text.startup._GLOBAL__sub_I__s
                0x00002b34       0xe0 .objs\pokittolib\pokitto_hw\hwbuttons.o
 .text._ZL13setup_data_16t
                0x00002c14       0x30 .objs\pokittolib\pokitto_hw\hwlcd.o
 .text._Z16write_command_16t
                0x00002c44       0x34 .objs\pokittolib\pokitto_hw\hwlcd.o
                0x00002c44                write_command_16(unsigned short)
 .text._Z13write_data_16t
                0x00002c78       0x34 .objs\pokittolib\pokitto_hw\hwlcd.o
                0x00002c78                write_data_16(unsigned short)
 .text._ZN7Pokitto13initBacklightEv
                0x00002cac       0x2c .objs\pokittolib\pokitto_hw\hwlcd.o
                0x00002cac                Pokitto::initBacklight()
 .text._ZN7Pokitto14lcdFillSurfaceEt
                0x00002cd8       0x64 .objs\pokittolib\pokitto_hw\hwlcd.o
                0x00002cd8                Pokitto::lcdFillSurface(unsigned short)
 .text._ZN7Pokitto8lcdClearEv
                0x00002d3c       0x60 .objs\pokittolib\pokitto_hw\hwlcd.o
                0x00002d3c                Pokitto::lcdClear()
 .text._ZN7Pokitto7lcdInitEv
                0x00002d9c      0x218 .objs\pokittolib\pokitto_hw\hwlcd.o
                0x00002d9c                Pokitto::lcdInit()
 .text._ZN7Pokitto9setWindowEhhhh
                0x00002fb4       0x58 .objs\pokittolib\pokitto_hw\hwlcd.o
                0x00002fb4                Pokitto::setWindow(unsigned char, unsigned char, unsigned char, unsigned char)
 .text._ZN7Pokitto8lcdPixelEsst
                0x0000300c       0x36 .objs\pokittolib\pokitto_hw\hwlcd.o
                0x0000300c                Pokitto::lcdPixel(short, short, unsigned short)
 .text._ZN7Pokitto12lcdRectangleEsssst
                0x00003042       0x4c .objs\pokittolib\pokitto_hw\hwlcd.o
                0x00003042                Pokitto::lcdRectangle(short, short, short, short, unsigned short)
 *fill*         0x0000308e        0x2 ff
 .text._ZN7Pokitto15lcdRefreshMode2EPhPt
                0x00003090      0x3f0 .objs\pokittolib\pokitto_hw\hwlcd.o
                0x00003090                Pokitto::lcdRefreshMode2(unsigned char*, unsigned short*)
 .text._ZN4mbed10DigitalOutC2E7PinName
                0x00003480       0x1a .objs\pokittolib\pokitto_hw\hwsound.o
                0x00003480                mbed::DigitalOut::DigitalOut(PinName)
                0x00003480                mbed::DigitalOut::DigitalOut(PinName)
 *fill*         0x0000349a        0x2 ff
 .text._ZN7Pokitto11setHWvolumeEh
                0x0000349c       0x38 .objs\pokittolib\pokitto_hw\hwsound.o
                0x0000349c                Pokitto::setHWvolume(unsigned char)
 .text._Z19initHWvolumecontrolv
                0x000034d4       0x20 .objs\pokittolib\pokitto_hw\hwsound.o
                0x000034d4                initHWvolumecontrol()
 .text._ZN7Pokitto9dac_writeEh
                0x000034f4       0xc0 .objs\pokittolib\pokitto_hw\hwsound.o
                0x000034f4                Pokitto::dac_write(unsigned char)
 .text._Z11pokSoundIRQv
                0x000035b4       0xc8 .objs\pokittolib\pokitto_hw\hwsound.o
                0x000035b4                pokSoundIRQ()
 .text._ZN7Pokitto9soundInitEv
                0x0000367c       0x48 .objs\pokittolib\pokitto_hw\hwsound.o
                0x0000367c                Pokitto::soundInit()
 .text.startup._GLOBAL__sub_I_buffers
                0x000036c4       0xc0 .objs\pokittolib\pokitto_hw\hwsound.o
 .text.SysTick_Handler
                0x00003784       0x10 .objs\pokittolib\pokitto_hw\pokittoclock.o
                0x00003784                SysTick_Handler
 .text._ZN7Pokitto4Core9initClockEv
                0x00003794       0x20 .objs\pokittolib\pokitto_hw\pokittoclock.o
                0x00003794                Pokitto::Core::initClock()
 .text._ZN7Pokitto4Core7getTimeEv
                0x000037b4        0xc .objs\pokittolib\pokitto_hw\pokittoclock.o
                0x000037b4                Pokitto::Core::getTime()
 .text._ZN7Pokitto4Core10initRandomEv
                0x000037c0        0x2 .objs\pokittolib\pokitto_hw\pokittohw.o
                0x000037c0                Pokitto::Core::initRandom()
 *fill*         0x000037c2        0x2 ff
 .text._ZN7Pokitto4Core8initGPIOEv
                0x000037c4      0x108 .objs\pokittolib\pokitto_hw\pokittohw.o
                0x000037c4                Pokitto::Core::initGPIO()
 .text.gpio_write
                0x000038cc       0x30 .objs\pokittolib\pokitto_hw\softwarei2c.o
 .text.gpio_read
                0x000038fc       0x2c .objs\pokittolib\pokitto_hw\softwarei2c.o
 .text._ZN4mbed12DigitalInOut6outputEv
                0x00003928        0xa .objs\pokittolib\pokitto_hw\softwarei2c.o
                0x00003928                mbed::DigitalInOut::output()
 .text._ZN11SoftwareI2C5startEv
                0x00003932       0x46 .objs\pokittolib\pokitto_hw\softwarei2c.o
                0x00003932                SoftwareI2C::start()
 .text._ZN11SoftwareI2C4stopEv
                0x00003978       0x36 .objs\pokittolib\pokitto_hw\softwarei2c.o
                0x00003978                SoftwareI2C::stop()
 .text._ZN11SoftwareI2C7putByteEh
                0x000039ae       0x48 .objs\pokittolib\pokitto_hw\softwarei2c.o
                0x000039ae                SoftwareI2C::putByte(unsigned char)
 .text._ZN11SoftwareI2C6getAckEv
                0x000039f6       0x52 .objs\pokittolib\pokitto_hw\softwarei2c.o
                0x000039f6                SoftwareI2C::getAck()
 .text._ZN11SoftwareI2CC2E7PinNameS0_
                0x00003a48       0x94 .objs\pokittolib\pokitto_hw\softwarei2c.o
                0x00003a48                SoftwareI2C::SoftwareI2C(PinName, PinName)
                0x00003a48                SoftwareI2C::SoftwareI2C(PinName, PinName)
 .text._ZN11SoftwareI2CD2Ev
                0x00003adc        0x2 .objs\pokittolib\pokitto_hw\softwarei2c.o
                0x00003adc                SoftwareI2C::~SoftwareI2C()
                0x00003adc                SoftwareI2C::~SoftwareI2C()
 .text._ZN11SoftwareI2C5writeEhh
                0x00003ade       0x34 .objs\pokittolib\pokitto_hw\softwarei2c.o
                0x00003ade                SoftwareI2C::write(unsigned char, unsigned char)
 *fill*         0x00003b12        0x2 ff
 .text.startup._GLOBAL__sub_I_playing
                0x00003b14       0x2c .objs\pokittolib\pokitto_libs\synth\synth.o
 .text.startup._GLOBAL__sub_I__dc
                0x00003b40       0x10 .objs\pokittolib\pokitto_xternals\arduino\delay.o
 .text.cos      0x00003b50       0x8c c:/program files (x86)/embitz/1.11/share/em_armgcc/bin/../lib/gcc/arm-none-eabi/5.4.1/../../../../arm-none-eabi/lib/armv6-m\libm.a(lib_a-s_cos.o)
                0x00003b50                cos
 .text.floor    0x00003bdc      0x130 c:/program files (x86)/embitz/1.11/share/em_armgcc/bin/../lib/gcc/arm-none-eabi/5.4.1/../../../../arm-none-eabi/lib/armv6-m\libm.a(lib_a-s_floor.o)
                0x00003bdc                floor
 .text.sin      0x00003d0c       0x90 c:/program files (x86)/embitz/1.11/share/em_armgcc/bin/../lib/gcc/arm-none-eabi/5.4.1/../../../../arm-none-eabi/lib/armv6-m\libm.a(lib_a-s_sin.o)
                0x00003d0c                sin
 .text.__ieee754_rem_pio2
                0x00003d9c      0x40c c:/program files (x86)/embitz/1.11/share/em_armgcc/bin/../lib/gcc/arm-none-eabi/5.4.1/../../../../arm-none-eabi/lib/armv6-m\libm.a(lib_a-e_rem_pio2.o)
                0x00003d9c                __ieee754_rem_pio2
 .text.__kernel_cos
                0x000041a8      0x234 c:/program files (x86)/embitz/1.11/share/em_armgcc/bin/../lib/gcc/arm-none-eabi/5.4.1/../../../../arm-none-eabi/lib/armv6-m\libm.a(lib_a-k_cos.o)
                0x000041a8                __kernel_cos
 .text.__kernel_rem_pio2
                0x000043dc      0x8a4 c:/program files (x86)/embitz/1.11/share/em_armgcc/bin/../lib/gcc/arm-none-eabi/5.4.1/../../../../arm-none-eabi/lib/armv6-m\libm.a(lib_a-k_rem_pio2.o)
                0x000043dc                __kernel_rem_pio2
 .text.__kernel_sin
                0x00004c80      0x160 c:/program files (x86)/embitz/1.11/share/em_armgcc/bin/../lib/gcc/arm-none-eabi/5.4.1/../../../../arm-none-eabi/lib/armv6-m\libm.a(lib_a-k_sin.o)
                0x00004c80                __kernel_sin
 .text.fabs     0x00004de0        0x8 c:/program files (x86)/embitz/1.11/share/em_armgcc/bin/../lib/gcc/arm-none-eabi/5.4.1/../../../../arm-none-eabi/lib/armv6-m\libm.a(lib_a-s_fabs.o)
                0x00004de0                fabs
 .text.scalbn   0x00004de8       0xd0 c:/program files (x86)/embitz/1.11/share/em_armgcc/bin/../lib/gcc/arm-none-eabi/5.4.1/../../../../arm-none-eabi/lib/armv6-m\libm.a(lib_a-s_scalbn.o)
                0x00004de8                scalbn
 .text.copysign
                0x00004eb8       0x10 c:/program files (x86)/embitz/1.11/share/em_armgcc/bin/../lib/gcc/arm-none-eabi/5.4.1/../../../../arm-none-eabi/lib/armv6-m\libm.a(lib_a-s_copysign.o)
                0x00004eb8                copysign
 .text.exit     0x00004ec8       0x2c c:/program files (x86)/embitz/1.11/share/em_armgcc/bin/../lib/gcc/arm-none-eabi/5.4.1/../../../../arm-none-eabi/lib/armv6-m\libc_n.a(lib_a-exit.o)
                0x00004ec8                exit
 .text.__libc_init_array
                0x00004ef4       0x4c c:/program files (x86)/embitz/1.11/share/em_armgcc/bin/../lib/gcc/arm-none-eabi/5.4.1/../../../../arm-none-eabi/lib/armv6-m\libc_n.a(lib_a-init.o)
                0x00004ef4                __libc_init_array
 .text.free     0x00004f40       0x14 c:/program files (x86)/embitz/1.11/share/em_armgcc/bin/../lib/gcc/arm-none-eabi/5.4.1/../../../../arm-none-eabi/lib/armv6-m\libc_n.a(lib_a-malloc.o)
                0x00004f40                free
 .text.memset   0x00004f54       0x10 c:/program files (x86)/embitz/1.11/share/em_armgcc/bin/../lib/gcc/arm-none-eabi/5.4.1/../../../../arm-none-eabi/lib/armv6-m\libc_n.a(lib_a-memset.o)
                0x00004f54                memset
 .text._free_r  0x00004f64       0x98 c:/program files (x86)/embitz/1.11/share/em_armgcc/bin/../lib/gcc/arm-none-eabi/5.4.1/../../../../arm-none-eabi/lib/armv6-m\libc_n.a(lib_a-nano-freer.o)
                0x00004f64                _free_r
 .text.__malloc_lock
                0x00004ffc        0x2 c:/program files (x86)/embitz/1.11/share/em_armgcc/bin/../lib/gcc/arm-none-eabi/5.4.1/../../../../arm-none-eabi/lib/armv6-m\libc_n.a(lib_a-mlock.o)
                0x00004ffc                __malloc_lock
 .text.__malloc_unlock
                0x00004ffe        0x2 c:/program files (x86)/embitz/1.11/share/em_armgcc/bin/../lib/gcc/arm-none-eabi/5.4.1/../../../../arm-none-eabi/lib/armv6-m\libc_n.a(lib_a-mlock.o)
                0x00004ffe                __malloc_unlock
 .text          0x00005000       0x14 c:/program files (x86)/embitz/1.11/share/em_armgcc/bin/../lib/gcc/arm-none-eabi/5.4.1/armv6-m\libgcc.a(_thumb1_case_uqi.o)
                0x00005000                __gnu_thumb1_case_uqi
 .text          0x00005014      0x114 c:/program files (x86)/embitz/1.11/share/em_armgcc/bin/../lib/gcc/arm-none-eabi/5.4.1/armv6-m\libgcc.a(_udivsi3.o)
                0x00005014                __aeabi_uidiv
                0x00005014                __udivsi3
                0x00005120                __aeabi_uidivmod
 .text          0x00005128      0x1d4 c:/program files (x86)/embitz/1.11/share/em_armgcc/bin/../lib/gcc/arm-none-eabi/5.4.1/armv6-m\libgcc.a(_divsi3.o)
                0x00005128                __divsi3
                0x00005128                __aeabi_idiv
                0x000052f4                __aeabi_idivmod
 .text          0x000052fc        0x4 c:/program files (x86)/embitz/1.11/share/em_armgcc/bin/../lib/gcc/arm-none-eabi/5.4.1/armv6-m\libgcc.a(_dvmd_tls.o)
                0x000052fc                __aeabi_idiv0
                0x000052fc                __aeabi_ldiv0
 .text          0x00005300       0x7c c:/program files (x86)/embitz/1.11/share/em_armgcc/bin/../lib/gcc/arm-none-eabi/5.4.1/armv6-m\libgcc.a(_arm_cmpdf2.o)
                0x00005300                __aeabi_cdrcmple
                0x00005310                __aeabi_cdcmple
                0x00005310                __aeabi_cdcmpeq
                0x00005320                __aeabi_dcmpeq
                0x0000532c                __aeabi_dcmplt
                0x00005340                __aeabi_dcmple
                0x00005354                __aeabi_dcmpgt
                0x00005368                __aeabi_dcmpge
 .text          0x0000537c       0x74 c:/program files (x86)/embitz/1.11/share/em_armgcc/bin/../lib/gcc/arm-none-eabi/5.4.1/armv6-m\libgcc.a(_arm_cmpsf2.o)
                0x0000537c                __aeabi_cfrcmple
                0x00005384                __aeabi_cfcmpeq
                0x00005384                __aeabi_cfcmple
                0x00005394                __aeabi_fcmpeq
                0x000053a0                __aeabi_fcmplt
                0x000053b4                __aeabi_fcmple
                0x000053c8                __aeabi_fcmpgt
                0x000053dc                __aeabi_fcmpge
 .text          0x000053f0       0x30 c:/program files (x86)/embitz/1.11/share/em_armgcc/bin/../lib/gcc/arm-none-eabi/5.4.1/armv6-m\libgcc.a(_fixunssfsi.o)
                0x000053f0                __fixunssfsi
                0x000053f0                __aeabi_f2uiz
 .text          0x00005420      0x2ec c:/program files (x86)/embitz/1.11/share/em_armgcc/bin/../lib/gcc/arm-none-eabi/5.4.1/armv6-m\libgcc.a(addsf3.o)
                0x00005420                __aeabi_fadd
 .text          0x0000570c      0x234 c:/program files (x86)/embitz/1.11/share/em_armgcc/bin/../lib/gcc/arm-none-eabi/5.4.1/armv6-m\libgcc.a(divsf3.o)
                0x0000570c                __aeabi_fdiv
 .text          0x00005940       0x50 c:/program files (x86)/embitz/1.11/share/em_armgcc/bin/../lib/gcc/arm-none-eabi/5.4.1/armv6-m\libgcc.a(eqsf2.o)
                0x00005940                __eqsf2
                0x00005940                __nesf2
 .text          0x00005990       0x88 c:/program files (x86)/embitz/1.11/share/em_armgcc/bin/../lib/gcc/arm-none-eabi/5.4.1/armv6-m\libgcc.a(gesf2.o)
                0x00005990                __gesf2
                0x00005990                __gtsf2
 .text          0x00005a18       0x88 c:/program files (x86)/embitz/1.11/share/em_armgcc/bin/../lib/gcc/arm-none-eabi/5.4.1/armv6-m\libgcc.a(lesf2.o)
                0x00005a18                __ltsf2
                0x00005a18                __lesf2
 .text          0x00005aa0      0x228 c:/program files (x86)/embitz/1.11/share/em_armgcc/bin/../lib/gcc/arm-none-eabi/5.4.1/armv6-m\libgcc.a(mulsf3.o)
                0x00005aa0                __aeabi_fmul
 .text          0x00005cc8      0x30c c:/program files (x86)/embitz/1.11/share/em_armgcc/bin/../lib/gcc/arm-none-eabi/5.4.1/armv6-m\libgcc.a(subsf3.o)
                0x00005cc8                __aeabi_fsub
 .text          0x00005fd4       0x44 c:/program files (x86)/embitz/1.11/share/em_armgcc/bin/../lib/gcc/arm-none-eabi/5.4.1/armv6-m\libgcc.a(fixsfsi.o)
                0x00005fd4                __aeabi_f2iz
 .text          0x00006018       0x90 c:/program files (x86)/embitz/1.11/share/em_armgcc/bin/../lib/gcc/arm-none-eabi/5.4.1/armv6-m\libgcc.a(floatsisf.o)
                0x00006018                __aeabi_i2f
 .text          0x000060a8       0x7c c:/program files (x86)/embitz/1.11/share/em_armgcc/bin/../lib/gcc/arm-none-eabi/5.4.1/armv6-m\libgcc.a(floatunsisf.o)
                0x000060a8                __aeabi_ui2f
 .text          0x00006124      0x658 c:/program files (x86)/embitz/1.11/share/em_armgcc/bin/../lib/gcc/arm-none-eabi/5.4.1/armv6-m\libgcc.a(adddf3.o)
                0x00006124                __aeabi_dadd
 .text          0x0000677c       0x80 c:/program files (x86)/embitz/1.11/share/em_armgcc/bin/../lib/gcc/arm-none-eabi/5.4.1/armv6-m\libgcc.a(eqdf2.o)
                0x0000677c                __nedf2
                0x0000677c                __eqdf2
 .text          0x000067fc       0xc8 c:/program files (x86)/embitz/1.11/share/em_armgcc/bin/../lib/gcc/arm-none-eabi/5.4.1/armv6-m\libgcc.a(gedf2.o)
                0x000067fc                __gedf2
                0x000067fc                __gtdf2
 .text          0x000068c4       0xd4 c:/program files (x86)/embitz/1.11/share/em_armgcc/bin/../lib/gcc/arm-none-eabi/5.4.1/armv6-m\libgcc.a(ledf2.o)
                0x000068c4                __ledf2
                0x000068c4                __ltdf2
 .text          0x00006998      0x4f4 c:/program files (x86)/embitz/1.11/share/em_armgcc/bin/../lib/gcc/arm-none-eabi/5.4.1/armv6-m\libgcc.a(muldf3.o)
                0x00006998                __aeabi_dmul
 .text          0x00006e8c      0x6a8 c:/program files (x86)/embitz/1.11/share/em_armgcc/bin/../lib/gcc/arm-none-eabi/5.4.1/armv6-m\libgcc.a(subdf3.o)
                0x00006e8c                __aeabi_dsub
 .text          0x00007534       0x6c c:/program files (x86)/embitz/1.11/share/em_armgcc/bin/../lib/gcc/arm-none-eabi/5.4.1/armv6-m\libgcc.a(fixdfsi.o)
                0x00007534                __aeabi_d2iz
 .text          0x000075a0       0x84 c:/program files (x86)/embitz/1.11/share/em_armgcc/bin/../lib/gcc/arm-none-eabi/5.4.1/armv6-m\libgcc.a(floatsidf.o)
                0x000075a0                __aeabi_i2d
 .text          0x00007624       0xa8 c:/program files (x86)/embitz/1.11/share/em_armgcc/bin/../lib/gcc/arm-none-eabi/5.4.1/armv6-m\libgcc.a(extendsfdf2.o)
                0x00007624                __aeabi_f2d
 .text          0x000076cc      0x118 c:/program files (x86)/embitz/1.11/share/em_armgcc/bin/../lib/gcc/arm-none-eabi/5.4.1/armv6-m\libgcc.a(truncdfsf2.o)
                0x000076cc                __aeabi_d2f
 .text          0x000077e4       0x3c c:/program files (x86)/embitz/1.11/share/em_armgcc/bin/../lib/gcc/arm-none-eabi/5.4.1/armv6-m\libgcc.a(_clzsi2.o)
                0x000077e4                __clzsi2
 *(.rodata .rodata.*)
 .rodata._ZL10sprite_pal
                0x00007820       0x20 .objs\main.o
 .rodata.str1.1
                0x00007840       0x31 .objs\pokittolib\mbed-pokitto\common\assert.o
 .rodata.str1.1
                0x00007871       0x67 .objs\pokittolib\mbed-pokitto\common\board.o
 .rodata.str1.1
                0x000078d8       0x67 .objs\pokittolib\mbed-pokitto\common\gpio.o
 .rodata._ZTVN4mbed11InterruptInE
                0x000078d8       0x10 .objs\pokittolib\mbed-pokitto\common\interruptin.o
                0x000078d8                vtable for mbed::InterruptIn
 .rodata.str1.1
                0x000078e8       0x60 .objs\pokittolib\mbed-pokitto\common\pinmap_common.o
 .rodata._ZTVN4mbed3SPIE
                0x00007948       0x14 .objs\pokittolib\mbed-pokitto\common\spi.o
                0x00007948                vtable for mbed::SPI
 .rodata._ZTVN4mbed6TickerE
                0x0000795c       0x14 .objs\pokittolib\mbed-pokitto\common\ticker.o
                0x0000795c                vtable for mbed::Ticker
 .rodata._ZTVN4mbed10TimerEventE
                0x00007970       0x14 .objs\pokittolib\mbed-pokitto\common\timerevent.o
                0x00007970                vtable for mbed::TimerEvent
 .rodata.us_interface
                0x00007984       0x14 .objs\pokittolib\mbed-pokitto\common\us_ticker_api.o
 .rodata.us_data
                0x00007998        0x8 .objs\pokittolib\mbed-pokitto\common\us_ticker_api.o
 .rodata.str1.1
                0x000079a0       0x4a .objs\pokittolib\mbed-pokitto\targets\hal\target_nxp\target_lpc11u6x\gpio_api.o
                                 0x75 (size before relaxing)
 *fill*         0x000079ea        0x2 ff
 .rodata.CSWTCH.17
                0x000079ec       0x20 .objs\pokittolib\mbed-pokitto\targets\hal\target_nxp\target_lpc11u6x\gpio_irq_api.o
 .rodata.str1.1
                0x00007a0c       0x48 .objs\pokittolib\mbed-pokitto\targets\hal\target_nxp\target_lpc11u6x\pinmap.o
                                 0x5b (size before relaxing)
 .rodata.PinMap_PWM
                0x00007a54       0x6c .objs\pokittolib\mbed-pokitto\targets\hal\target_nxp\target_lpc11u6x\pwmout_api.o
 .rodata.str1.1
                0x00007ac0       0x2b .objs\pokittolib\mbed-pokitto\targets\hal\target_nxp\target_lpc11u6x\pwmout_api.o
 *fill*         0x00007aeb        0x1 ff
 .rodata.SCTs   0x00007aec        0x8 .objs\pokittolib\mbed-pokitto\targets\hal\target_nxp\target_lpc11u6x\pwmout_api.o
 .rodata.PinMap_SPI_MISO
                0x00007af4       0x3c .objs\pokittolib\mbed-pokitto\targets\hal\target_nxp\target_lpc11u6x\spi_api.o
 .rodata.PinMap_SPI_SCLK
                0x00007b30       0x48 .objs\pokittolib\mbed-pokitto\targets\hal\target_nxp\target_lpc11u6x\spi_api.o
 .rodata.str1.1
                0x00007b78       0xc2 .objs\pokittolib\mbed-pokitto\targets\hal\target_nxp\target_lpc11u6x\spi_api.o
 *fill*         0x00007c3a        0x2 ff
 .rodata.PinMap_SPI_MOSI
                0x00007c3c       0x3c .objs\pokittolib\mbed-pokitto\targets\hal\target_nxp\target_lpc11u6x\spi_api.o
 .rodata.PinMap_SPI_SSEL
                0x00007c78       0x3c .objs\pokittolib\mbed-pokitto\targets\hal\target_nxp\target_lpc11u6x\spi_api.o
 .rodata.font5x7
                0x00007cb4      0x304 .objs\pokittolib\pokitto_core\fonts\font5x7.o
                0x00007cb4                font5x7
 .rodata.fontC64
                0x00007fb8      0x364 .objs\pokittolib\pokitto_core\fonts\fontc64.o
                0x00007fb8                fontC64
 .rodata.fntC64UIGfx
                0x0000831c      0x364 .objs\pokittolib\pokitto_core\fonts\fontc64uigfx.o
                0x0000831c                fntC64UIGfx
 .rodata.fontMini
                0x00008680      0x13a .objs\pokittolib\pokitto_core\fonts\mini4x6.o
                0x00008680                fontMini
 .rodata.paletteCGA
                0x000087ba       0x30 .objs\pokittolib\pokitto_core\palettes\palcga.o
                0x000087ba                paletteCGA
 .rodata.str1.1
                0x000087ea      0x1e5 .objs\pokittolib\pokitto_core\pokittocore.o
                                0x1f6 (size before relaxing)
 .rodata.Pokitto_logo
                0x000089cf      0x50a .objs\pokittolib\pokitto_core\pokittologos.o
                0x000089cf                Pokitto_logo
 .rodata.Pokitto_headphones
                0x00008ed9       0x22 .objs\pokittolib\pokitto_core\pokittologos.o
                0x00008ed9                Pokitto_headphones
 .rodata.Pokitto_speaker
                0x00008efb       0x22 .objs\pokittolib\pokitto_core\pokittologos.o
                0x00008efb                Pokitto_speaker
 .rodata.Pokitto_volumebar
                0x00008f1d        0x6 .objs\pokittolib\pokitto_core\pokittologos.o
                0x00008f1d                Pokitto_volumebar
 .rodata.str1.1
                0x00008f23       0x67 .objs\pokittolib\pokitto_hw\softwarei2c.o
 *fill*         0x00008f23        0x1 ff
 .rodata.npio2_hw
                0x00008f24       0x80 c:/program files (x86)/embitz/1.11/share/em_armgcc/bin/../lib/gcc/arm-none-eabi/5.4.1/../../../../arm-none-eabi/lib/armv6-m\libm.a(lib_a-e_rem_pio2.o)
 .rodata.two_over_pi
                0x00008fa4      0x108 c:/program files (x86)/embitz/1.11/share/em_armgcc/bin/../lib/gcc/arm-none-eabi/5.4.1/../../../../arm-none-eabi/lib/armv6-m\libm.a(lib_a-e_rem_pio2.o)
 .rodata.init_jk
                0x000090ac       0x10 c:/program files (x86)/embitz/1.11/share/em_armgcc/bin/../lib/gcc/arm-none-eabi/5.4.1/../../../../arm-none-eabi/lib/armv6-m\libm.a(lib_a-k_rem_pio2.o)
 *fill*         0x000090bc        0x4 ff
 .rodata.PIo2   0x000090c0       0x40 c:/program files (x86)/embitz/1.11/share/em_armgcc/bin/../lib/gcc/arm-none-eabi/5.4.1/../../../../arm-none-eabi/lib/armv6-m\libm.a(lib_a-k_rem_pio2.o)
 .rodata.__sf_fake_stdin
                0x00009100       0x20 c:/program files (x86)/embitz/1.11/share/em_armgcc/bin/../lib/gcc/arm-none-eabi/5.4.1/../../../../arm-none-eabi/lib/armv6-m\libc_n.a(lib_a-findfp.o)
                0x00009100                __sf_fake_stdin
 .rodata.__sf_fake_stdout
                0x00009120       0x20 c:/program files (x86)/embitz/1.11/share/em_armgcc/bin/../lib/gcc/arm-none-eabi/5.4.1/../../../../arm-none-eabi/lib/armv6-m\libc_n.a(lib_a-findfp.o)
                0x00009120                __sf_fake_stdout
 .rodata.__sf_fake_stderr
                0x00009140       0x20 c:/program files (x86)/embitz/1.11/share/em_armgcc/bin/../lib/gcc/arm-none-eabi/5.4.1/../../../../arm-none-eabi/lib/armv6-m\libc_n.a(lib_a-findfp.o)
                0x00009140                __sf_fake_stderr
 .rodata.str1.1
                0x00009160      0x1e5 c:/program files (x86)/embitz/1.11/share/em_armgcc/bin/../lib/gcc/arm-none-eabi/5.4.1/../../../../arm-none-eabi/lib/armv6-m\libc_n.a(lib_a-impure.o)
                                  0x2 (size before relaxing)
 .rodata._global_impure_ptr
                0x00009160        0x4 c:/program files (x86)/embitz/1.11/share/em_armgcc/bin/../lib/gcc/arm-none-eabi/5.4.1/../../../../arm-none-eabi/lib/armv6-m\libc_n.a(lib_a-impure.o)
                0x00009160                _global_impure_ptr
 .rodata        0x00009164       0x80 c:/program files (x86)/embitz/1.11/share/em_armgcc/bin/../lib/gcc/arm-none-eabi/5.4.1/armv6-m\libgcc.a(divsf3.o)
 .rodata        0x000091e4       0x40 c:/program files (x86)/embitz/1.11/share/em_armgcc/bin/../lib/gcc/arm-none-eabi/5.4.1/armv6-m\libgcc.a(mulsf3.o)
 .rodata        0x00009224       0x40 c:/program files (x86)/embitz/1.11/share/em_armgcc/bin/../lib/gcc/arm-none-eabi/5.4.1/armv6-m\libgcc.a(muldf3.o)
                0x00009348                . = ALIGN (0x4)
                0x00009348                . = ALIGN (0x4)
 *(.init)
 .init          0x00009264        0x4 c:/program files (x86)/embitz/1.11/share/em_armgcc/bin/../lib/gcc/arm-none-eabi/5.4.1/armv6-m/crti.o
                0x00009264                _init
 .init          0x00009268        0x8 c:/program files (x86)/embitz/1.11/share/em_armgcc/bin/../lib/gcc/arm-none-eabi/5.4.1/armv6-m/crtn.o
                0x00009348                . = ALIGN (0x4)
                0x00009348                __preinit_array_start = .
 *(.preinit_array)
                0x00009348                __preinit_array_end = .
                0x00009348                . = ALIGN (0x4)
                0x00009348                __init_array_start = .
 *(SORT(.init_array.*))
 *(.init_array)
 .init_array    0x00009270        0x4 c:/program files (x86)/embitz/1.11/share/em_armgcc/bin/../lib/gcc/arm-none-eabi/5.4.1/armv6-m/crtbegin.o
 .init_array    0x00009274        0x4 .objs\main.o
 .init_array    0x00009278        0x4 .objs\pokittolib\pokitto_core\pokittoconsole.o
 .init_array    0x0000927c        0x4 .objs\pokittolib\pokitto_core\pokittocore.o
 .init_array    0x00009280        0x4 .objs\pokittolib\pokitto_core\pokittodisk.o
 .init_array    0x00009284        0x4 .objs\pokittolib\pokitto_core\pokittodisplay.o
 .init_array    0x00009288        0x4 .objs\pokittolib\pokitto_core\pokittosound.o
 .init_array    0x0000928c        0x4 .objs\pokittolib\pokitto_hw\hwbuttons.o
 .init_array    0x00009290        0x4 .objs\pokittolib\pokitto_hw\hwsound.o
 .init_array    0x00009294        0x4 .objs\pokittolib\pokitto_libs\synth\synth.o
 .init_array    0x00009298        0x4 .objs\pokittolib\pokitto_xternals\arduino\delay.o
                0x00009348                __init_array_end = .
 *(.fini)
 .fini          0x0000929c        0x4 c:/program files (x86)/embitz/1.11/share/em_armgcc/bin/../lib/gcc/arm-none-eabi/5.4.1/armv6-m/crti.o
                0x0000929c                _fini
 .fini          0x000092a0        0x8 c:/program files (x86)/embitz/1.11/share/em_armgcc/bin/../lib/gcc/arm-none-eabi/5.4.1/armv6-m/crtn.o
                0x00009348                . = ALIGN (0x4)
 *crtbegin.o(.ctors)
 *(EXCLUDE_FILE(*crtend.o) .ctors)
 *(SORT(.ctors.*))
 *crtend.o(.ctors)
                0x00009348                . = ALIGN (0x4)
 *crtbegin.o(.dtors)
 *(EXCLUDE_FILE(*crtend.o) .dtors)
 *(SORT(.dtors.*))
 *crtend.o(.dtors)

.glue_7         0x000092a8        0x0
 .glue_7        0x000092a8        0x0 linker stubs

.glue_7t        0x000092a8        0x0
 .glue_7t       0x000092a8        0x0 linker stubs

.vfp11_veneer   0x000092a8        0x0
 .vfp11_veneer  0x000092a8        0x0 linker stubs

.v4_bx          0x000092a8        0x0
 .v4_bx         0x000092a8        0x0 linker stubs

.iplt           0x000092a8        0x0
 .iplt          0x000092a8        0x0 c:/program files (x86)/embitz/1.11/share/em_armgcc/bin/../lib/gcc/arm-none-eabi/5.4.1/armv6-m/crtbegin.o

.eh_frame       0x000092a8        0x0
 .eh_frame      0x000092a8        0x0 c:/program files (x86)/embitz/1.11/share/em_armgcc/bin/../lib/gcc/arm-none-eabi/5.4.1/armv6-m/crtbegin.o

.rel.dyn        0x000092a8        0x0
 .rel.iplt      0x000092a8        0x0 c:/program files (x86)/embitz/1.11/share/em_armgcc/bin/../lib/gcc/arm-none-eabi/5.4.1/armv6-m/crtbegin.o

.ARM.extab
 *(.ARM.extab* .gnu.linkonce.armextab.*)
                0x000092a8                __exidx_start = .

.ARM.exidx
 *(.ARM.exidx* .gnu.linkonce.armexidx.*)
                0x000092a8                __exidx_end = .
                0x000092a8                _etext = .

.mtb_buffer_RAM2
 *(.mtb.$RAM2*)
 *(.mtb.$RAM1_2*)

.data_RAM2      0x20000000        0x0 load address 0x000092a8
 FILL mask 0xff
 *(.ramfunc.$RAM2)
 *(.ramfunc.$Ram1_2)
 *(.data.$RAM2*)
 *(.data.$Ram1_2*)
                0x20000000                . = ALIGN (0x4)

.mtb_buffer_RAM3
 *(.mtb.$RAM3*)
 *(.mtb.$RAM2USB_2*)

.data_RAM3      0x20004000        0x0 load address 0x000092a8
 FILL mask 0xff
 *(.ramfunc.$RAM3)
 *(.ramfunc.$Ram2USB_2)
 *(.data.$RAM3*)
 *(.data.$Ram2USB_2*)
                0x20004000                . = ALIGN (0x4)

.mtb_buffer_default
 *(.mtb*)

.uninit_RESERVED
                0x10000100        0x0
 *(.bss.$RESERVED*)
                0x10000100                . = ALIGN (0x4)
                0x10000100                _end_uninit_RESERVED = .

.data           0x10000100     0x2700 load address 0x000092a8
 FILL mask 0xff
                0x10000100                _data = .
 *(vtable)
 *(.ramfunc*)
 *(.data*)
 .data          0x10000100        0x4 c:/program files (x86)/embitz/1.11/share/em_armgcc/bin/../lib/gcc/arm-none-eabi/5.4.1/armv6-m/crtbegin.o
                0x10000100                __dso_handle
 .data.rawData  0x10000104     0x2680 .objs\main.o
                0x10000104                rawData
 .data.SystemCoreClock
                0x10002784        0x4 .objs\pokittolib\mbed-pokitto\targets\cmsis\target_nxp\target_lpc11u6x\system_lpc11u6x.o
                0x10002784                SystemCoreClock
 .data._ZN7Pokitto7Display11directcolorE
                0x10002788        0x2 .objs\pokittolib\pokitto_core\pokittodisplay.o
                0x10002788                Pokitto::Display::directcolor
 .data._ZN7Pokitto7Display14adjustLineStepE
                0x1000278a        0x1 .objs\pokittolib\pokitto_core\pokittodisplay.o
                0x1000278a                Pokitto::Display::adjustLineStep
 .data._ZN7Pokitto7Display3bppE
                0x1000278b        0x1 .objs\pokittolib\pokitto_core\pokittodisplay.o
                0x1000278b                Pokitto::Display::bpp
 .data._ZN7Pokitto7Display8textWrapE
                0x1000278c        0x1 .objs\pokittolib\pokitto_core\pokittodisplay.o
                0x1000278c                Pokitto::Display::textWrap
 *fill*         0x1000278d        0x1 ff
 .data._ZN7Pokitto7Display5colorE
                0x1000278e        0x2 .objs\pokittolib\pokitto_core\pokittodisplay.o
                0x1000278e                Pokitto::Display::color
 .data._ZN7Pokitto7Display8fontSizeE
                0x10002790        0x1 .objs\pokittolib\pokitto_core\pokittodisplay.o
                0x10002790                Pokitto::Display::fontSize
 .data._ZN7Pokitto7Display14adjustCharStepE
                0x10002791        0x1 .objs\pokittolib\pokitto_core\pokittodisplay.o
                0x10002791                Pokitto::Display::adjustCharStep
 .data._ZN7Pokitto7Display5widthE
                0x10002792        0x1 .objs\pokittolib\pokitto_core\pokittodisplay.o
                0x10002792                Pokitto::Display::width
 *fill*         0x10002793        0x1 ff
 .data._ZN7Pokitto7Display14invisiblecolorE
                0x10002794        0x2 .objs\pokittolib\pokitto_core\pokittodisplay.o
                0x10002794                Pokitto::Display::invisiblecolor
 .data._ZN7Pokitto7Display6heightE
                0x10002796        0x1 .objs\pokittolib\pokitto_core\pokittodisplay.o
                0x10002796                Pokitto::Display::height
 *fill*         0x10002797        0x1 ff
 .data._ZN7Pokitto5Sound9volumeMaxE
                0x10002798        0x2 .objs\pokittolib\pokitto_core\pokittosound.o
                0x10002798                Pokitto::Sound::volumeMax
 .data.streamvol
                0x1000279a        0x1 .objs\pokittolib\pokitto_hw\hwsound.o
                0x1000279a                streamvol
 .data.tempo    0x1000279b        0x1 .objs\pokittolib\pokitto_libs\synth\synth.o
                0x1000279b                tempo
 .data.impure_data
                0x1000279c       0x60 c:/program files (x86)/embitz/1.11/share/em_armgcc/bin/../lib/gcc/arm-none-eabi/5.4.1/../../../../arm-none-eabi/lib/armv6-m\libc_n.a(lib_a-impure.o)
 .data._impure_ptr
                0x100027fc        0x4 c:/program files (x86)/embitz/1.11/share/em_armgcc/bin/../lib/gcc/arm-none-eabi/5.4.1/../../../../arm-none-eabi/lib/armv6-m\libc_n.a(lib_a-impure.o)
                0x100027fc                _impure_ptr
                0x10002800                . = ALIGN (0x4)
                0x10002800                _edata = .

.jcr            0x10002800        0x0 load address 0x0000b9a8
 .jcr           0x10002800        0x0 c:/program files (x86)/embitz/1.11/share/em_armgcc/bin/../lib/gcc/arm-none-eabi/5.4.1/armv6-m/crtbegin.o

.igot.plt       0x10002800        0x0 load address 0x0000b9a8
 .igot.plt      0x10002800        0x0 c:/program files (x86)/embitz/1.11/share/em_armgcc/bin/../lib/gcc/arm-none-eabi/5.4.1/armv6-m/crtbegin.o

.bss_RAM2       0x20000000        0x0
 *(.bss.$RAM2*)
 *(.bss.$Ram1_2*)
                0x20000000                . = ALIGN (0x4)

.bss_RAM3       0x20004000        0x0
 *(.bss.$RAM3*)
 *(.bss.$Ram2USB_2*)
                0x20004000                . = ALIGN (0x4)

.bss            0x10002800     0x388c
                0x10002800                _bss = .
 *(.bss*)
 .bss           0x10002800       0x1c c:/program files (x86)/embitz/1.11/share/em_armgcc/bin/../lib/gcc/arm-none-eabi/5.4.1/armv6-m/crtbegin.o
 .bss.game      0x1000281c        0x1 .objs\main.o
                0x1000281c                game
 *fill*         0x1000281d        0x3 
 .bss._ZN4mbed3SPI6_ownerE
                0x10002820        0x4 .objs\pokittolib\mbed-pokitto\common\spi.o
                0x10002820                mbed::SPI::_owner
 .bss.events    0x10002824        0x8 .objs\pokittolib\mbed-pokitto\common\us_ticker_api.o
 .bss.gpio_enabled
                0x1000282c        0x4 .objs\pokittolib\mbed-pokitto\targets\hal\target_nxp\target_lpc11u6x\gpio_api.o
 .bss.irq_handler
                0x10002830        0x4 .objs\pokittolib\mbed-pokitto\targets\hal\target_nxp\target_lpc11u6x\gpio_irq_api.o
 .bss.channel_ids
                0x10002834       0x20 .objs\pokittolib\mbed-pokitto\targets\hal\target_nxp\target_lpc11u6x\gpio_irq_api.o
 .bss.sct_used  0x10002854        0x1 .objs\pokittolib\mbed-pokitto\targets\hal\target_nxp\target_lpc11u6x\pwmout_api.o
 *fill*         0x10002855        0x3 
 .bss.us_ticker_inited
                0x10002858        0x4 .objs\pokittolib\mbed-pokitto\targets\hal\target_nxp\target_lpc11u6x\us_ticker.o
                0x10002858                us_ticker_inited
 .bss._ZN7Pokitto7Battery5levelE
                0x1000285c        0x1 .objs\pokittolib\pokitto_core\pokittobattery.o
                0x1000285c                Pokitto::Battery::level
 .bss._ZN7Pokitto7Buttons13buttons_stateE
                0x1000285d        0x1 .objs\pokittolib\pokitto_core\pokittobuttons.o
                0x1000285d                Pokitto::Buttons::buttons_state
 .bss._ZN7Pokitto7Buttons6statesE
                0x1000285e        0x7 .objs\pokittolib\pokitto_core\pokittobuttons.o
                0x1000285e                Pokitto::Buttons::states
 .bss._ZN7Pokitto7Buttons16buttons_releasedE
                0x10002865        0x1 .objs\pokittolib\pokitto_core\pokittobuttons.o
                0x10002865                Pokitto::Buttons::buttons_released
 .bss._ZN7Pokitto7Buttons12buttons_heldE
                0x10002866        0x1 .objs\pokittolib\pokitto_core\pokittobuttons.o
                0x10002866                Pokitto::Buttons::buttons_held
 .bss._ZN7Pokitto7Console8conslastE
                0x10002867        0x1 .objs\pokittolib\pokitto_core\pokittoconsole.o
                0x10002867                Pokitto::Console::conslast
 .bss.pConsole  0x10002868        0x1 .objs\pokittolib\pokitto_core\pokittoconsole.o
                0x10002868                pConsole
 *fill*         0x10002869        0x1 
 .bss._ZN7Pokitto7Console5colorE
                0x1000286a        0x2 .objs\pokittolib\pokitto_core\pokittoconsole.o
                0x1000286a                Pokitto::Console::color
 .bss._ZN7Pokitto7Console4modeE
                0x1000286c        0x1 .objs\pokittolib\pokitto_core\pokittoconsole.o
                0x1000286c                Pokitto::Console::mode
 .bss._ZN7Pokitto7Console11conspointerE
                0x1000286d        0x1 .objs\pokittolib\pokitto_core\pokittoconsole.o
                0x1000286d                Pokitto::Console::conspointer
 .bss._ZN7Pokitto7Console11conscounterE
                0x1000286e        0x2 .objs\pokittolib\pokitto_core\pokittoconsole.o
                0x1000286e                Pokitto::Console::conscounter
 .bss._ZN7Pokitto7Console4fontE
                0x10002870        0x4 .objs\pokittolib\pokitto_core\pokittoconsole.o
                0x10002870                Pokitto::Console::font
 .bss._ZN7Pokitto7Console9consfirstE
                0x10002874        0x1 .objs\pokittolib\pokitto_core\pokittoconsole.o
                0x10002874                Pokitto::Console::consfirst
 .bss._ZN7Pokitto4Core14startMenuTimerE
                0x10002875        0x1 .objs\pokittolib\pokitto_core\pokittocore.o
                0x10002875                Pokitto::Core::startMenuTimer
 .bss._ZN7Pokitto4Core9run_stateE
                0x10002876        0x1 .objs\pokittolib\pokitto_core\pokittocore.o
                0x10002876                Pokitto::Core::run_state
 .bss._ZN7Pokitto4Core12timePerFrameE
                0x10002877        0x1 .objs\pokittolib\pokitto_core\pokittocore.o
                0x10002877                Pokitto::Core::timePerFrame
 .bss._ZN7Pokitto4Core14volbar_visibleE
                0x10002878        0x1 .objs\pokittolib\pokitto_core\pokittocore.o
                0x10002878                Pokitto::Core::volbar_visible
 .bss._ZN7Pokitto4Core7displayE
                0x10002879        0x1 .objs\pokittolib\pokitto_core\pokittocore.o
                0x10002879                Pokitto::Core::display
 *fill*         0x1000287a        0x2 
 .bss._ZN7Pokitto4Core14frameEndMicrosE
                0x1000287c        0x4 .objs\pokittolib\pokitto_core\pokittocore.o
                0x1000287c                Pokitto::Core::frameEndMicros
 .bss.device    0x10002880       0x18 .objs\pokittolib\pokitto_core\pokittodisk.o
                0x10002880                device
 .bss._ZN7Pokitto7Display8m_scrbufE
                0x10002898        0x4 .objs\pokittolib\pokitto_core\pokittodisplay.o
                0x10002898                Pokitto::Display::m_scrbuf
 .bss._ZN7Pokitto7Display12m_colordepthE
                0x1000289c        0x1 .objs\pokittolib\pokitto_core\pokittodisplay.o
                0x1000289c                Pokitto::Display::m_colordepth
 *fill*         0x1000289d        0x1 
 .bss._ZN7Pokitto7Display3m_wE
                0x1000289e        0x2 .objs\pokittolib\pokitto_core\pokittodisplay.o
                0x1000289e                Pokitto::Display::m_w
 .bss._ZN7Pokitto7Display7paletteE
                0x100028a0       0x20 .objs\pokittolib\pokitto_core\pokittodisplay.o
                0x100028a0                Pokitto::Display::palette
 .bss._ZN7Pokitto7Display11persistenceE
                0x100028c0        0x1 .objs\pokittolib\pokitto_core\pokittodisplay.o
                0x100028c0                Pokitto::Display::persistence
 *fill*         0x100028c1        0x3 
 .bss._ZN7Pokitto7Display10paletteptrE
                0x100028c4        0x4 .objs\pokittolib\pokitto_core\pokittodisplay.o
                0x100028c4                Pokitto::Display::paletteptr
 .bss._ZN7Pokitto7Display10fontHeightE
                0x100028c8        0x1 .objs\pokittolib\pokitto_core\pokittodisplay.o
                0x100028c8                Pokitto::Display::fontHeight
 .bss._ZN7Pokitto7Display9fontWidthE
                0x100028c9        0x1 .objs\pokittolib\pokitto_core\pokittodisplay.o
                0x100028c9                Pokitto::Display::fontWidth
 .bss._ZN7Pokitto7Display7bgcolorE
                0x100028ca        0x2 .objs\pokittolib\pokitto_core\pokittodisplay.o
                0x100028ca                Pokitto::Display::bgcolor
 .bss._ZN7Pokitto7Display4fontE
                0x100028cc        0x4 .objs\pokittolib\pokitto_core\pokittodisplay.o
                0x100028cc                Pokitto::Display::font
 .bss._ZN7Pokitto7Display7cursorXE
                0x100028d0        0x2 .objs\pokittolib\pokitto_core\pokittodisplay.o
                0x100028d0                Pokitto::Display::cursorX
 .bss._ZN7Pokitto7Display3m_hE
                0x100028d2        0x2 .objs\pokittolib\pokitto_core\pokittodisplay.o
                0x100028d2                Pokitto::Display::m_h
 .bss.core      0x100028d4        0x1 .objs\pokittolib\pokitto_core\pokittodisplay.o
                0x100028d4                core
 .bss._ZN7Pokitto7Display6m_modeE
                0x100028d5        0x1 .objs\pokittolib\pokitto_core\pokittodisplay.o
                0x100028d5                Pokitto::Display::m_mode
 .bss._ZN7Pokitto7Display7cursorYE
                0x100028d6        0x2 .objs\pokittolib\pokitto_core\pokittodisplay.o
                0x100028d6                Pokitto::Display::cursorY
 .bss._ZN7Pokitto7Display13directbgcolorE
                0x100028d8        0x2 .objs\pokittolib\pokitto_core\pokittodisplay.o
                0x100028d8                Pokitto::Display::directbgcolor
 .bss._ZN7Pokitto7Display12screenbufferE
                0x100028da     0x131f .objs\pokittolib\pokitto_core\pokittodisplay.o
                0x100028da                Pokitto::Display::screenbuffer
 .bss._ZN7Pokitto5Sound9prescalerE
                0x10003bf9        0x1 .objs\pokittolib\pokitto_core\pokittosound.o
                0x10003bf9                Pokitto::Sound::prescaler
 .bss.c         0x10003bfa        0x1 .objs\pokittolib\pokitto_core\pokittosound.o
                0x10003bfa                c
 *fill*         0x10003bfb        0x1 
 .bss._ZN7Pokitto5Sound12globalVolumeE
                0x10003bfc        0x2 .objs\pokittolib\pokitto_core\pokittosound.o
                0x10003bfc                Pokitto::Sound::globalVolume
 *fill*         0x10003bfe        0x2 
 .bss.CBtn      0x10003c00       0x50 .objs\pokittolib\pokitto_hw\hwbuttons.o
                0x10003c00                CBtn
 .bss.DBtn      0x10003c50       0x50 .objs\pokittolib\pokitto_hw\hwbuttons.o
                0x10003c50                DBtn
 .bss._bd       0x10003ca0        0x1 .objs\pokittolib\pokitto_hw\hwbuttons.o
                0x10003ca0                _bd
 *fill*         0x10003ca1        0x3 
 .bss.LBtn      0x10003ca4       0x50 .objs\pokittolib\pokitto_hw\hwbuttons.o
                0x10003ca4                LBtn
 .bss.RBtn      0x10003cf4       0x50 .objs\pokittolib\pokitto_hw\hwbuttons.o
                0x10003cf4                RBtn
 .bss.UBtn      0x10003d44       0x50 .objs\pokittolib\pokitto_hw\hwbuttons.o
                0x10003d44                UBtn
 .bss._ZN7Pokitto10heldStatesE
                0x10003d94        0x7 .objs\pokittolib\pokitto_hw\hwbuttons.o
                0x10003d94                Pokitto::heldStates
 *fill*         0x10003d9b        0x1 
 .bss.ABtn      0x10003d9c       0x50 .objs\pokittolib\pokitto_hw\hwbuttons.o
                0x10003d9c                ABtn
 .bss.BBtn      0x10003dec       0x50 .objs\pokittolib\pokitto_hw\hwbuttons.o
                0x10003dec                BBtn
 .bss.prevdata  0x10003e3c        0x2 .objs\pokittolib\pokitto_hw\hwlcd.o
                0x10003e3c                prevdata
 *fill*         0x10003e3e        0x2 
 .bss.backlightpwm
                0x10003e40        0x8 .objs\pokittolib\pokitto_hw\hwlcd.o
                0x10003e40                backlightpwm
 .bss.dac3      0x10003e48       0x18 .objs\pokittolib\pokitto_hw\hwsound.o
                0x10003e48                dac3
 .bss.currentPtr
                0x10003e60        0x4 .objs\pokittolib\pokitto_hw\hwsound.o
                0x10003e60                currentPtr
 .bss.soundbuf  0x10003e64      0x100 .objs\pokittolib\pokitto_hw\hwsound.o
                0x10003e64                soundbuf
 .bss.dac0      0x10003f64       0x18 .objs\pokittolib\pokitto_hw\hwsound.o
                0x10003f64                dac0
 .bss.endPtr    0x10003f7c        0x4 .objs\pokittolib\pokitto_hw\hwsound.o
                0x10003f7c                endPtr
 .bss.dac2      0x10003f80       0x18 .objs\pokittolib\pokitto_hw\hwsound.o
                0x10003f80                dac2
 .bss.currentBuffer
                0x10003f98        0x4 .objs\pokittolib\pokitto_hw\hwsound.o
                0x10003f98                currentBuffer
 .bss.dac4      0x10003f9c       0x18 .objs\pokittolib\pokitto_hw\hwsound.o
                0x10003f9c                dac4
 .bss.dac5      0x10003fb4       0x18 .objs\pokittolib\pokitto_hw\hwsound.o
                0x10003fb4                dac5
 .bss.dac6      0x10003fcc       0x18 .objs\pokittolib\pokitto_hw\hwsound.o
                0x10003fcc                dac6
 .bss.dac7      0x10003fe4       0x18 .objs\pokittolib\pokitto_hw\hwsound.o
                0x10003fe4                dac7
 .bss._ZN7Pokitto8audiopwmE
                0x10003ffc        0x8 .objs\pokittolib\pokitto_hw\hwsound.o
                0x10003ffc                Pokitto::audiopwm
 .bss._ZN7Pokitto8streamonE
                0x10004004        0x1 .objs\pokittolib\pokitto_hw\hwsound.o
                0x10004004                Pokitto::streamon
 *fill*         0x10004005        0x3 
 .bss.amp       0x10004008       0x18 .objs\pokittolib\pokitto_hw\hwsound.o
                0x10004008                amp
 .bss._ZN7Pokitto5audioE
                0x10004020       0x30 .objs\pokittolib\pokitto_hw\hwsound.o
                0x10004020                Pokitto::audio
 .bss._ZN7Pokitto10streambyteE
                0x10004050        0x1 .objs\pokittolib\pokitto_hw\hwsound.o
                0x10004050                Pokitto::streambyte
 .bss.buffers   0x10004051     0x2000 .objs\pokittolib\pokitto_hw\hwsound.o
                0x10004051                buffers
 .bss._ZN7Pokitto8HWvolumeE
                0x10006051        0x1 .objs\pokittolib\pokitto_hw\hwsound.o
                0x10006051                Pokitto::HWvolume
 .bss.streamstep
                0x10006052        0x1 .objs\pokittolib\pokitto_hw\hwsound.o
                0x10006052                streamstep
 *fill*         0x10006053        0x1 
 .bss.soundbyte
                0x10006054        0x2 .objs\pokittolib\pokitto_hw\hwsound.o
                0x10006054                soundbyte
 .bss.volpotError
                0x10006056        0x1 .objs\pokittolib\pokitto_hw\hwsound.o
                0x10006056                volpotError
 *fill*         0x10006057        0x1 
 .bss.dac1      0x10006058       0x18 .objs\pokittolib\pokitto_hw\hwsound.o
                0x10006058                dac1
 .bss.soundbufindex
                0x10006070        0x1 .objs\pokittolib\pokitto_hw\hwsound.o
                0x10006070                soundbufindex
 *fill*         0x10006071        0x3 
 .bss.pt_count  0x10006074        0x4 .objs\pokittolib\pokitto_hw\pokittoclock.o
                0x10006074                pt_count
 .bss._ZN7Pokitto4Core11refreshtimeE
                0x10006078        0x4 .objs\pokittolib\pokitto_hw\pokittoclock.o
                0x10006078                Pokitto::Core::refreshtime
 .bss.samplespertick
                0x1000607c        0x2 .objs\pokittolib\pokitto_libs\synth\synth.o
                0x1000607c                samplespertick
 *fill*         0x1000607e        0x2 
 .bss.per       0x10006080        0x4 .objs\pokittolib\pokitto_libs\synth\synth.o
                0x10006080                per
 .bss._dc       0x10006084        0x1 .objs\pokittolib\pokitto_xternals\arduino\delay.o
                0x10006084                _dc
 *fill*         0x10006085        0x3 
 .bss.__malloc_free_list
                0x10006088        0x4 c:/program files (x86)/embitz/1.11/share/em_armgcc/bin/../lib/gcc/arm-none-eabi/5.4.1/../../../../arm-none-eabi/lib/armv6-m\libc_n.a(lib_a-nano-mallocr.o)
                0x10006088                __malloc_free_list
 *(COMMON)
                0x1000608c                . = ALIGN (0x4)
                0x1000608c                _ebss = .
                [!provide]                PROVIDE (end, .)
                0x1000608c                __end__ = .

.noinit_RAM2    0x20000000        0x0
 *(.noinit.$RAM2*)
 *(.noinit.$Ram1_2*)
                0x20000000                . = ALIGN (0x4)

.noinit_RAM3    0x20004000        0x0
 *(.noinit.$RAM3*)
 *(.noinit.$Ram2USB_2*)
                0x20004000                . = ALIGN (0x4)

.noinit         0x1000608c        0x0
                0x1000608c                _noinit = .
 *(.noinit*)
                0x1000608c                . = ALIGN (0x4)
                0x1000608c                _end_noinit = .
                [!provide]                PROVIDE (_pvHeapStart, .)
                0x10008000                PROVIDE (_vStackTop, (__top_Ram0_32 - 0x0))
LOAD .objs\main.o
LOAD .objs\pokittolib\libpff\mmc.o
LOAD .objs\pokittolib\libpff\pff.o
LOAD .objs\pokittolib\mbed-pokitto\common\assert.o
LOAD .objs\pokittolib\mbed-pokitto\common\board.o
LOAD .objs\pokittolib\mbed-pokitto\common\busin.o
LOAD .objs\pokittolib\mbed-pokitto\common\businout.o
LOAD .objs\pokittolib\mbed-pokitto\common\busout.o
LOAD .objs\pokittolib\mbed-pokitto\common\callchain.o
LOAD .objs\pokittolib\mbed-pokitto\common\can.o
LOAD .objs\pokittolib\mbed-pokitto\common\error.o
LOAD .objs\pokittolib\mbed-pokitto\common\ethernet.o
LOAD .objs\pokittolib\mbed-pokitto\common\filebase.o
LOAD .objs\pokittolib\mbed-pokitto\common\filelike.o
LOAD .objs\pokittolib\mbed-pokitto\common\filepath.o
LOAD .objs\pokittolib\mbed-pokitto\common\filesystemlike.o
LOAD .objs\pokittolib\mbed-pokitto\common\gpio.o
LOAD .objs\pokittolib\mbed-pokitto\common\i2c.o
LOAD .objs\pokittolib\mbed-pokitto\common\i2cslave.o
LOAD .objs\pokittolib\mbed-pokitto\common\interruptin.o
LOAD .objs\pokittolib\mbed-pokitto\common\interruptmanager.o
LOAD .objs\pokittolib\mbed-pokitto\common\localfilesystem.o
LOAD .objs\pokittolib\mbed-pokitto\common\lp_ticker_api.o
LOAD .objs\pokittolib\mbed-pokitto\common\mbed_interface.o
LOAD .objs\pokittolib\mbed-pokitto\common\pinmap_common.o
LOAD .objs\pokittolib\mbed-pokitto\common\rawserial.o
LOAD .objs\pokittolib\mbed-pokitto\common\retarget.o
LOAD .objs\pokittolib\mbed-pokitto\common\rtc_time.o
LOAD .objs\pokittolib\mbed-pokitto\common\semihost_api.o
LOAD .objs\pokittolib\mbed-pokitto\common\serial.o
LOAD .objs\pokittolib\mbed-pokitto\common\serialbase.o
LOAD .objs\pokittolib\mbed-pokitto\common\spi.o
LOAD .objs\pokittolib\mbed-pokitto\common\spislave.o
LOAD .objs\pokittolib\mbed-pokitto\common\stream.o
LOAD .objs\pokittolib\mbed-pokitto\common\ticker.o
LOAD .objs\pokittolib\mbed-pokitto\common\ticker_api.o
LOAD .objs\pokittolib\mbed-pokitto\common\timeout.o
LOAD .objs\pokittolib\mbed-pokitto\common\timer.o
LOAD .objs\pokittolib\mbed-pokitto\common\timerevent.o
LOAD .objs\pokittolib\mbed-pokitto\common\us_ticker_api.o
LOAD .objs\pokittolib\mbed-pokitto\common\wait_api.o
LOAD .objs\pokittolib\mbed-pokitto\targets\cmsis\target_nxp\target_lpc11u6x\cmsis_nvic.o
LOAD .objs\pokittolib\mbed-pokitto\targets\cmsis\target_nxp\target_lpc11u6x\system_lpc11u6x.o
LOAD .objs\pokittolib\mbed-pokitto\targets\cmsis\target_nxp\target_lpc11u6x\toolchain_gcc_arm\target_lpc11u68\startup_lpc11u68.o
LOAD .objs\pokittolib\mbed-pokitto\targets\hal\target_nxp\target_lpc11u6x\analogin_api.o
LOAD .objs\pokittolib\mbed-pokitto\targets\hal\target_nxp\target_lpc11u6x\gpio_api.o
LOAD .objs\pokittolib\mbed-pokitto\targets\hal\target_nxp\target_lpc11u6x\gpio_irq_api.o
LOAD .objs\pokittolib\mbed-pokitto\targets\hal\target_nxp\target_lpc11u6x\i2c_api.o
LOAD .objs\pokittolib\mbed-pokitto\targets\hal\target_nxp\target_lpc11u6x\pinmap.o
LOAD .objs\pokittolib\mbed-pokitto\targets\hal\target_nxp\target_lpc11u6x\pwmout_api.o
LOAD .objs\pokittolib\mbed-pokitto\targets\hal\target_nxp\target_lpc11u6x\rtc_api.o
LOAD .objs\pokittolib\mbed-pokitto\targets\hal\target_nxp\target_lpc11u6x\serial_api.o
LOAD .objs\pokittolib\mbed-pokitto\targets\hal\target_nxp\target_lpc11u6x\sleep.o
LOAD .objs\pokittolib\mbed-pokitto\targets\hal\target_nxp\target_lpc11u6x\spi_api.o
LOAD .objs\pokittolib\mbed-pokitto\targets\hal\target_nxp\target_lpc11u6x\us_ticker.o
LOAD .objs\pokittolib\pokitto_core\fonts\adventurer12x16.o
LOAD .objs\pokittolib\pokitto_core\fonts\donut7x10.o
LOAD .objs\pokittolib\pokitto_core\fonts\dragon6x8.o
LOAD .objs\pokittolib\pokitto_core\fonts\font3x3.o
LOAD .objs\pokittolib\pokitto_core\fonts\font3x5.o
LOAD .objs\pokittolib\pokitto_core\fonts\font5x7.o
LOAD .objs\pokittolib\pokitto_core\fonts\fontc64.o
LOAD .objs\pokittolib\pokitto_core\fonts\fontc64uigfx.o
LOAD .objs\pokittolib\pokitto_core\fonts\karateka8x11.o
LOAD .objs\pokittolib\pokitto_core\fonts\koubit7x7.o
LOAD .objs\pokittolib\pokitto_core\fonts\mini4x6.o
LOAD .objs\pokittolib\pokitto_core\fonts\runes6x8.o
LOAD .objs\pokittolib\pokitto_core\fonts\tic806x6.o
LOAD .objs\pokittolib\pokitto_core\fonts\tight4x7.o
LOAD .objs\pokittolib\pokitto_core\fonts\tiny5x7.o
LOAD .objs\pokittolib\pokitto_core\fonts\zxspec.o
LOAD .objs\pokittolib\pokitto_core\palettes\palaction.o
LOAD .objs\pokittolib\pokitto_core\palettes\palcga.o
LOAD .objs\pokittolib\pokitto_core\palettes\paldb16.o
LOAD .objs\pokittolib\pokitto_core\palettes\paldefault.o
LOAD .objs\pokittolib\pokitto_core\palettes\palgameboy.o