Archive member included to satisfy reference by file (symbol)

c:/program files (x86)/embitz/1.11/share/em_armgcc/bin/../lib/gcc/arm-none-eabi/5.4.1/../../../../arm-none-eabi/lib/armv6-m\libm.a(lib_a-s_cos.o)
                              .objs\main.o (cos)
c:/program files (x86)/embitz/1.11/share/em_armgcc/bin/../lib/gcc/arm-none-eabi/5.4.1/../../../../arm-none-eabi/lib/armv6-m\libm.a(lib_a-s_floor.o)
                              .objs\pokittolib\mbed-pokitto\targets\hal\target_nxp\target_lpc11u6x\spi_api.o (floor)
c:/program files (x86)/embitz/1.11/share/em_armgcc/bin/../lib/gcc/arm-none-eabi/5.4.1/../../../../arm-none-eabi/lib/armv6-m\libm.a(lib_a-s_sin.o)
                              .objs\main.o (sin)
c:/program files (x86)/embitz/1.11/share/em_armgcc/bin/../lib/gcc/arm-none-eabi/5.4.1/../../../../arm-none-eabi/lib/armv6-m\libm.a(lib_a-e_rem_pio2.o)
                              c:/program files (x86)/embitz/1.11/share/em_armgcc/bin/../lib/gcc/arm-none-eabi/5.4.1/../../../../arm-none-eabi/lib/armv6-m\libm.a(lib_a-s_cos.o) (__ieee754_rem_pio2)
c:/program files (x86)/embitz/1.11/share/em_armgcc/bin/../lib/gcc/arm-none-eabi/5.4.1/../../../../arm-none-eabi/lib/armv6-m\libm.a(lib_a-k_cos.o)
                              c:/program files (x86)/embitz/1.11/share/em_armgcc/bin/../lib/gcc/arm-none-eabi/5.4.1/../../../../arm-none-eabi/lib/armv6-m\libm.a(lib_a-s_cos.o) (__kernel_cos)
c:/program files (x86)/embitz/1.11/share/em_armgcc/bin/../lib/gcc/arm-none-eabi/5.4.1/../../../../arm-none-eabi/lib/armv6-m\libm.a(lib_a-k_rem_pio2.o)
                              c:/program files (x86)/embitz/1.11/share/em_armgcc/bin/../lib/gcc/arm-none-eabi/5.4.1/../../../../arm-none-eabi/lib/armv6-m\libm.a(lib_a-e_rem_pio2.o) (__kernel_rem_pio2)
c:/program files (x86)/embitz/1.11/share/em_armgcc/bin/../lib/gcc/arm-none-eabi/5.4.1/../../../../arm-none-eabi/lib/armv6-m\libm.a(lib_a-k_sin.o)
                              c:/program files (x86)/embitz/1.11/share/em_armgcc/bin/../lib/gcc/arm-none-eabi/5.4.1/../../../../arm-none-eabi/lib/armv6-m\libm.a(lib_a-s_cos.o) (__kernel_sin)
c:/program files (x86)/embitz/1.11/share/em_armgcc/bin/../lib/gcc/arm-none-eabi/5.4.1/../../../../arm-none-eabi/lib/armv6-m\libm.a(lib_a-s_fabs.o)
                              c:/program files (x86)/embitz/1.11/share/em_armgcc/bin/../lib/gcc/arm-none-eabi/5.4.1/../../../../arm-none-eabi/lib/armv6-m\libm.a(lib_a-e_rem_pio2.o) (fabs)
c:/program files (x86)/embitz/1.11/share/em_armgcc/bin/../lib/gcc/arm-none-eabi/5.4.1/../../../../arm-none-eabi/lib/armv6-m\libm.a(lib_a-s_scalbn.o)
                              c:/program files (x86)/embitz/1.11/share/em_armgcc/bin/../lib/gcc/arm-none-eabi/5.4.1/../../../../arm-none-eabi/lib/armv6-m\libm.a(lib_a-k_rem_pio2.o) (scalbn)
c:/program files (x86)/embitz/1.11/share/em_armgcc/bin/../lib/gcc/arm-none-eabi/5.4.1/../../../../arm-none-eabi/lib/armv6-m\libm.a(lib_a-s_copysign.o)
                              c:/program files (x86)/embitz/1.11/share/em_armgcc/bin/../lib/gcc/arm-none-eabi/5.4.1/../../../../arm-none-eabi/lib/armv6-m\libm.a(lib_a-s_scalbn.o) (copysign)
c:/program files (x86)/embitz/1.11/share/em_armgcc/bin/../lib/gcc/arm-none-eabi/5.4.1/../../../../arm-none-eabi/lib/armv6-m\libc_n.a(lib_a-abs.o)
                              .objs\pokittolib\mbed-pokitto\targets\hal\target_nxp\target_lpc11u6x\serial_api.o (abs)
c:/program files (x86)/embitz/1.11/share/em_armgcc/bin/../lib/gcc/arm-none-eabi/5.4.1/../../../../arm-none-eabi/lib/armv6-m\libc_n.a(lib_a-errno.o)
                              .objs\pokittolib\mbed-pokitto\common\retarget.o (__errno)
c:/program files (x86)/embitz/1.11/share/em_armgcc/bin/../lib/gcc/arm-none-eabi/5.4.1/../../../../arm-none-eabi/lib/armv6-m\libc_n.a(lib_a-exit.o)
                              c:/program files (x86)/embitz/1.11/share/em_armgcc/bin/../lib/gcc/arm-none-eabi/5.4.1/../../../../arm-none-eabi/lib/armv6-m/crt0.o (exit)
c:/program files (x86)/embitz/1.11/share/em_armgcc/bin/../lib/gcc/arm-none-eabi/5.4.1/../../../../arm-none-eabi/lib/armv6-m\libc_n.a(lib_a-fclose.o)
                              .objs\pokittolib\mbed-pokitto\common\stream.o (fclose)
c:/program files (x86)/embitz/1.11/share/em_armgcc/bin/../lib/gcc/arm-none-eabi/5.4.1/../../../../arm-none-eabi/lib/armv6-m\libc_n.a(lib_a-fflush.o)
                              c:/program files (x86)/embitz/1.11/share/em_armgcc/bin/../lib/gcc/arm-none-eabi/5.4.1/../../../../arm-none-eabi/lib/armv6-m\libc_n.a(lib_a-fclose.o) (__sflush_r)
c:/program files (x86)/embitz/1.11/share/em_armgcc/bin/../lib/gcc/arm-none-eabi/5.4.1/../../../../arm-none-eabi/lib/armv6-m\libc_n.a(lib_a-fgetc.o)
                              .objs\pokittolib\mbed-pokitto\common\retarget.o (fgetc)
c:/program files (x86)/embitz/1.11/share/em_armgcc/bin/../lib/gcc/arm-none-eabi/5.4.1/../../../../arm-none-eabi/lib/armv6-m\libc_n.a(lib_a-fgets.o)
                              .objs\pokittolib\mbed-pokitto\common\retarget.o (fgets)
[...]
Memory Configuration

Name             Origin             Length             Attributes
MFlash256        0x00000000         0x00040000         xr
Ram0_32          0x10000100         0x00007f00         xrw
Ram1_2           0x20000000         0x00000800         xrw
Ram2USB_2        0x20004000         0x00000800         xrw
*default*        0x00000000         0xffffffff

Linker script and memory map

LOAD c:/program files (x86)/embitz/1.11/share/em_armgcc/bin/../lib/gcc/arm-none-eabi/5.4.1/armv6-m/crti.o
LOAD c:/program files (x86)/embitz/1.11/share/em_armgcc/bin/../lib/gcc/arm-none-eabi/5.4.1/armv6-m/crtbegin.o
LOAD c:/program files (x86)/embitz/1.11/share/em_armgcc/bin/../lib/gcc/arm-none-eabi/5.4.1/../../../../arm-none-eabi/lib/armv6-m/crt0.o
                0x00040000                __top_MFlash256 = 0x40000
                0x10008000                __top_Ram0_32 = 0x10008000
                0x20000800                __top_Ram1_2 = 0x20000800
                0x20004800                __top_Ram2USB_2 = 0x20004800

.text           0x00000000     0x92b0
 FILL mask 0xff
                0x00000000                __vectors_start__ = ABSOLUTE (.)
 *(.isr_vector)
 .isr_vector    0x00000000       0xc0 .objs\pokittolib\mbed-pokitto\targets\cmsis\target_nxp\target_lpc11u6x\toolchain_gcc_arm\target_lpc11u68\startup_lpc11u68.o
                0x00000000                g_pfnVectors
                0x000000c0                . = ALIGN (0x4)
                0x000000c0                __section_table_start = .
                0x000000c0                __data_section_table = .
                0x000000c0        0x4 LONG 0x92b0 LOADADDR (.data)
                0x000000c4        0x4 LONG 0x10000100 ADDR (.data)
                0x000000c8        0x4 LONG 0x2700 SIZEOF (.data)
                0x000000cc        0x4 LONG 0x92b0 LOADADDR (.data_RAM2)
                0x000000d0        0x4 LONG 0x20000000 ADDR (.data_RAM2)
                0x000000d4        0x4 LONG 0x0 SIZEOF (.data_RAM2)
                0x000000d8        0x4 LONG 0x92b0 LOADADDR (.data_RAM3)
                0x000000dc        0x4 LONG 0x20004000 ADDR (.data_RAM3)
                0x000000e0        0x4 LONG 0x0 SIZEOF (.data_RAM3)
                0x000000e4                __data_section_table_end = .
                0x000000e4                __bss_section_table = .
                0x000000e4        0x4 LONG 0x10002800 ADDR (.bss)
                0x000000e8        0x4 LONG 0x43d4 SIZEOF (.bss)
                0x000000ec        0x4 LONG 0x20000000 ADDR (.bss_RAM2)
                0x000000f0        0x4 LONG 0x0 SIZEOF (.bss_RAM2)
                0x000000f4        0x4 LONG 0x20004000 ADDR (.bss_RAM3)
                0x000000f8        0x4 LONG 0x0 SIZEOF (.bss_RAM3)
                0x000000fc                __bss_section_table_end = .
                0x000000fc                __section_table_end = .
 *(.after_vectors*)
 .after_vectors
                0x000000fc       0x54 .objs\pokittolib\mbed-pokitto\targets\cmsis\target_nxp\target_lpc11u6x\toolchain_gcc_arm\target_lpc11u68\startup_lpc11u68.o
                0x000000fc                ResetISR
 *(.text*)
 .text          0x00000150       0x60 c:/program files (x86)/embitz/1.11/share/em_armgcc/bin/../lib/gcc/arm-none-eabi/5.4.1/armv6-m/crtbegin.o
 .text._Z5setupv
                0x000001b0       0x48 .objs\main.o
                0x000001b0                setup()
 .text.startup.main
                0x000001f8      0x144 .objs\main.o
                0x000001f8                main
 .text.startup._GLOBAL__sub_I_rawData
                0x0000033c       0x10 .objs\main.o
 .text.mbed_assert_internal
                0x0000034c       0x14 .objs\pokittolib\mbed-pokitto\common\assert.o
                0x0000034c                mbed_assert_internal
 .text.mbed_die
                0x00000360       0x5c .objs\pokittolib\mbed-pokitto\common\board.o
                0x00000360                mbed_die
 .text.error    0x000003bc        0xa .objs\pokittolib\mbed-pokitto\common\error.o
                0x000003bc                error
 *fill*         0x000003c6        0x2 ff
 .text.gpio_write
                0x000003c8       0x30 .objs\pokittolib\mbed-pokitto\common\gpio.o
 .text._gpio_init_in
                0x000003f8       0x22 .objs\pokittolib\mbed-pokitto\common\gpio.o
 .text.gpio_init_in
                0x0000041a        0xa .objs\pokittolib\mbed-pokitto\common\gpio.o
                0x0000041a                gpio_init_in
 .text.gpio_init_out_ex
                0x00000424       0x2a .objs\pokittolib\mbed-pokitto\common\gpio.o
                0x00000424                gpio_init_out_ex
 .text.gpio_init_out
                0x0000044e        0xa .objs\pokittolib\mbed-pokitto\common\gpio.o
                0x0000044e                gpio_init_out
 .text._ZN4mbed11InterruptInD2Ev
                0x00000458       0x18 .objs\pokittolib\mbed-pokitto\common\interruptin.o
                0x00000458                mbed::InterruptIn::~InterruptIn()
                0x00000458                mbed::InterruptIn::~InterruptIn()
 .text._ZN4mbed11InterruptInD0Ev
                0x00000470       0x12 .objs\pokittolib\mbed-pokitto\common\interruptin.o
                0x00000470                mbed::InterruptIn::~InterruptIn()
 *fill*         0x00000482        0x2 ff
 .text._ZN4mbed11InterruptInC2E7PinName
                0x00000484       0x48 .objs\pokittolib\mbed-pokitto\common\interruptin.o
                0x00000484                mbed::InterruptIn::InterruptIn(PinName)
                0x00000484                mbed::InterruptIn::InterruptIn(PinName)
 .text._ZN4mbed11InterruptIn4riseEPFvvE
                0x000004cc       0x1e .objs\pokittolib\mbed-pokitto\common\interruptin.o
                0x000004cc                mbed::InterruptIn::rise(void (*)())
 .text._ZN4mbed11InterruptIn4fallEPFvvE
                0x000004ea       0x1c .objs\pokittolib\mbed-pokitto\common\interruptin.o
                0x000004ea                mbed::InterruptIn::fall(void (*)())
 .text._ZN4mbed19FunctionPointerArg1IvvE4callEv
                0x00000506       0x20 .objs\pokittolib\mbed-pokitto\common\interruptin.o
                0x00000506                mbed::FunctionPointerArg1<void, void>::call()
 .text._ZN4mbed11InterruptIn12_irq_handlerEm14gpio_irq_event
                0x00000526       0x16 .objs\pokittolib\mbed-pokitto\common\interruptin.o
                0x00000526                mbed::InterruptIn::_irq_handler(unsigned long, gpio_irq_event)
 .text.pinmap_pinout
                0x0000053c       0x34 .objs\pokittolib\mbed-pokitto\common\pinmap_common.o
                0x0000053c                pinmap_pinout
 .text.pinmap_merge
                0x00000570       0x28 .objs\pokittolib\mbed-pokitto\common\pinmap_common.o
                0x00000570                pinmap_merge
 .text.pinmap_find_peripheral
                0x00000598       0x16 .objs\pokittolib\mbed-pokitto\common\pinmap_common.o
                0x00000598                pinmap_find_peripheral
 *fill*         0x000005ae        0x2 ff
 .text.pinmap_peripheral
                0x000005b0       0x20 .objs\pokittolib\mbed-pokitto\common\pinmap_common.o
                0x000005b0                pinmap_peripheral
 .text.__cxa_pure_virtual
                0x000005d0        0x8 .objs\pokittolib\mbed-pokitto\common\retarget.o
                0x000005d0                __cxa_pure_virtual
 .text._exit    0x000005d8        0xc .objs\pokittolib\mbed-pokitto\common\retarget.o
                0x000005d8                _exit
 .text._ZN4mbed3SPID2Ev
                0x000005e4        0x2 .objs\pokittolib\mbed-pokitto\common\spi.o
                0x000005e4                mbed::SPI::~SPI()
                0x000005e4                mbed::SPI::~SPI()
 .text._ZN4mbed3SPID0Ev
                0x000005e6        0xc .objs\pokittolib\mbed-pokitto\common\spi.o
                0x000005e6                mbed::SPI::~SPI()
 *fill*         0x000005f2        0x2 ff
 .text._ZN4mbed3SPIC2E7PinNameS1_S1_S1_
                0x000005f4       0x48 .objs\pokittolib\mbed-pokitto\common\spi.o
                0x000005f4                mbed::SPI::SPI(PinName, PinName, PinName, PinName)
                0x000005f4                mbed::SPI::SPI(PinName, PinName, PinName, PinName)
 .text._ZN4mbed3SPI6aquireEv
                0x0000063c       0x2c .objs\pokittolib\mbed-pokitto\common\spi.o
                0x0000063c                mbed::SPI::aquire()
 .text._ZN4mbed3SPI5writeEi
                0x00000668       0x14 .objs\pokittolib\mbed-pokitto\common\spi.o
                0x00000668                mbed::SPI::write(int)
 .text._ZN4mbed6Ticker7handlerEv
                0x0000067c       0x2c .objs\pokittolib\mbed-pokitto\common\ticker.o
                0x0000067c                mbed::Ticker::handler()
 .text._ZN4mbed6Ticker6detachEv
                0x000006a8       0x10 .objs\pokittolib\mbed-pokitto\common\ticker.o
                0x000006a8                mbed::Ticker::detach()
 .text._ZN4mbed6TickerD2Ev
                0x000006b8       0x1c .objs\pokittolib\mbed-pokitto\common\ticker.o
                0x000006b8                mbed::Ticker::~Ticker()
                0x000006b8                mbed::Ticker::~Ticker()
 .text._ZN4mbed6TickerD0Ev
                0x000006d4       0x12 .objs\pokittolib\mbed-pokitto\common\ticker.o
                0x000006d4                mbed::Ticker::~Ticker()
 .text._ZN4mbed6Ticker5setupEm
                0x000006e6       0x1c .objs\pokittolib\mbed-pokitto\common\ticker.o
                0x000006e6                mbed::Ticker::setup(unsigned long)
 .text.ticker_set_handler
                0x00000702       0x12 .objs\pokittolib\mbed-pokitto\common\ticker_api.o
                0x00000702                ticker_set_handler
 .text.ticker_irq_handler
                0x00000714       0x44 .objs\pokittolib\mbed-pokitto\common\ticker_api.o
                0x00000714                ticker_irq_handler
 .text.ticker_insert_event
                0x00000758       0x38 .objs\pokittolib\mbed-pokitto\common\ticker_api.o
                0x00000758                ticker_insert_event
 .text.ticker_remove_event
                0x00000790       0x38 .objs\pokittolib\mbed-pokitto\common\ticker_api.o
                0x00000790                ticker_remove_event
 .text.ticker_read
                0x000007c8        0xa .objs\pokittolib\mbed-pokitto\common\ticker_api.o
                0x000007c8                ticker_read
 .text._ZN4mbed10TimerEvent3irqEm
                0x000007d2        0xa .objs\pokittolib\mbed-pokitto\common\timerevent.o
                0x000007d2                mbed::TimerEvent::irq(unsigned long)
 .text._ZN4mbed10TimerEventC2Ev
                0x000007dc       0x2c .objs\pokittolib\mbed-pokitto\common\timerevent.o
                0x000007dc                mbed::TimerEvent::TimerEvent()
                0x000007dc                mbed::TimerEvent::TimerEvent()
 .text._ZN4mbed10TimerEvent6insertEm
                0x00000808       0x10 .objs\pokittolib\mbed-pokitto\common\timerevent.o
                0x00000808                mbed::TimerEvent::insert(unsigned long)
 .text._ZN4mbed10TimerEvent6removeEv
                0x00000818        0xc .objs\pokittolib\mbed-pokitto\common\timerevent.o
                0x00000818                mbed::TimerEvent::remove()
 .text._ZN4mbed10TimerEventD2Ev
                0x00000824       0x18 .objs\pokittolib\mbed-pokitto\common\timerevent.o
                0x00000824                mbed::TimerEvent::~TimerEvent()
                0x00000824                mbed::TimerEvent::~TimerEvent()
 .text.get_us_ticker_data
                0x0000083c        0x8 .objs\pokittolib\mbed-pokitto\common\us_ticker_api.o
                0x0000083c                get_us_ticker_data
 .text.us_ticker_irq_handler
                0x00000844       0x10 .objs\pokittolib\mbed-pokitto\common\us_ticker_api.o
                0x00000844                us_ticker_irq_handler
 .text.wait_us  0x00000854       0x16 .objs\pokittolib\mbed-pokitto\common\wait_api.o
                0x00000854                wait_us
 .text.wait_ms  0x0000086a        0xe .objs\pokittolib\mbed-pokitto\common\wait_api.o
                0x0000086a                wait_ms
 .text.NVIC_SetVector
                0x00000878       0x30 .objs\pokittolib\mbed-pokitto\targets\cmsis\target_nxp\target_lpc11u6x\cmsis_nvic.o
                0x00000878                NVIC_SetVector
 .text.SystemInit
                0x000008a8      0x12c .objs\pokittolib\mbed-pokitto\targets\cmsis\target_nxp\target_lpc11u6x\system_lpc11u6x.o
                0x000008a8                SystemInit
 .text.IntDefaultHandler
                0x000009d4        0x2 .objs\pokittolib\mbed-pokitto\targets\cmsis\target_nxp\target_lpc11u6x\toolchain_gcc_arm\target_lpc11u68\startup_lpc11u68.o
                0x000009d4                TIMER16_0_IRQHandler
                0x000009d4                I2C0_IRQHandler
                0x000009d4                I2C1_IRQHandler
                0x000009d4                TIMER32_0_IRQHandler
                0x000009d4                ADCB_IRQHandler
                0x000009d4                SCT0_1_IRQHandler
                0x000009d4                TIMER32_1_IRQHandler
                0x000009d4                PIN_INT6_IRQHandler
                0x000009d4                IntDefaultHandler
                0x000009d4                PIN_INT4_IRQHandler
                0x000009d4                SSP0_IRQHandler
                0x000009d4                RTC_IRQHandler
                0x000009d4                USBWakeup_IRQHandler
                0x000009d4                USART0_IRQHandler
                0x000009d4                PIN_INT5_IRQHandler
                0x000009d4                PIN_INT2_IRQHandler
                0x000009d4                TIMER16_1_IRQHandler
                0x000009d4                USB_FIQHandler
                0x000009d4                USART1_4_IRQHandler
                0x000009d4                SSP1_IRQHandler
                0x000009d4                PIN_INT7_IRQHandler
                0x000009d4                BOD_WDT_IRQHandler
                0x000009d4                PIN_INT1_IRQHandler
                0x000009d4                USB_IRQHandler
                0x000009d4                USART2_3_IRQHandler
                0x000009d4                PIN_INT0_IRQHandler
                0x000009d4                GINT0_IRQHandler
                0x000009d4                DMA_IRQHandler
                0x000009d4                PIN_INT3_IRQHandler
                0x000009d4                FMC_IRQHandler
                0x000009d4                GINT1_IRQHandler
                0x000009d4                ADCA_IRQHandler
 .text.NMI_Handler
                0x000009d6        0x2 .objs\pokittolib\mbed-pokitto\targets\cmsis\target_nxp\target_lpc11u6x\toolchain_gcc_arm\target_lpc11u68\startup_lpc11u68.o
                0x000009d6                NMI_Handler
 .text.HardFault_Handler
                0x000009d8        0x2 .objs\pokittolib\mbed-pokitto\targets\cmsis\target_nxp\target_lpc11u6x\toolchain_gcc_arm\target_lpc11u68\startup_lpc11u68.o
                0x000009d8                HardFault_Handler
 .text.SVC_Handler
                0x000009da        0x2 .objs\pokittolib\mbed-pokitto\targets\cmsis\target_nxp\target_lpc11u6x\toolchain_gcc_arm\target_lpc11u68\startup_lpc11u68.o
                0x000009da                SVC_Handler
 .text.PendSV_Handler
                0x000009dc        0x2 .objs\pokittolib\mbed-pokitto\targets\cmsis\target_nxp\target_lpc11u6x\toolchain_gcc_arm\target_lpc11u68\startup_lpc11u68.o
                0x000009dc                PendSV_Handler
 .text.data_init
                0x000009de       0x12 .objs\pokittolib\mbed-pokitto\targets\cmsis\target_nxp\target_lpc11u6x\toolchain_gcc_arm\target_lpc11u68\startup_lpc11u68.o
                0x000009de                data_init
 .text.bss_init
                0x000009f0       0x10 .objs\pokittolib\mbed-pokitto\targets\cmsis\target_nxp\target_lpc11u6x\toolchain_gcc_arm\target_lpc11u68\startup_lpc11u68.o
                0x000009f0                bss_init
 .text.__aeabi_atexit
                0x00000a00        0x4 .objs\pokittolib\mbed-pokitto\targets\cmsis\target_nxp\target_lpc11u6x\toolchain_gcc_arm\target_lpc11u68\startup_lpc11u68.o
                0x00000a00                __aeabi_atexit
 .text._ZdlPv   0x00000a04        0x8 .objs\pokittolib\mbed-pokitto\targets\cmsis\target_nxp\target_lpc11u6x\toolchain_gcc_arm\target_lpc11u68\startup_lpc11u68.o
                0x00000a04                operator delete(void*)
 .text.gpio_set
                0x00000a0c       0x94 .objs\pokittolib\mbed-pokitto\targets\hal\target_nxp\target_lpc11u6x\gpio_api.o
                0x00000a0c                gpio_set
 .text.gpio_init
                0x00000aa0       0x44 .objs\pokittolib\mbed-pokitto\targets\hal\target_nxp\target_lpc11u6x\gpio_api.o
                0x00000aa0                gpio_init
 .text.gpio_mode
                0x00000ae4        0xa .objs\pokittolib\mbed-pokitto\targets\hal\target_nxp\target_lpc11u6x\gpio_api.o
                0x00000ae4                gpio_mode
 *fill*         0x00000aee        0x2 ff
 .text.gpio_dir
                0x00000af0       0x3c .objs\pokittolib\mbed-pokitto\targets\hal\target_nxp\target_lpc11u6x\gpio_api.o
                0x00000af0                gpio_dir
 .text.handle_interrupt_in
                0x00000b2c       0x64 .objs\pokittolib\mbed-pokitto\targets\hal\target_nxp\target_lpc11u6x\gpio_irq_api.o
 .text.gpio_irq0
                0x00000b90        0xa .objs\pokittolib\mbed-pokitto\targets\hal\target_nxp\target_lpc11u6x\gpio_irq_api.o
                0x00000b90                gpio_irq0
 .text.gpio_irq1
                0x00000b9a        0xa .objs\pokittolib\mbed-pokitto\targets\hal\target_nxp\target_lpc11u6x\gpio_irq_api.o
                0x00000b9a                gpio_irq1
 .text.gpio_irq2
                0x00000ba4        0xa .objs\pokittolib\mbed-pokitto\targets\hal\target_nxp\target_lpc11u6x\gpio_irq_api.o
                0x00000ba4                gpio_irq2
 .text.gpio_irq3
                0x00000bae        0xa .objs\pokittolib\mbed-pokitto\targets\hal\target_nxp\target_lpc11u6x\gpio_irq_api.o
                0x00000bae                gpio_irq3
 .text.gpio_irq4
                0x00000bb8        0xa .objs\pokittolib\mbed-pokitto\targets\hal\target_nxp\target_lpc11u6x\gpio_irq_api.o
                0x00000bb8                gpio_irq4
 .text.gpio_irq5
                0x00000bc2        0xa .objs\pokittolib\mbed-pokitto\targets\hal\target_nxp\target_lpc11u6x\gpio_irq_api.o
                0x00000bc2                gpio_irq5
 .text.gpio_irq6
                0x00000bcc        0xa .objs\pokittolib\mbed-pokitto\targets\hal\target_nxp\target_lpc11u6x\gpio_irq_api.o
                0x00000bcc                gpio_irq6
 .text.gpio_irq7
                0x00000bd6        0xa .objs\pokittolib\mbed-pokitto\targets\hal\target_nxp\target_lpc11u6x\gpio_irq_api.o
                0x00000bd6                gpio_irq7
 .text.gpio_irq_init
                0x00000be0       0xc4 .objs\pokittolib\mbed-pokitto\targets\hal\target_nxp\target_lpc11u6x\gpio_irq_api.o
                0x00000be0                gpio_irq_init
 .text.gpio_irq_free
                0x00000ca4       0x28 .objs\pokittolib\mbed-pokitto\targets\hal\target_nxp\target_lpc11u6x\gpio_irq_api.o
                0x00000ca4                gpio_irq_free
 .text.gpio_irq_set
                0x00000ccc       0x4c .objs\pokittolib\mbed-pokitto\targets\hal\target_nxp\target_lpc11u6x\gpio_irq_api.o
                0x00000ccc                gpio_irq_set
 .text.pin_function
                0x00000d18       0x38 .objs\pokittolib\mbed-pokitto\targets\hal\target_nxp\target_lpc11u6x\pinmap.o
                0x00000d18                pin_function
 .text.pin_mode
                0x00000d50       0x5c .objs\pokittolib\mbed-pokitto\targets\hal\target_nxp\target_lpc11u6x\pinmap.o
                0x00000d50                pin_mode
 .text.pwmout_write
                0x00000dac       0x46 .objs\pokittolib\mbed-pokitto\targets\hal\target_nxp\target_lpc11u6x\pwmout_api.o
                0x00000dac                pwmout_write
 .text.pwmout_period_us
                0x00000df2       0x42 .objs\pokittolib\mbed-pokitto\targets\hal\target_nxp\target_lpc11u6x\pwmout_api.o
                0x00000df2                pwmout_period_us
 .text.pwmout_init
                0x00000e34      0x18c .objs\pokittolib\mbed-pokitto\targets\hal\target_nxp\target_lpc11u6x\pwmout_api.o
                0x00000e34                pwmout_init
 .text.spi_init
                0x00000fc0      0x100 .objs\pokittolib\mbed-pokitto\targets\hal\target_nxp\target_lpc11u6x\spi_api.o
                0x00000fc0                spi_init
 .text.spi_format
                0x000010c0       0x6c .objs\pokittolib\mbed-pokitto\targets\hal\target_nxp\target_lpc11u6x\spi_api.o
                0x000010c0                spi_format
 .text.spi_frequency
                0x0000112c       0x88 .objs\pokittolib\mbed-pokitto\targets\hal\target_nxp\target_lpc11u6x\spi_api.o
                0x0000112c                spi_frequency
 .text.spi_master_write
                0x000011b4       0x18 .objs\pokittolib\mbed-pokitto\targets\hal\target_nxp\target_lpc11u6x\spi_api.o
                0x000011b4                spi_master_write
 .text.us_ticker_init
                0x000011cc       0x60 .objs\pokittolib\mbed-pokitto\targets\hal\target_nxp\target_lpc11u6x\us_ticker.o
                0x000011cc                us_ticker_init
 .text.us_ticker_read
                0x0000122c       0x1c .objs\pokittolib\mbed-pokitto\targets\hal\target_nxp\target_lpc11u6x\us_ticker.o
                0x0000122c                us_ticker_read
 .text.us_ticker_set_interrupt
                0x00001248       0x14 .objs\pokittolib\mbed-pokitto\targets\hal\target_nxp\target_lpc11u6x\us_ticker.o
                0x00001248                us_ticker_set_interrupt
 .text.us_ticker_disable_interrupt
                0x0000125c       0x10 .objs\pokittolib\mbed-pokitto\targets\hal\target_nxp\target_lpc11u6x\us_ticker.o
                0x0000125c                us_ticker_disable_interrupt
 .text.us_ticker_clear_interrupt
                0x0000126c        0xc .objs\pokittolib\mbed-pokitto\targets\hal\target_nxp\target_lpc11u6x\us_ticker.o
                0x0000126c                us_ticker_clear_interrupt
 .text._ZN7Pokitto9Backlight5beginEv
                0x00001278        0x2 .objs\pokittolib\pokitto_core\pokittobacklight.o
                0x00001278                Pokitto::Backlight::begin()
 .text._ZN7Pokitto9Backlight3setEh
                0x0000127a        0x2 .objs\pokittolib\pokitto_core\pokittobacklight.o
                0x0000127a                Pokitto::Backlight::set(unsigned char)
 .text._ZN7Pokitto7Battery5beginEv
                0x0000127c        0x2 .objs\pokittolib\pokitto_core\pokittobattery.o
                0x0000127c                Pokitto::Battery::begin()
 *fill*         0x0000127e        0x2 ff
 .text._ZN7Pokitto7Battery6updateEv
                0x00001280        0xc .objs\pokittolib\pokitto_core\pokittobattery.o
                0x00001280                Pokitto::Battery::update()
 .text._ZN7Pokitto7Buttons5beginEv
                0x0000128c        0x8 .objs\pokittolib\pokitto_core\pokittobuttons.o
                0x0000128c                Pokitto::Buttons::begin()
 .text._ZN7Pokitto7Buttons6updateEv
                0x00001294       0x38 .objs\pokittolib\pokitto_core\pokittobuttons.o
                0x00001294                Pokitto::Buttons::update()
 .text._ZN7Pokitto7Buttons7pressedEh
                0x000012cc       0x14 .objs\pokittolib\pokitto_core\pokittobuttons.o
                0x000012cc                Pokitto::Buttons::pressed(unsigned char)
 .text._ZN7Pokitto7Buttons11pollButtonsEv
                0x000012e0       0x8c .objs\pokittolib\pokitto_core\pokittobuttons.o
                0x000012e0                Pokitto::Buttons::pollButtons()
 .text._ZN7Pokitto7Buttons4aBtnEv
                0x0000136c        0xc .objs\pokittolib\pokitto_core\pokittobuttons.o
                0x0000136c                Pokitto::Buttons::aBtn()
 .text._ZN7Pokitto7ConsoleC2Ev
                0x00001378       0x48 .objs\pokittolib\pokitto_core\pokittoconsole.o
                0x00001378                Pokitto::Console::Console()
                0x00001378                Pokitto::Console::Console()
 .text.startup._GLOBAL__sub_I_pConsole
                0x000013c0       0x10 .objs\pokittolib\pokitto_core\pokittoconsole.o
 .text._Z17start_applicationm
                0x000013d0       0xb8 .objs\pokittolib\pokitto_core\pokittocore.o
                0x000013d0                start_application(unsigned long)
 .text._ZN7Pokitto4CoreC2Ev
                0x00001488        0x2 .objs\pokittolib\pokitto_core\pokittocore.o
                0x00001488                Pokitto::Core::Core()
                0x00001488                Pokitto::Core::Core()
 *fill*         0x0000148a        0x2 ff
 .text._ZN7Pokitto4Core12jumpToLoaderEv
                0x0000148c       0x7c .objs\pokittolib\pokitto_core\pokittocore.o
                0x0000148c                Pokitto::Core::jumpToLoader()
 .text._ZN7Pokitto4Core9askLoaderEv
                0x00001508      0x158 .objs\pokittolib\pokitto_core\pokittocore.o
                0x00001508                Pokitto::Core::askLoader()
 .text._ZN7Pokitto4Core10drawvolbarEiiib
                0x00001660      0x1dc .objs\pokittolib\pokitto_core\pokittocore.o
                0x00001660                Pokitto::Core::drawvolbar(int, int, int, bool)
 .text._ZN7Pokitto4Core11setVolLimitEv
                0x0000183c      0x29c .objs\pokittolib\pokitto_core\pokittocore.o
                0x0000183c                Pokitto::Core::setVolLimit()
 .text._ZN7Pokitto4Core4initEv
                0x00001ad8       0x30 .objs\pokittolib\pokitto_core\pokittocore.o
                0x00001ad8                Pokitto::Core::init()
 .text._ZN7Pokitto4Core9isRunningEv
                0x00001b08        0xc .objs\pokittolib\pokitto_core\pokittocore.o
                0x00001b08                Pokitto::Core::isRunning()
 .text._ZN7Pokitto4Core8showLogoEv
                0x00001b14       0xb8 .objs\pokittolib\pokitto_core\pokittocore.o
                0x00001b14                Pokitto::Core::showLogo()
 .text._ZN7Pokitto4Core12readSettingsEv
                0x00001bcc       0x20 .objs\pokittolib\pokitto_core\pokittocore.o
                0x00001bcc                Pokitto::Core::readSettings()
 .text._ZN7Pokitto4Core5beginEv
                0x00001bec       0xc8 .objs\pokittolib\pokitto_core\pokittocore.o
                0x00001bec                Pokitto::Core::begin()
 .text._ZN7Pokitto4Core12setFrameRateEh
                0x00001cb4       0x30 .objs\pokittolib\pokitto_core\pokittocore.o
                0x00001cb4                Pokitto::Core::setFrameRate(unsigned char)
 .text.startup._GLOBAL__sub_I_selectedfile
                0x00001ce4       0x10 .objs\pokittolib\pokitto_core\pokittocore.o
 .text.startup._GLOBAL__sub_I_res
                0x00001cf4       0x38 .objs\pokittolib\pokitto_core\pokittodisk.o
 .text._ZN7Pokitto7Display13setColorDepthEh
                0x00001d2c       0x14 .objs\pokittolib\pokitto_core\pokittodisplay.o
                0x00001d2c                Pokitto::Display::setColorDepth(unsigned char)
 .text._ZN7Pokitto7Display8clearLCDEv
                0x00001d40       0x1c .objs\pokittolib\pokitto_core\pokittodisplay.o
                0x00001d40                Pokitto::Display::clearLCD()
 .text._ZN7Pokitto7Display7fillLCDEt
                0x00001d5c        0x8 .objs\pokittolib\pokitto_core\pokittodisplay.o
                0x00001d5c                Pokitto::Display::fillLCD(unsigned short)
 .text._ZN7Pokitto7Display15directRectangleEsssst
                0x00001d64        0xe .objs\pokittolib\pokitto_core\pokittodisplay.o
                0x00001d64                Pokitto::Display::directRectangle(short, short, short, short, unsigned short)
 .text._ZN7Pokitto7Display5beginEv
                0x00001d72        0x8 .objs\pokittolib\pokitto_core\pokittodisplay.o
                0x00001d72                Pokitto::Display::begin()
 *fill*         0x00001d7a        0x2 ff
 .text._ZN7Pokitto7Display9setCursorEss
                0x00001d7c       0x14 .objs\pokittolib\pokitto_core\pokittodisplay.o
                0x00001d7c                Pokitto::Display::setCursor(short, short)
 .text._ZN7Pokitto7Display12directBitmapEssPKhhh
                0x00001d90      0x234 .objs\pokittolib\pokitto_core\pokittodisplay.o
                0x00001d90                Pokitto::Display::directBitmap(short, short, unsigned char const*, unsigned char, unsigned char)
 .text._ZN7Pokitto7Display10directCharEsst
                0x00001fc4      0x154 .objs\pokittolib\pokitto_core\pokittodisplay.o
                0x00001fc4                Pokitto::Display::directChar(short, short, unsigned short)
 .text._ZN7Pokitto7Display5clearEv
                0x00002118       0x60 .objs\pokittolib\pokitto_core\pokittodisplay.o
                0x00002118                Pokitto::Display::clear()
 .text._ZN7Pokitto7Display6updateEv
                0x00002178       0x28 .objs\pokittolib\pokitto_core\pokittodisplay.o
                0x00002178                Pokitto::Display::update()
 .text._ZN7Pokitto7Display17setDefaultPaletteEv
                0x000021a0       0x10 .objs\pokittolib\pokitto_core\pokittodisplay.o
                0x000021a0                Pokitto::Display::setDefaultPalette()
 .text._ZN7Pokitto7Display9drawPixelEssh
                0x000021b0       0x5c .objs\pokittolib\pokitto_core\pokittodisplay.o
                0x000021b0                Pokitto::Display::drawPixel(short, short, unsigned char)
 .text._ZN7Pokitto7Display10bufferCharEsst
                0x0000220c       0xb4 .objs\pokittolib\pokitto_core\pokittodisplay.o
                0x0000220c                Pokitto::Display::bufferChar(short, short, unsigned short)
 .text._ZN7Pokitto7Display9drawPixelEss
                0x000022c0       0x58 .objs\pokittolib\pokitto_core\pokittodisplay.o
                0x000022c0                Pokitto::Display::drawPixel(short, short)
 .text._ZN7Pokitto7Display10drawColumnEsss
                0x00002318       0x48 .objs\pokittolib\pokitto_core\pokittodisplay.o
                0x00002318                Pokitto::Display::drawColumn(short, short, short)
 .text._ZN7Pokitto7Display13fillRectangleEssss
                0x00002360       0x7c .objs\pokittolib\pokitto_core\pokittodisplay.o
                0x00002360                Pokitto::Display::fillRectangle(short, short, short, short)
 .text._ZN7Pokitto7Display6scrollEs
                0x000023dc      0x11c .objs\pokittolib\pokitto_core\pokittodisplay.o
                0x000023dc                Pokitto::Display::scroll(short)
 .text._ZN7Pokitto7Display7setFontEPKh
                0x000024f8       0x24 .objs\pokittolib\pokitto_core\pokittodisplay.o
                0x000024f8                Pokitto::Display::setFont(unsigned char const*)
 .text._ZN7Pokitto7DisplayC2Ev
                0x0000251c       0x60 .objs\pokittolib\pokitto_core\pokittodisplay.o
                0x0000251c                Pokitto::Display::Display()
                0x0000251c                Pokitto::Display::Display()
 .text._ZN7Pokitto7Display10print_charEhhh
                0x0000257c       0x2c .objs\pokittolib\pokitto_core\pokittodisplay.o
                0x0000257c                Pokitto::Display::print_char(unsigned char, unsigned char, unsigned char)
 .text._ZN7Pokitto7Display23isDirectPrintingEnabledEv
                0x000025a8       0x10 .objs\pokittolib\pokitto_core\pokittodisplay.o
                0x000025a8                Pokitto::Display::isDirectPrintingEnabled()
 .text._ZN7Pokitto7Display20enableDirectPrintingEh
                0x000025b8       0x3c .objs\pokittolib\pokitto_core\pokittodisplay.o
                0x000025b8                Pokitto::Display::enableDirectPrinting(unsigned char)
 .text._ZN7Pokitto7Display11inc_txtlineEv
                0x000025f4       0x40 .objs\pokittolib\pokitto_core\pokittodisplay.o
                0x000025f4                Pokitto::Display::inc_txtline()
 .text._ZN7Pokitto7Display5writeEh
                0x00002634       0xc8 .objs\pokittolib\pokitto_core\pokittodisplay.o
                0x00002634                Pokitto::Display::write(unsigned char)
 .text._ZN7Pokitto7Display5writeEPKc
                0x000026fc       0x14 .objs\pokittolib\pokitto_core\pokittodisplay.o
                0x000026fc                Pokitto::Display::write(char const*)
 .text._ZN7Pokitto7Display5printEPKc
                0x00002710        0x8 .objs\pokittolib\pokitto_core\pokittodisplay.o
                0x00002710                Pokitto::Display::print(char const*)
 .text._ZN7Pokitto7Display7printlnEv
                0x00002718       0x10 .objs\pokittolib\pokitto_core\pokittodisplay.o
                0x00002718                Pokitto::Display::println()
 .text._ZN7Pokitto7Display7printlnEPKc
                0x00002728        0xc .objs\pokittolib\pokitto_core\pokittodisplay.o
                0x00002728                Pokitto::Display::println(char const*)
 .text._ZN7Pokitto7Display10set_cursorEhh
                0x00002734       0x14 .objs\pokittolib\pokitto_core\pokittodisplay.o
                0x00002734                Pokitto::Display::set_cursor(unsigned char, unsigned char)
 .text._ZN7Pokitto7Display11printNumberEmh
                0x00002748       0x54 .objs\pokittolib\pokitto_core\pokittodisplay.o
                0x00002748                Pokitto::Display::printNumber(unsigned long, unsigned char)
 .text._ZN7Pokitto7Display5printEli.part.4
                0x0000279c       0x18 .objs\pokittolib\pokitto_core\pokittodisplay.o
 .text._ZN7Pokitto7Display5printEli
                0x000027b4       0x20 .objs\pokittolib\pokitto_core\pokittodisplay.o
                0x000027b4                Pokitto::Display::print(long, int)
 .text._ZN7Pokitto7Display5printEii
                0x000027d4        0x8 .objs\pokittolib\pokitto_core\pokittodisplay.o
                0x000027d4                Pokitto::Display::print(int, int)
 .text._ZN7Pokitto7Display5printEhhii
                0x000027dc       0x1c .objs\pokittolib\pokitto_core\pokittodisplay.o
                0x000027dc                Pokitto::Display::print(unsigned char, unsigned char, int, int)
 .text.startup._GLOBAL__sub_I_core
                0x000027f8       0x10 .objs\pokittolib\pokitto_core\pokittodisplay.o
 .text._ZN7Pokitto7Display14load565PaletteEPKt
                0x00002808       0x1c .objs\pokittolib\pokitto_core\pokittopalette.o
                0x00002808                Pokitto::Display::load565Palette(unsigned short const*)
 .text._ZN7Pokitto7Display8RGBto565Ehhh
                0x00002824       0x10 .objs\pokittolib\pokitto_core\pokittopalette.o
                0x00002824                Pokitto::Display::RGBto565(unsigned char, unsigned char, unsigned char)
 .text._ZN7Pokitto7Display14loadRGBPaletteEPKh
                0x00002834       0x2c .objs\pokittolib\pokitto_core\pokittopalette.o
                0x00002834                Pokitto::Display::loadRGBPalette(unsigned char const*)
 .text._ZN7Pokitto7Display16interpolateColorEtth
                0x00002860       0x5c .objs\pokittolib\pokitto_core\pokittopalette.o
                0x00002860                Pokitto::Display::interpolateColor(unsigned short, unsigned short, unsigned char)
 .text._ZN7Pokitto5Sound5beginEv
                0x000028bc        0x8 .objs\pokittolib\pokitto_core\pokittosound.o
                0x000028bc                Pokitto::Sound::begin()
 .text._ZN7Pokitto5Sound9setVolumeEs
                0x000028c4       0x24 .objs\pokittolib\pokitto_core\pokittosound.o
                0x000028c4                Pokitto::Sound::setVolume(short)
 .text._ZN7Pokitto5Sound9setMaxVolEs
                0x000028e8       0x28 .objs\pokittolib\pokitto_core\pokittosound.o
                0x000028e8                Pokitto::Sound::setMaxVol(short)
 .text._ZN7Pokitto5Sound8volumeUpEv
                0x00002910       0x1c .objs\pokittolib\pokitto_core\pokittosound.o
                0x00002910                Pokitto::Sound::volumeUp()
 .text._ZN7Pokitto5Sound10volumeDownEv
                0x0000292c       0x1c .objs\pokittolib\pokitto_core\pokittosound.o
                0x0000292c                Pokitto::Sound::volumeDown()
 .text._ZN7Pokitto5Sound9getVolumeEv
                0x00002948        0xc .objs\pokittolib\pokitto_core\pokittosound.o
                0x00002948                Pokitto::Sound::getVolume()
 .text.startup._GLOBAL__sub_I_c
                0x00002954       0x10 .objs\pokittolib\pokitto_core\pokittosound.o
 .text._Z8APressedv
                0x00002964        0xc .objs\pokittolib\pokitto_hw\hwbuttons.o
                0x00002964                APressed()
 .text._Z9AReleasedv
                0x00002970        0xc .objs\pokittolib\pokitto_hw\hwbuttons.o
                0x00002970                AReleased()
 .text._Z8BPressedv
                0x0000297c        0xc .objs\pokittolib\pokitto_hw\hwbuttons.o
                0x0000297c                BPressed()
 .text._Z9BReleasedv
                0x00002988        0xc .objs\pokittolib\pokitto_hw\hwbuttons.o
                0x00002988                BReleased()
 .text._Z8CPressedv
                0x00002994        0xc .objs\pokittolib\pokitto_hw\hwbuttons.o
                0x00002994                CPressed()
 .text._Z9CReleasedv
                0x000029a0        0xc .objs\pokittolib\pokitto_hw\hwbuttons.o
                0x000029a0                CReleased()
 .text._Z8UPressedv
                0x000029ac        0xc .objs\pokittolib\pokitto_hw\hwbuttons.o
                0x000029ac                UPressed()
 .text._Z9UReleasedv
                0x000029b8        0xc .objs\pokittolib\pokitto_hw\hwbuttons.o
                0x000029b8                UReleased()
 .text._Z8DPressedv
                0x000029c4        0xc .objs\pokittolib\pokitto_hw\hwbuttons.o
                0x000029c4                DPressed()
 .text._Z9DReleasedv
                0x000029d0        0xc .objs\pokittolib\pokitto_hw\hwbuttons.o
                0x000029d0                DReleased()
 .text._Z9RReleasedv
                0x000029dc        0xc .objs\pokittolib\pokitto_hw\hwbuttons.o
                0x000029dc                RReleased()
 .text._Z9LReleasedv
                0x000029e8        0xc .objs\pokittolib\pokitto_hw\hwbuttons.o
                0x000029e8                LReleased()
 .text._Z8RPressedv
                0x000029f4       0x1c .objs\pokittolib\pokitto_hw\hwbuttons.o
                0x000029f4                RPressed()
 .text._Z8LPressedv
                0x00002a10       0x1c .objs\pokittolib\pokitto_hw\hwbuttons.o
                0x00002a10                LPressed()
 .text._ZN7Pokitto11initButtonsEv
                0x00002a2c       0xd8 .objs\pokittolib\pokitto_hw\hwbuttons.o
                0x00002a2c                Pokitto::initButtons()
 .text._ZN7Pokitto4Core4aBtnEv
                0x00002b04        0xc .objs\pokittolib\pokitto_hw\hwbuttons.o
                0x00002b04                Pokitto::Core::aBtn()
 .text._ZN7Pokitto4Core4bBtnEv
                0x00002b10        0xc .objs\pokittolib\pokitto_hw\hwbuttons.o
                0x00002b10                Pokitto::Core::bBtn()
 .text._ZN7Pokitto4Core4cBtnEv
                0x00002b1c        0xc .objs\pokittolib\pokitto_hw\hwbuttons.o
                0x00002b1c                Pokitto::Core::cBtn()
 .text._ZN7Pokitto4Core7leftBtnEv
                0x00002b28        0xc .objs\pokittolib\pokitto_hw\hwbuttons.o
                0x00002b28                Pokitto::Core::leftBtn()
 .text._ZN7Pokitto4Core8rightBtnEv
                0x00002b34        0xc .objs\pokittolib\pokitto_hw\hwbuttons.o
                0x00002b34                Pokitto::Core::rightBtn()
 .text.startup._GLOBAL__sub_I__s
                0x00002b40       0xe0 .objs\pokittolib\pokitto_hw\hwbuttons.o
 .text._ZL13setup_data_16t
                0x00002c20       0x30 .objs\pokittolib\pokitto_hw\hwlcd.o
 .text._Z16write_command_16t
                0x00002c50       0x34 .objs\pokittolib\pokitto_hw\hwlcd.o
                0x00002c50                write_command_16(unsigned short)
 .text._Z13write_data_16t
                0x00002c84       0x34 .objs\pokittolib\pokitto_hw\hwlcd.o
                0x00002c84                write_data_16(unsigned short)
 .text._ZN7Pokitto13initBacklightEv
                0x00002cb8       0x2c .objs\pokittolib\pokitto_hw\hwlcd.o
                0x00002cb8                Pokitto::initBacklight()
 .text._ZN7Pokitto14lcdFillSurfaceEt
                0x00002ce4       0x64 .objs\pokittolib\pokitto_hw\hwlcd.o
                0x00002ce4                Pokitto::lcdFillSurface(unsigned short)
 .text._ZN7Pokitto8lcdClearEv
                0x00002d48       0x60 .objs\pokittolib\pokitto_hw\hwlcd.o
                0x00002d48                Pokitto::lcdClear()
 .text._ZN7Pokitto7lcdInitEv
                0x00002da8      0x218 .objs\pokittolib\pokitto_hw\hwlcd.o
                0x00002da8                Pokitto::lcdInit()
 .text._ZN7Pokitto9setWindowEhhhh
                0x00002fc0       0x58 .objs\pokittolib\pokitto_hw\hwlcd.o
                0x00002fc0                Pokitto::setWindow(unsigned char, unsigned char, unsigned char, unsigned char)
 .text._ZN7Pokitto8lcdPixelEsst
                0x00003018       0x36 .objs\pokittolib\pokitto_hw\hwlcd.o
                0x00003018                Pokitto::lcdPixel(short, short, unsigned short)
 .text._ZN7Pokitto12lcdRectangleEsssst
                0x0000304e       0x4c .objs\pokittolib\pokitto_hw\hwlcd.o
                0x0000304e                Pokitto::lcdRectangle(short, short, short, short, unsigned short)
 *fill*         0x0000309a        0x2 ff
 .text._ZN7Pokitto15lcdRefreshMode2EPhPt
                0x0000309c      0x3f0 .objs\pokittolib\pokitto_hw\hwlcd.o
                0x0000309c                Pokitto::lcdRefreshMode2(unsigned char*, unsigned short*)
 .text._ZN4mbed10DigitalOutC2E7PinName
                0x0000348c       0x1a .objs\pokittolib\pokitto_hw\hwsound.o
                0x0000348c                mbed::DigitalOut::DigitalOut(PinName)
                0x0000348c                mbed::DigitalOut::DigitalOut(PinName)
 *fill*         0x000034a6        0x2 ff
 .text._ZN7Pokitto11setHWvolumeEh
                0x000034a8       0x38 .objs\pokittolib\pokitto_hw\hwsound.o
                0x000034a8                Pokitto::setHWvolume(unsigned char)
 .text._Z19initHWvolumecontrolv
                0x000034e0       0x20 .objs\pokittolib\pokitto_hw\hwsound.o
                0x000034e0                initHWvolumecontrol()
 .text._ZN7Pokitto9dac_writeEh
                0x00003500       0xc0 .objs\pokittolib\pokitto_hw\hwsound.o
                0x00003500                Pokitto::dac_write(unsigned char)
 .text._Z11pokSoundIRQv
                0x000035c0       0xc8 .objs\pokittolib\pokitto_hw\hwsound.o
                0x000035c0                pokSoundIRQ()
 .text._ZN7Pokitto9soundInitEv
                0x00003688       0x48 .objs\pokittolib\pokitto_hw\hwsound.o
                0x00003688                Pokitto::soundInit()
 .text.startup._GLOBAL__sub_I_buffers
                0x000036d0       0xc0 .objs\pokittolib\pokitto_hw\hwsound.o
 .text.SysTick_Handler
                0x00003790       0x10 .objs\pokittolib\pokitto_hw\pokittoclock.o
                0x00003790                SysTick_Handler
 .text._ZN7Pokitto4Core9initClockEv
                0x000037a0       0x20 .objs\pokittolib\pokitto_hw\pokittoclock.o
                0x000037a0                Pokitto::Core::initClock()
 .text._ZN7Pokitto4Core7getTimeEv
                0x000037c0        0xc .objs\pokittolib\pokitto_hw\pokittoclock.o
                0x000037c0                Pokitto::Core::getTime()
 .text._ZN7Pokitto4Core10initRandomEv
                0x000037cc        0x2 .objs\pokittolib\pokitto_hw\pokittohw.o
                0x000037cc                Pokitto::Core::initRandom()
 *fill*         0x000037ce        0x2 ff
 .text._ZN7Pokitto4Core8initGPIOEv
                0x000037d0      0x108 .objs\pokittolib\pokitto_hw\pokittohw.o
                0x000037d0                Pokitto::Core::initGPIO()
 .text.gpio_write
                0x000038d8       0x30 .objs\pokittolib\pokitto_hw\softwarei2c.o
 .text.gpio_read
                0x00003908       0x2c .objs\pokittolib\pokitto_hw\softwarei2c.o
 .text._ZN4mbed12DigitalInOut6outputEv
                0x00003934        0xa .objs\pokittolib\pokitto_hw\softwarei2c.o
                0x00003934                mbed::DigitalInOut::output()
 .text._ZN11SoftwareI2C5startEv
                0x0000393e       0x46 .objs\pokittolib\pokitto_hw\softwarei2c.o
                0x0000393e                SoftwareI2C::start()
 .text._ZN11SoftwareI2C4stopEv
                0x00003984       0x36 .objs\pokittolib\pokitto_hw\softwarei2c.o
                0x00003984                SoftwareI2C::stop()
 .text._ZN11SoftwareI2C7putByteEh
                0x000039ba       0x48 .objs\pokittolib\pokitto_hw\softwarei2c.o
                0x000039ba                SoftwareI2C::putByte(unsigned char)
 .text._ZN11SoftwareI2C6getAckEv
                0x00003a02       0x52 .objs\pokittolib\pokitto_hw\softwarei2c.o
                0x00003a02                SoftwareI2C::getAck()
 .text._ZN11SoftwareI2CC2E7PinNameS0_
                0x00003a54       0x94 .objs\pokittolib\pokitto_hw\softwarei2c.o
                0x00003a54                SoftwareI2C::SoftwareI2C(PinName, PinName)
                0x00003a54                SoftwareI2C::SoftwareI2C(PinName, PinName)
 .text._ZN11SoftwareI2CD2Ev
                0x00003ae8        0x2 .objs\pokittolib\pokitto_hw\softwarei2c.o
                0x00003ae8                SoftwareI2C::~SoftwareI2C()
                0x00003ae8                SoftwareI2C::~SoftwareI2C()
 .text._ZN11SoftwareI2C5writeEhh
                0x00003aea       0x34 .objs\pokittolib\pokitto_hw\softwarei2c.o
                0x00003aea                SoftwareI2C::write(unsigned char, unsigned char)
 *fill*         0x00003b1e        0x2 ff
 .text.startup._GLOBAL__sub_I_playing
                0x00003b20       0x2c .objs\pokittolib\pokitto_libs\synth\synth.o
 .text.startup._GLOBAL__sub_I__dc
                0x00003b4c       0x10 .objs\pokittolib\pokitto_xternals\arduino\delay.o
 .text.cos      0x00003b5c       0x8c c:/program files (x86)/embitz/1.11/share/em_armgcc/bin/../lib/gcc/arm-none-eabi/5.4.1/../../../../arm-none-eabi/lib/armv6-m\libm.a(lib_a-s_cos.o)
                0x00003b5c                cos
 .text.floor    0x00003be8      0x130 c:/program files (x86)/embitz/1.11/share/em_armgcc/bin/../lib/gcc/arm-none-eabi/5.4.1/../../../../arm-none-eabi/lib/armv6-m\libm.a(lib_a-s_floor.o)
                0x00003be8                floor
 .text.sin      0x00003d18       0x90 c:/program files (x86)/embitz/1.11/share/em_armgcc/bin/../lib/gcc/arm-none-eabi/5.4.1/../../../../arm-none-eabi/lib/armv6-m\libm.a(lib_a-s_sin.o)
                0x00003d18                sin
 .text.__ieee754_rem_pio2
                0x00003da8      0x40c c:/program files (x86)/embitz/1.11/share/em_armgcc/bin/../lib/gcc/arm-none-eabi/5.4.1/../../../../arm-none-eabi/lib/armv6-m\libm.a(lib_a-e_rem_pio2.o)
                0x00003da8                __ieee754_rem_pio2
 .text.__kernel_cos
                0x000041b4      0x234 c:/program files (x86)/embitz/1.11/share/em_armgcc/bin/../lib/gcc/arm-none-eabi/5.4.1/../../../../arm-none-eabi/lib/armv6-m\libm.a(lib_a-k_cos.o)
                0x000041b4                __kernel_cos
 .text.__kernel_rem_pio2
                0x000043e8      0x8a4 c:/program files (x86)/embitz/1.11/share/em_armgcc/bin/../lib/gcc/arm-none-eabi/5.4.1/../../../../arm-none-eabi/lib/armv6-m\libm.a(lib_a-k_rem_pio2.o)
                0x000043e8                __kernel_rem_pio2
 .text.__kernel_sin
                0x00004c8c      0x160 c:/program files (x86)/embitz/1.11/share/em_armgcc/bin/../lib/gcc/arm-none-eabi/5.4.1/../../../../arm-none-eabi/lib/armv6-m\libm.a(lib_a-k_sin.o)
                0x00004c8c                __kernel_sin
 .text.fabs     0x00004dec        0x8 c:/program files (x86)/embitz/1.11/share/em_armgcc/bin/../lib/gcc/arm-none-eabi/5.4.1/../../../../arm-none-eabi/lib/armv6-m\libm.a(lib_a-s_fabs.o)
                0x00004dec                fabs
 .text.scalbn   0x00004df4       0xd0 c:/program files (x86)/embitz/1.11/share/em_armgcc/bin/../lib/gcc/arm-none-eabi/5.4.1/../../../../arm-none-eabi/lib/armv6-m\libm.a(lib_a-s_scalbn.o)
                0x00004df4                scalbn
 .text.copysign
                0x00004ec4       0x10 c:/program files (x86)/embitz/1.11/share/em_armgcc/bin/../lib/gcc/arm-none-eabi/5.4.1/../../../../arm-none-eabi/lib/armv6-m\libm.a(lib_a-s_copysign.o)
                0x00004ec4                copysign
 .text.exit     0x00004ed4       0x2c c:/program files (x86)/embitz/1.11/share/em_armgcc/bin/../lib/gcc/arm-none-eabi/5.4.1/../../../../arm-none-eabi/lib/armv6-m\libc_n.a(lib_a-exit.o)
                0x00004ed4                exit
 .text.__libc_init_array
                0x00004f00       0x4c c:/program files (x86)/embitz/1.11/share/em_armgcc/bin/../lib/gcc/arm-none-eabi/5.4.1/../../../../arm-none-eabi/lib/armv6-m\libc_n.a(lib_a-init.o)
                0x00004f00                __libc_init_array
 .text.free     0x00004f4c       0x14 c:/program files (x86)/embitz/1.11/share/em_armgcc/bin/../lib/gcc/arm-none-eabi/5.4.1/../../../../arm-none-eabi/lib/armv6-m\libc_n.a(lib_a-malloc.o)
                0x00004f4c                free
 .text.memset   0x00004f60       0x10 c:/program files (x86)/embitz/1.11/share/em_armgcc/bin/../lib/gcc/arm-none-eabi/5.4.1/../../../../arm-none-eabi/lib/armv6-m\libc_n.a(lib_a-memset.o)
                0x00004f60                memset
 .text._free_r  0x00004f70       0x98 c:/program files (x86)/embitz/1.11/share/em_armgcc/bin/../lib/gcc/arm-none-eabi/5.4.1/../../../../arm-none-eabi/lib/armv6-m\libc_n.a(lib_a-nano-freer.o)
                0x00004f70                _free_r
 .text.__malloc_lock
                0x00005008        0x2 c:/program files (x86)/embitz/1.11/share/em_armgcc/bin/../lib/gcc/arm-none-eabi/5.4.1/../../../../arm-none-eabi/lib/armv6-m\libc_n.a(lib_a-mlock.o)
                0x00005008                __malloc_lock
 .text.__malloc_unlock
                0x0000500a        0x2 c:/program files (x86)/embitz/1.11/share/em_armgcc/bin/../lib/gcc/arm-none-eabi/5.4.1/../../../../arm-none-eabi/lib/armv6-m\libc_n.a(lib_a-mlock.o)
                0x0000500a                __malloc_unlock
 .text          0x0000500c       0x14 c:/program files (x86)/embitz/1.11/share/em_armgcc/bin/../lib/gcc/arm-none-eabi/5.4.1/armv6-m\libgcc.a(_thumb1_case_uqi.o)
                0x0000500c                __gnu_thumb1_case_uqi
 .text          0x00005020      0x114 c:/program files (x86)/embitz/1.11/share/em_armgcc/bin/../lib/gcc/arm-none-eabi/5.4.1/armv6-m\libgcc.a(_udivsi3.o)
                0x00005020                __aeabi_uidiv
                0x00005020                __udivsi3
                0x0000512c                __aeabi_uidivmod
 .text          0x00005134      0x1d4 c:/program files (x86)/embitz/1.11/share/em_armgcc/bin/../lib/gcc/arm-none-eabi/5.4.1/armv6-m\libgcc.a(_divsi3.o)
                0x00005134                __divsi3
                0x00005134                __aeabi_idiv
                0x00005300                __aeabi_idivmod
 .text          0x00005308        0x4 c:/program files (x86)/embitz/1.11/share/em_armgcc/bin/../lib/gcc/arm-none-eabi/5.4.1/armv6-m\libgcc.a(_dvmd_tls.o)
                0x00005308                __aeabi_idiv0
                0x00005308                __aeabi_ldiv0
 .text          0x0000530c       0x7c c:/program files (x86)/embitz/1.11/share/em_armgcc/bin/../lib/gcc/arm-none-eabi/5.4.1/armv6-m\libgcc.a(_arm_cmpdf2.o)
                0x0000530c                __aeabi_cdrcmple
                0x0000531c                __aeabi_cdcmple
                0x0000531c                __aeabi_cdcmpeq
                0x0000532c                __aeabi_dcmpeq
                0x00005338                __aeabi_dcmplt
                0x0000534c                __aeabi_dcmple
                0x00005360                __aeabi_dcmpgt
                0x00005374                __aeabi_dcmpge
 .text          0x00005388       0x74 c:/program files (x86)/embitz/1.11/share/em_armgcc/bin/../lib/gcc/arm-none-eabi/5.4.1/armv6-m\libgcc.a(_arm_cmpsf2.o)
                0x00005388                __aeabi_cfrcmple
                0x00005390                __aeabi_cfcmpeq
                0x00005390                __aeabi_cfcmple
                0x000053a0                __aeabi_fcmpeq
                0x000053ac                __aeabi_fcmplt
                0x000053c0                __aeabi_fcmple
                0x000053d4                __aeabi_fcmpgt
                0x000053e8                __aeabi_fcmpge
 .text          0x000053fc       0x30 c:/program files (x86)/embitz/1.11/share/em_armgcc/bin/../lib/gcc/arm-none-eabi/5.4.1/armv6-m\libgcc.a(_fixunssfsi.o)
                0x000053fc                __fixunssfsi
                0x000053fc                __aeabi_f2uiz
 .text          0x0000542c      0x2ec c:/program files (x86)/embitz/1.11/share/em_armgcc/bin/../lib/gcc/arm-none-eabi/5.4.1/armv6-m\libgcc.a(addsf3.o)
                0x0000542c                __aeabi_fadd
 .text          0x00005718      0x234 c:/program files (x86)/embitz/1.11/share/em_armgcc/bin/../lib/gcc/arm-none-eabi/5.4.1/armv6-m\libgcc.a(divsf3.o)
                0x00005718                __aeabi_fdiv
 .text          0x0000594c       0x50 c:/program files (x86)/embitz/1.11/share/em_armgcc/bin/../lib/gcc/arm-none-eabi/5.4.1/armv6-m\libgcc.a(eqsf2.o)
                0x0000594c                __eqsf2
                0x0000594c                __nesf2
 .text          0x0000599c       0x88 c:/program files (x86)/embitz/1.11/share/em_armgcc/bin/../lib/gcc/arm-none-eabi/5.4.1/armv6-m\libgcc.a(gesf2.o)
                0x0000599c                __gesf2
                0x0000599c                __gtsf2
 .text          0x00005a24       0x88 c:/program files (x86)/embitz/1.11/share/em_armgcc/bin/../lib/gcc/arm-none-eabi/5.4.1/armv6-m\libgcc.a(lesf2.o)
                0x00005a24                __ltsf2
                0x00005a24                __lesf2
 .text          0x00005aac      0x228 c:/program files (x86)/embitz/1.11/share/em_armgcc/bin/../lib/gcc/arm-none-eabi/5.4.1/armv6-m\libgcc.a(mulsf3.o)
                0x00005aac                __aeabi_fmul
 .text          0x00005cd4      0x30c c:/program files (x86)/embitz/1.11/share/em_armgcc/bin/../lib/gcc/arm-none-eabi/5.4.1/armv6-m\libgcc.a(subsf3.o)
                0x00005cd4                __aeabi_fsub
 .text          0x00005fe0       0x44 c:/program files (x86)/embitz/1.11/share/em_armgcc/bin/../lib/gcc/arm-none-eabi/5.4.1/armv6-m\libgcc.a(fixsfsi.o)
                0x00005fe0                __aeabi_f2iz
 .text          0x00006024       0x90 c:/program files (x86)/embitz/1.11/share/em_armgcc/bin/../lib/gcc/arm-none-eabi/5.4.1/armv6-m\libgcc.a(floatsisf.o)
                0x00006024                __aeabi_i2f
 .text          0x000060b4       0x7c c:/program files (x86)/embitz/1.11/share/em_armgcc/bin/../lib/gcc/arm-none-eabi/5.4.1/armv6-m\libgcc.a(floatunsisf.o)
                0x000060b4                __aeabi_ui2f
 .text          0x00006130      0x658 c:/program files (x86)/embitz/1.11/share/em_armgcc/bin/../lib/gcc/arm-none-eabi/5.4.1/armv6-m\libgcc.a(adddf3.o)
                0x00006130                __aeabi_dadd
 .text          0x00006788       0x80 c:/program files (x86)/embitz/1.11/share/em_armgcc/bin/../lib/gcc/arm-none-eabi/5.4.1/armv6-m\libgcc.a(eqdf2.o)
                0x00006788                __nedf2
                0x00006788                __eqdf2
 .text          0x00006808       0xc8 c:/program files (x86)/embitz/1.11/share/em_armgcc/bin/../lib/gcc/arm-none-eabi/5.4.1/armv6-m\libgcc.a(gedf2.o)
                0x00006808                __gedf2
                0x00006808                __gtdf2
 .text          0x000068d0       0xd4 c:/program files (x86)/embitz/1.11/share/em_armgcc/bin/../lib/gcc/arm-none-eabi/5.4.1/armv6-m\libgcc.a(ledf2.o)
                0x000068d0                __ledf2
                0x000068d0                __ltdf2
 .text          0x000069a4      0x4f4 c:/program files (x86)/embitz/1.11/share/em_armgcc/bin/../lib/gcc/arm-none-eabi/5.4.1/armv6-m\libgcc.a(muldf3.o)
                0x000069a4                __aeabi_dmul
 .text          0x00006e98      0x6a8 c:/program files (x86)/embitz/1.11/share/em_armgcc/bin/../lib/gcc/arm-none-eabi/5.4.1/armv6-m\libgcc.a(subdf3.o)
                0x00006e98                __aeabi_dsub
 .text          0x00007540       0x6c c:/program files (x86)/embitz/1.11/share/em_armgcc/bin/../lib/gcc/arm-none-eabi/5.4.1/armv6-m\libgcc.a(fixdfsi.o)
                0x00007540                __aeabi_d2iz
 .text          0x000075ac       0x84 c:/program files (x86)/embitz/1.11/share/em_armgcc/bin/../lib/gcc/arm-none-eabi/5.4.1/armv6-m\libgcc.a(floatsidf.o)
                0x000075ac                __aeabi_i2d
 .text          0x00007630       0xa8 c:/program files (x86)/embitz/1.11/share/em_armgcc/bin/../lib/gcc/arm-none-eabi/5.4.1/armv6-m\libgcc.a(extendsfdf2.o)
                0x00007630                __aeabi_f2d
 .text          0x000076d8      0x118 c:/program files (x86)/embitz/1.11/share/em_armgcc/bin/../lib/gcc/arm-none-eabi/5.4.1/armv6-m\libgcc.a(truncdfsf2.o)
                0x000076d8                __aeabi_d2f
 .text          0x000077f0       0x3c c:/program files (x86)/embitz/1.11/share/em_armgcc/bin/../lib/gcc/arm-none-eabi/5.4.1/armv6-m\libgcc.a(_clzsi2.o)
                0x000077f0                __clzsi2
 *(.rodata .rodata.*)
 .rodata._ZL10sprite_pal
                0x0000782c       0x20 .objs\main.o
 .rodata.str1.1
                0x0000784c       0x31 .objs\pokittolib\mbed-pokitto\common\assert.o
 .rodata.str1.1
                0x0000787d       0x67 .objs\pokittolib\mbed-pokitto\common\board.o
 .rodata.str1.1
                0x000078e4       0x67 .objs\pokittolib\mbed-pokitto\common\gpio.o
 .rodata._ZTVN4mbed11InterruptInE
                0x000078e4       0x10 .objs\pokittolib\mbed-pokitto\common\interruptin.o
                0x000078e4                vtable for mbed::InterruptIn
 .rodata.str1.1
                0x000078f4       0x60 .objs\pokittolib\mbed-pokitto\common\pinmap_common.o
 .rodata._ZTVN4mbed3SPIE
                0x00007954       0x14 .objs\pokittolib\mbed-pokitto\common\spi.o
                0x00007954                vtable for mbed::SPI
 .rodata._ZTVN4mbed6TickerE
                0x00007968       0x14 .objs\pokittolib\mbed-pokitto\common\ticker.o
                0x00007968                vtable for mbed::Ticker
 .rodata._ZTVN4mbed10TimerEventE
                0x0000797c       0x14 .objs\pokittolib\mbed-pokitto\common\timerevent.o
                0x0000797c                vtable for mbed::TimerEvent
 .rodata.us_interface
                0x00007990       0x14 .objs\pokittolib\mbed-pokitto\common\us_ticker_api.o
 .rodata.us_data
                0x000079a4        0x8 .objs\pokittolib\mbed-pokitto\common\us_ticker_api.o
 .rodata.str1.1
                0x000079ac       0x4a .objs\pokittolib\mbed-pokitto\targets\hal\target_nxp\target_lpc11u6x\gpio_api.o
                                 0x75 (size before relaxing)
 *fill*         0x000079f6        0x2 ff
 .rodata.CSWTCH.17
                0x000079f8       0x20 .objs\pokittolib\mbed-pokitto\targets\hal\target_nxp\target_lpc11u6x\gpio_irq_api.o
 .rodata.str1.1
                0x00007a18       0x48 .objs\pokittolib\mbed-pokitto\targets\hal\target_nxp\target_lpc11u6x\pinmap.o
                                 0x5b (size before relaxing)
 .rodata.PinMap_PWM
                0x00007a60       0x6c .objs\pokittolib\mbed-pokitto\targets\hal\target_nxp\target_lpc11u6x\pwmout_api.o
 .rodata.str1.1
                0x00007acc       0x2b .objs\pokittolib\mbed-pokitto\targets\hal\target_nxp\target_lpc11u6x\pwmout_api.o
 *fill*         0x00007af7        0x1 ff
 .rodata.SCTs   0x00007af8        0x8 .objs\pokittolib\mbed-pokitto\targets\hal\target_nxp\target_lpc11u6x\pwmout_api.o
 .rodata.PinMap_SPI_MISO
                0x00007b00       0x3c .objs\pokittolib\mbed-pokitto\targets\hal\target_nxp\target_lpc11u6x\spi_api.o
 .rodata.PinMap_SPI_SCLK
                0x00007b3c       0x48 .objs\pokittolib\mbed-pokitto\targets\hal\target_nxp\target_lpc11u6x\spi_api.o
 .rodata.str1.1
                0x00007b84       0xc2 .objs\pokittolib\mbed-pokitto\targets\hal\target_nxp\target_lpc11u6x\spi_api.o
 *fill*         0x00007c46        0x2 ff
 .rodata.PinMap_SPI_MOSI
                0x00007c48       0x3c .objs\pokittolib\mbed-pokitto\targets\hal\target_nxp\target_lpc11u6x\spi_api.o
 .rodata.PinMap_SPI_SSEL
                0x00007c84       0x3c .objs\pokittolib\mbed-pokitto\targets\hal\target_nxp\target_lpc11u6x\spi_api.o
 .rodata.font5x7
                0x00007cc0      0x304 .objs\pokittolib\pokitto_core\fonts\font5x7.o
                0x00007cc0                font5x7
 .rodata.fontC64
                0x00007fc4      0x364 .objs\pokittolib\pokitto_core\fonts\fontc64.o
                0x00007fc4                fontC64
 .rodata.fntC64UIGfx
                0x00008328      0x364 .objs\pokittolib\pokitto_core\fonts\fontc64uigfx.o
                0x00008328                fntC64UIGfx
 .rodata.fontMini
                0x0000868c      0x13a .objs\pokittolib\pokitto_core\fonts\mini4x6.o
                0x0000868c                fontMini
 .rodata.paletteCGA
                0x000087c6       0x30 .objs\pokittolib\pokitto_core\palettes\palcga.o
                0x000087c6                paletteCGA
 .rodata.str1.1
                0x000087f6      0x1e5 .objs\pokittolib\pokitto_core\pokittocore.o
                                0x1f6 (size before relaxing)
 .rodata.Pokitto_logo
                0x000089db      0x50a .objs\pokittolib\pokitto_core\pokittologos.o
                0x000089db                Pokitto_logo
 .rodata.Pokitto_headphones
                0x00008ee5       0x22 .objs\pokittolib\pokitto_core\pokittologos.o
                0x00008ee5                Pokitto_headphones
 .rodata.Pokitto_speaker
                0x00008f07       0x22 .objs\pokittolib\pokitto_core\pokittologos.o
                0x00008f07                Pokitto_speaker
 .rodata.Pokitto_volumebar
                0x00008f29        0x6 .objs\pokittolib\pokitto_core\pokittologos.o
                0x00008f29                Pokitto_volumebar
 .rodata.str1.1
                0x00008f2f       0x67 .objs\pokittolib\pokitto_hw\softwarei2c.o
 *fill*         0x00008f2f        0x1 ff
 .rodata.npio2_hw
                0x00008f30       0x80 c:/program files (x86)/embitz/1.11/share/em_armgcc/bin/../lib/gcc/arm-none-eabi/5.4.1/../../../../arm-none-eabi/lib/armv6-m\libm.a(lib_a-e_rem_pio2.o)
 .rodata.two_over_pi
                0x00008fb0      0x108 c:/program files (x86)/embitz/1.11/share/em_armgcc/bin/../lib/gcc/arm-none-eabi/5.4.1/../../../../arm-none-eabi/lib/armv6-m\libm.a(lib_a-e_rem_pio2.o)
 .rodata.init_jk
                0x000090b8       0x10 c:/program files (x86)/embitz/1.11/share/em_armgcc/bin/../lib/gcc/arm-none-eabi/5.4.1/../../../../arm-none-eabi/lib/armv6-m\libm.a(lib_a-k_rem_pio2.o)
 .rodata.PIo2   0x000090c8       0x40 c:/program files (x86)/embitz/1.11/share/em_armgcc/bin/../lib/gcc/arm-none-eabi/5.4.1/../../../../arm-none-eabi/lib/armv6-m\libm.a(lib_a-k_rem_pio2.o)
 .rodata.__sf_fake_stdin
                0x00009108       0x20 c:/program files (x86)/embitz/1.11/share/em_armgcc/bin/../lib/gcc/arm-none-eabi/5.4.1/../../../../arm-none-eabi/lib/armv6-m\libc_n.a(lib_a-findfp.o)
                0x00009108                __sf_fake_stdin
 .rodata.__sf_fake_stdout
                0x00009128       0x20 c:/program files (x86)/embitz/1.11/share/em_armgcc/bin/../lib/gcc/arm-none-eabi/5.4.1/../../../../arm-none-eabi/lib/armv6-m\libc_n.a(lib_a-findfp.o)
                0x00009128                __sf_fake_stdout
 .rodata.__sf_fake_stderr
                0x00009148       0x20 c:/program files (x86)/embitz/1.11/share/em_armgcc/bin/../lib/gcc/arm-none-eabi/5.4.1/../../../../arm-none-eabi/lib/armv6-m\libc_n.a(lib_a-findfp.o)
                0x00009148                __sf_fake_stderr
 .rodata.str1.1
                0x00009168      0x1e5 c:/program files (x86)/embitz/1.11/share/em_armgcc/bin/../lib/gcc/arm-none-eabi/5.4.1/../../../../arm-none-eabi/lib/armv6-m\libc_n.a(lib_a-impure.o)
                                  0x2 (size before relaxing)
 .rodata._global_impure_ptr
                0x00009168        0x4 c:/program files (x86)/embitz/1.11/share/em_armgcc/bin/../lib/gcc/arm-none-eabi/5.4.1/../../../../arm-none-eabi/lib/armv6-m\libc_n.a(lib_a-impure.o)
                0x00009168                _global_impure_ptr
 .rodata        0x0000916c       0x80 c:/program files (x86)/embitz/1.11/share/em_armgcc/bin/../lib/gcc/arm-none-eabi/5.4.1/armv6-m\libgcc.a(divsf3.o)
 .rodata        0x000091ec       0x40 c:/program files (x86)/embitz/1.11/share/em_armgcc/bin/../lib/gcc/arm-none-eabi/5.4.1/armv6-m\libgcc.a(mulsf3.o)
 .rodata        0x0000922c       0x40 c:/program files (x86)/embitz/1.11/share/em_armgcc/bin/../lib/gcc/arm-none-eabi/5.4.1/armv6-m\libgcc.a(muldf3.o)
                0x00009350                . = ALIGN (0x4)
                0x00009350                . = ALIGN (0x4)
 *(.init)
 .init          0x0000926c        0x4 c:/program files (x86)/embitz/1.11/share/em_armgcc/bin/../lib/gcc/arm-none-eabi/5.4.1/armv6-m/crti.o
                0x0000926c                _init
 .init          0x00009270        0x8 c:/program files (x86)/embitz/1.11/share/em_armgcc/bin/../lib/gcc/arm-none-eabi/5.4.1/armv6-m/crtn.o
                0x00009350                . = ALIGN (0x4)
                0x00009350                __preinit_array_start = .
 *(.preinit_array)
                0x00009350                __preinit_array_end = .
                0x00009350                . = ALIGN (0x4)
                0x00009350                __init_array_start = .
 *(SORT(.init_array.*))
 *(.init_array)
 .init_array    0x00009278        0x4 c:/program files (x86)/embitz/1.11/share/em_armgcc/bin/../lib/gcc/arm-none-eabi/5.4.1/armv6-m/crtbegin.o
 .init_array    0x0000927c        0x4 .objs\main.o
 .init_array    0x00009280        0x4 .objs\pokittolib\pokitto_core\pokittoconsole.o
 .init_array    0x00009284        0x4 .objs\pokittolib\pokitto_core\pokittocore.o
 .init_array    0x00009288        0x4 .objs\pokittolib\pokitto_core\pokittodisk.o
 .init_array    0x0000928c        0x4 .objs\pokittolib\pokitto_core\pokittodisplay.o
 .init_array    0x00009290        0x4 .objs\pokittolib\pokitto_core\pokittosound.o
 .init_array    0x00009294        0x4 .objs\pokittolib\pokitto_hw\hwbuttons.o
 .init_array    0x00009298        0x4 .objs\pokittolib\pokitto_hw\hwsound.o
 .init_array    0x0000929c        0x4 .objs\pokittolib\pokitto_libs\synth\synth.o
 .init_array    0x000092a0        0x4 .objs\pokittolib\pokitto_xternals\arduino\delay.o
                0x00009350                __init_array_end = .
 *(.fini)
 .fini          0x000092a4        0x4 c:/program files (x86)/embitz/1.11/share/em_armgcc/bin/../lib/gcc/arm-none-eabi/5.4.1/armv6-m/crti.o
                0x000092a4                _fini
 .fini          0x000092a8        0x8 c:/program files (x86)/embitz/1.11/share/em_armgcc/bin/../lib/gcc/arm-none-eabi/5.4.1/armv6-m/crtn.o
                0x00009350                . = ALIGN (0x4)
 *crtbegin.o(.ctors)
 *(EXCLUDE_FILE(*crtend.o) .ctors)
 *(SORT(.ctors.*))
 *crtend.o(.ctors)
                0x00009350                . = ALIGN (0x4)
 *crtbegin.o(.dtors)
 *(EXCLUDE_FILE(*crtend.o) .dtors)
 *(SORT(.dtors.*))
 *crtend.o(.dtors)

.glue_7         0x000092b0        0x0
 .glue_7        0x000092b0        0x0 linker stubs

.glue_7t        0x000092b0        0x0
 .glue_7t       0x000092b0        0x0 linker stubs

.vfp11_veneer   0x000092b0        0x0
 .vfp11_veneer  0x000092b0        0x0 linker stubs

.v4_bx          0x000092b0        0x0
 .v4_bx         0x000092b0        0x0 linker stubs

.iplt           0x000092b0        0x0
 .iplt          0x000092b0        0x0 c:/program files (x86)/embitz/1.11/share/em_armgcc/bin/../lib/gcc/arm-none-eabi/5.4.1/armv6-m/crtbegin.o

.eh_frame       0x000092b0        0x0
 .eh_frame      0x000092b0        0x0 c:/program files (x86)/embitz/1.11/share/em_armgcc/bin/../lib/gcc/arm-none-eabi/5.4.1/armv6-m/crtbegin.o

.rel.dyn        0x000092b0        0x0
 .rel.iplt      0x000092b0        0x0 c:/program files (x86)/embitz/1.11/share/em_armgcc/bin/../lib/gcc/arm-none-eabi/5.4.1/armv6-m/crtbegin.o

.ARM.extab
 *(.ARM.extab* .gnu.linkonce.armextab.*)
                0x000092b0                __exidx_start = .

.ARM.exidx
 *(.ARM.exidx* .gnu.linkonce.armexidx.*)
                0x000092b0                __exidx_end = .
                0x000092b0                _etext = .

.mtb_buffer_RAM2
 *(.mtb.$RAM2*)
 *(.mtb.$RAM1_2*)

.data_RAM2      0x20000000        0x0 load address 0x000092b0
 FILL mask 0xff
 *(.ramfunc.$RAM2)
 *(.ramfunc.$Ram1_2)
 *(.data.$RAM2*)
 *(.data.$Ram1_2*)
                0x20000000                . = ALIGN (0x4)

.mtb_buffer_RAM3
 *(.mtb.$RAM3*)
 *(.mtb.$RAM2USB_2*)

.data_RAM3      0x20004000        0x0 load address 0x000092b0
 FILL mask 0xff
 *(.ramfunc.$RAM3)
 *(.ramfunc.$Ram2USB_2)
 *(.data.$RAM3*)
 *(.data.$Ram2USB_2*)
                0x20004000                . = ALIGN (0x4)

.mtb_buffer_default
 *(.mtb*)

.uninit_RESERVED
                0x10000100        0x0
 *(.bss.$RESERVED*)
                0x10000100                . = ALIGN (0x4)
                0x10000100                _end_uninit_RESERVED = .

.data           0x10000100     0x2700 load address 0x000092b0
 FILL mask 0xff
                0x10000100                _data = .
 *(vtable)
 *(.ramfunc*)
 *(.data*)
 .data          0x10000100        0x4 c:/program files (x86)/embitz/1.11/share/em_armgcc/bin/../lib/gcc/arm-none-eabi/5.4.1/armv6-m/crtbegin.o
                0x10000100                __dso_handle
 .data.rawData  0x10000104     0x2680 .objs\main.o
                0x10000104                rawData
 .data.SystemCoreClock
                0x10002784        0x4 .objs\pokittolib\mbed-pokitto\targets\cmsis\target_nxp\target_lpc11u6x\system_lpc11u6x.o
                0x10002784                SystemCoreClock
 .data._ZN7Pokitto7Display11directcolorE
                0x10002788        0x2 .objs\pokittolib\pokitto_core\pokittodisplay.o
                0x10002788                Pokitto::Display::directcolor
 .data._ZN7Pokitto7Display14adjustLineStepE
                0x1000278a        0x1 .objs\pokittolib\pokitto_core\pokittodisplay.o
                0x1000278a                Pokitto::Display::adjustLineStep
 .data._ZN7Pokitto7Display3bppE
                0x1000278b        0x1 .objs\pokittolib\pokitto_core\pokittodisplay.o
                0x1000278b                Pokitto::Display::bpp
 .data._ZN7Pokitto7Display8textWrapE
                0x1000278c        0x1 .objs\pokittolib\pokitto_core\pokittodisplay.o
                0x1000278c                Pokitto::Display::textWrap
 *fill*         0x1000278d        0x1 ff
 .data._ZN7Pokitto7Display5colorE
                0x1000278e        0x2 .objs\pokittolib\pokitto_core\pokittodisplay.o
                0x1000278e                Pokitto::Display::color
 .data._ZN7Pokitto7Display8fontSizeE
                0x10002790        0x1 .objs\pokittolib\pokitto_core\pokittodisplay.o
                0x10002790                Pokitto::Display::fontSize
 .data._ZN7Pokitto7Display14adjustCharStepE
                0x10002791        0x1 .objs\pokittolib\pokitto_core\pokittodisplay.o
                0x10002791                Pokitto::Display::adjustCharStep
 .data._ZN7Pokitto7Display5widthE
                0x10002792        0x1 .objs\pokittolib\pokitto_core\pokittodisplay.o
                0x10002792                Pokitto::Display::width
 *fill*         0x10002793        0x1 ff
 .data._ZN7Pokitto7Display14invisiblecolorE
                0x10002794        0x2 .objs\pokittolib\pokitto_core\pokittodisplay.o
                0x10002794                Pokitto::Display::invisiblecolor
 .data._ZN7Pokitto7Display6heightE
                0x10002796        0x1 .objs\pokittolib\pokitto_core\pokittodisplay.o
                0x10002796                Pokitto::Display::height
 *fill*         0x10002797        0x1 ff
 .data._ZN7Pokitto5Sound9volumeMaxE
                0x10002798        0x2 .objs\pokittolib\pokitto_core\pokittosound.o
                0x10002798                Pokitto::Sound::volumeMax
 .data.streamvol
                0x1000279a        0x1 .objs\pokittolib\pokitto_hw\hwsound.o
                0x1000279a                streamvol
 .data.tempo    0x1000279b        0x1 .objs\pokittolib\pokitto_libs\synth\synth.o
                0x1000279b                tempo
 .data.impure_data
                0x1000279c       0x60 c:/program files (x86)/embitz/1.11/share/em_armgcc/bin/../lib/gcc/arm-none-eabi/5.4.1/../../../../arm-none-eabi/lib/armv6-m\libc_n.a(lib_a-impure.o)
 .data._impure_ptr
                0x100027fc        0x4 c:/program files (x86)/embitz/1.11/share/em_armgcc/bin/../lib/gcc/arm-none-eabi/5.4.1/../../../../arm-none-eabi/lib/armv6-m\libc_n.a(lib_a-impure.o)
                0x100027fc                _impure_ptr
                0x10002800                . = ALIGN (0x4)
                0x10002800                _edata = .

.jcr            0x10002800        0x0 load address 0x0000b9b0
 .jcr           0x10002800        0x0 c:/program files (x86)/embitz/1.11/share/em_armgcc/bin/../lib/gcc/arm-none-eabi/5.4.1/armv6-m/crtbegin.o

.igot.plt       0x10002800        0x0 load address 0x0000b9b0
 .igot.plt      0x10002800        0x0 c:/program files (x86)/embitz/1.11/share/em_armgcc/bin/../lib/gcc/arm-none-eabi/5.4.1/armv6-m/crtbegin.o

.bss_RAM2       0x20000000        0x0
 *(.bss.$RAM2*)
 *(.bss.$Ram1_2*)
                0x20000000                . = ALIGN (0x4)

.bss_RAM3       0x20004000        0x0
 *(.bss.$RAM3*)
 *(.bss.$Ram2USB_2*)
                0x20004000                . = ALIGN (0x4)

.bss            0x10002800     0x43d4
                0x10002800                _bss = .
 *(.bss*)
 .bss           0x10002800       0x1c c:/program files (x86)/embitz/1.11/share/em_armgcc/bin/../lib/gcc/arm-none-eabi/5.4.1/armv6-m/crtbegin.o
 .bss.cosine    0x1000281c      0x5a4 .objs\main.o
                0x1000281c                cosine
 .bss.game      0x10002dc0        0x1 .objs\main.o
                0x10002dc0                game
 *fill*         0x10002dc1        0x3 
 .bss.sine      0x10002dc4      0x5a4 .objs\main.o
                0x10002dc4                sine
 .bss._ZN4mbed3SPI6_ownerE
                0x10003368        0x4 .objs\pokittolib\mbed-pokitto\common\spi.o
                0x10003368                mbed::SPI::_owner
 .bss.events    0x1000336c        0x8 .objs\pokittolib\mbed-pokitto\common\us_ticker_api.o
 .bss.gpio_enabled
                0x10003374        0x4 .objs\pokittolib\mbed-pokitto\targets\hal\target_nxp\target_lpc11u6x\gpio_api.o
 .bss.irq_handler
                0x10003378        0x4 .objs\pokittolib\mbed-pokitto\targets\hal\target_nxp\target_lpc11u6x\gpio_irq_api.o
 .bss.channel_ids
                0x1000337c       0x20 .objs\pokittolib\mbed-pokitto\targets\hal\target_nxp\target_lpc11u6x\gpio_irq_api.o
 .bss.sct_used  0x1000339c        0x1 .objs\pokittolib\mbed-pokitto\targets\hal\target_nxp\target_lpc11u6x\pwmout_api.o
 *fill*         0x1000339d        0x3 
 .bss.us_ticker_inited
                0x100033a0        0x4 .objs\pokittolib\mbed-pokitto\targets\hal\target_nxp\target_lpc11u6x\us_ticker.o
                0x100033a0                us_ticker_inited
 .bss._ZN7Pokitto7Battery5levelE
                0x100033a4        0x1 .objs\pokittolib\pokitto_core\pokittobattery.o
                0x100033a4                Pokitto::Battery::level
 .bss._ZN7Pokitto7Buttons13buttons_stateE
                0x100033a5        0x1 .objs\pokittolib\pokitto_core\pokittobuttons.o
                0x100033a5                Pokitto::Buttons::buttons_state
 .bss._ZN7Pokitto7Buttons6statesE
                0x100033a6        0x7 .objs\pokittolib\pokitto_core\pokittobuttons.o
                0x100033a6                Pokitto::Buttons::states
 .bss._ZN7Pokitto7Buttons16buttons_releasedE
                0x100033ad        0x1 .objs\pokittolib\pokitto_core\pokittobuttons.o
                0x100033ad                Pokitto::Buttons::buttons_released
 .bss._ZN7Pokitto7Buttons12buttons_heldE
                0x100033ae        0x1 .objs\pokittolib\pokitto_core\pokittobuttons.o
                0x100033ae                Pokitto::Buttons::buttons_held
 .bss._ZN7Pokitto7Console8conslastE
                0x100033af        0x1 .objs\pokittolib\pokitto_core\pokittoconsole.o
                0x100033af                Pokitto::Console::conslast
 .bss.pConsole  0x100033b0        0x1 .objs\pokittolib\pokitto_core\pokittoconsole.o
                0x100033b0                pConsole
 *fill*         0x100033b1        0x1 
 .bss._ZN7Pokitto7Console5colorE
                0x100033b2        0x2 .objs\pokittolib\pokitto_core\pokittoconsole.o
                0x100033b2                Pokitto::Console::color
 .bss._ZN7Pokitto7Console4modeE
                0x100033b4        0x1 .objs\pokittolib\pokitto_core\pokittoconsole.o
                0x100033b4                Pokitto::Console::mode
 .bss._ZN7Pokitto7Console11conspointerE
                0x100033b5        0x1 .objs\pokittolib\pokitto_core\pokittoconsole.o
                0x100033b5                Pokitto::Console::conspointer
 .bss._ZN7Pokitto7Console11conscounterE
                0x100033b6        0x2 .objs\pokittolib\pokitto_core\pokittoconsole.o
                0x100033b6                Pokitto::Console::conscounter
 .bss._ZN7Pokitto7Console4fontE
                0x100033b8        0x4 .objs\pokittolib\pokitto_core\pokittoconsole.o
                0x100033b8                Pokitto::Console::font
 .bss._ZN7Pokitto7Console9consfirstE
                0x100033bc        0x1 .objs\pokittolib\pokitto_core\pokittoconsole.o
                0x100033bc                Pokitto::Console::consfirst
 .bss._ZN7Pokitto4Core14startMenuTimerE
                0x100033bd        0x1 .objs\pokittolib\pokitto_core\pokittocore.o
                0x100033bd                Pokitto::Core::startMenuTimer
 .bss._ZN7Pokitto4Core9run_stateE
                0x100033be        0x1 .objs\pokittolib\pokitto_core\pokittocore.o
                0x100033be                Pokitto::Core::run_state
 .bss._ZN7Pokitto4Core12timePerFrameE
                0x100033bf        0x1 .objs\pokittolib\pokitto_core\pokittocore.o
                0x100033bf                Pokitto::Core::timePerFrame
 .bss._ZN7Pokitto4Core14volbar_visibleE
                0x100033c0        0x1 .objs\pokittolib\pokitto_core\pokittocore.o
                0x100033c0                Pokitto::Core::volbar_visible
 .bss._ZN7Pokitto4Core7displayE
                0x100033c1        0x1 .objs\pokittolib\pokitto_core\pokittocore.o
                0x100033c1                Pokitto::Core::display
 *fill*         0x100033c2        0x2 
 .bss._ZN7Pokitto4Core14frameEndMicrosE
                0x100033c4        0x4 .objs\pokittolib\pokitto_core\pokittocore.o
                0x100033c4                Pokitto::Core::frameEndMicros
 .bss.device    0x100033c8       0x18 .objs\pokittolib\pokitto_core\pokittodisk.o
                0x100033c8                device
 .bss._ZN7Pokitto7Display8m_scrbufE
                0x100033e0        0x4 .objs\pokittolib\pokitto_core\pokittodisplay.o
                0x100033e0                Pokitto::Display::m_scrbuf
 .bss._ZN7Pokitto7Display12m_colordepthE
                0x100033e4        0x1 .objs\pokittolib\pokitto_core\pokittodisplay.o
                0x100033e4                Pokitto::Display::m_colordepth
 *fill*         0x100033e5        0x1 
 .bss._ZN7Pokitto7Display3m_wE
                0x100033e6        0x2 .objs\pokittolib\pokitto_core\pokittodisplay.o
                0x100033e6                Pokitto::Display::m_w
 .bss._ZN7Pokitto7Display7paletteE
                0x100033e8       0x20 .objs\pokittolib\pokitto_core\pokittodisplay.o
                0x100033e8                Pokitto::Display::palette
 .bss._ZN7Pokitto7Display11persistenceE
                0x10003408        0x1 .objs\pokittolib\pokitto_core\pokittodisplay.o
                0x10003408                Pokitto::Display::persistence
 *fill*         0x10003409        0x3 
 .bss._ZN7Pokitto7Display10paletteptrE
                0x1000340c        0x4 .objs\pokittolib\pokitto_core\pokittodisplay.o
                0x1000340c                Pokitto::Display::paletteptr
 .bss._ZN7Pokitto7Display10fontHeightE
                0x10003410        0x1 .objs\pokittolib\pokitto_core\pokittodisplay.o
                0x10003410                Pokitto::Display::fontHeight
 .bss._ZN7Pokitto7Display9fontWidthE
                0x10003411        0x1 .objs\pokittolib\pokitto_core\pokittodisplay.o
                0x10003411                Pokitto::Display::fontWidth
 .bss._ZN7Pokitto7Display7bgcolorE
                0x10003412        0x2 .objs\pokittolib\pokitto_core\pokittodisplay.o
                0x10003412                Pokitto::Display::bgcolor
 .bss._ZN7Pokitto7Display4fontE
                0x10003414        0x4 .objs\pokittolib\pokitto_core\pokittodisplay.o
                0x10003414                Pokitto::Display::font
 .bss._ZN7Pokitto7Display7cursorXE
                0x10003418        0x2 .objs\pokittolib\pokitto_core\pokittodisplay.o
                0x10003418                Pokitto::Display::cursorX
 .bss._ZN7Pokitto7Display3m_hE
                0x1000341a        0x2 .objs\pokittolib\pokitto_core\pokittodisplay.o
                0x1000341a                Pokitto::Display::m_h
 .bss.core      0x1000341c        0x1 .objs\pokittolib\pokitto_core\pokittodisplay.o
                0x1000341c                core
 .bss._ZN7Pokitto7Display6m_modeE
                0x1000341d        0x1 .objs\pokittolib\pokitto_core\pokittodisplay.o
                0x1000341d                Pokitto::Display::m_mode
 .bss._ZN7Pokitto7Display7cursorYE
                0x1000341e        0x2 .objs\pokittolib\pokitto_core\pokittodisplay.o
                0x1000341e                Pokitto::Display::cursorY
 .bss._ZN7Pokitto7Display13directbgcolorE
                0x10003420        0x2 .objs\pokittolib\pokitto_core\pokittodisplay.o
                0x10003420                Pokitto::Display::directbgcolor
 .bss._ZN7Pokitto7Display12screenbufferE
                0x10003422     0x131f .objs\pokittolib\pokitto_core\pokittodisplay.o
                0x10003422                Pokitto::Display::screenbuffer
 .bss._ZN7Pokitto5Sound9prescalerE
                0x10004741        0x1 .objs\pokittolib\pokitto_core\pokittosound.o
                0x10004741                Pokitto::Sound::prescaler
 .bss.c         0x10004742        0x1 .objs\pokittolib\pokitto_core\pokittosound.o
                0x10004742                c
 *fill*         0x10004743        0x1 
 .bss._ZN7Pokitto5Sound12globalVolumeE
                0x10004744        0x2 .objs\pokittolib\pokitto_core\pokittosound.o
                0x10004744                Pokitto::Sound::globalVolume
 *fill*         0x10004746        0x2 
 .bss.CBtn      0x10004748       0x50 .objs\pokittolib\pokitto_hw\hwbuttons.o
                0x10004748                CBtn
 .bss.DBtn      0x10004798       0x50 .objs\pokittolib\pokitto_hw\hwbuttons.o
                0x10004798                DBtn
 .bss._bd       0x100047e8        0x1 .objs\pokittolib\pokitto_hw\hwbuttons.o
                0x100047e8                _bd
 *fill*         0x100047e9        0x3 
 .bss.LBtn      0x100047ec       0x50 .objs\pokittolib\pokitto_hw\hwbuttons.o
                0x100047ec                LBtn
 .bss.RBtn      0x1000483c       0x50 .objs\pokittolib\pokitto_hw\hwbuttons.o
                0x1000483c                RBtn
 .bss.UBtn      0x1000488c       0x50 .objs\pokittolib\pokitto_hw\hwbuttons.o
                0x1000488c                UBtn
 .bss._ZN7Pokitto10heldStatesE
                0x100048dc        0x7 .objs\pokittolib\pokitto_hw\hwbuttons.o
                0x100048dc                Pokitto::heldStates
 *fill*         0x100048e3        0x1 
 .bss.ABtn      0x100048e4       0x50 .objs\pokittolib\pokitto_hw\hwbuttons.o
                0x100048e4                ABtn
 .bss.BBtn      0x10004934       0x50 .objs\pokittolib\pokitto_hw\hwbuttons.o
                0x10004934                BBtn
 .bss.prevdata  0x10004984        0x2 .objs\pokittolib\pokitto_hw\hwlcd.o
                0x10004984                prevdata
 *fill*         0x10004986        0x2 
 .bss.backlightpwm
                0x10004988        0x8 .objs\pokittolib\pokitto_hw\hwlcd.o
                0x10004988                backlightpwm
 .bss.dac3      0x10004990       0x18 .objs\pokittolib\pokitto_hw\hwsound.o
                0x10004990                dac3
 .bss.currentPtr
                0x100049a8        0x4 .objs\pokittolib\pokitto_hw\hwsound.o
                0x100049a8                currentPtr
 .bss.soundbuf  0x100049ac      0x100 .objs\pokittolib\pokitto_hw\hwsound.o
                0x100049ac                soundbuf
 .bss.dac0      0x10004aac       0x18 .objs\pokittolib\pokitto_hw\hwsound.o
                0x10004aac                dac0
 .bss.endPtr    0x10004ac4        0x4 .objs\pokittolib\pokitto_hw\hwsound.o
                0x10004ac4                endPtr
 .bss.dac2      0x10004ac8       0x18 .objs\pokittolib\pokitto_hw\hwsound.o
                0x10004ac8                dac2
 .bss.currentBuffer
                0x10004ae0        0x4 .objs\pokittolib\pokitto_hw\hwsound.o
                0x10004ae0                currentBuffer
 .bss.dac4      0x10004ae4       0x18 .objs\pokittolib\pokitto_hw\hwsound.o
                0x10004ae4                dac4
 .bss.dac5      0x10004afc       0x18 .objs\pokittolib\pokitto_hw\hwsound.o
                0x10004afc                dac5
 .bss.dac6      0x10004b14       0x18 .objs\pokittolib\pokitto_hw\hwsound.o
                0x10004b14                dac6
 .bss.dac7      0x10004b2c       0x18 .objs\pokittolib\pokitto_hw\hwsound.o
                0x10004b2c                dac7
 .bss._ZN7Pokitto8audiopwmE
                0x10004b44        0x8 .objs\pokittolib\pokitto_hw\hwsound.o
                0x10004b44                Pokitto::audiopwm
 .bss._ZN7Pokitto8streamonE
                0x10004b4c        0x1 .objs\pokittolib\pokitto_hw\hwsound.o
                0x10004b4c                Pokitto::streamon
 *fill*         0x10004b4d        0x3 
 .bss.amp       0x10004b50       0x18 .objs\pokittolib\pokitto_hw\hwsound.o
                0x10004b50                amp
 .bss._ZN7Pokitto5audioE
                0x10004b68       0x30 .objs\pokittolib\pokitto_hw\hwsound.o
                0x10004b68                Pokitto::audio
 .bss._ZN7Pokitto10streambyteE
                0x10004b98        0x1 .objs\pokittolib\pokitto_hw\hwsound.o
                0x10004b98                Pokitto::streambyte
 .bss.buffers   0x10004b99     0x2000 .objs\pokittolib\pokitto_hw\hwsound.o
                0x10004b99                buffers
 .bss._ZN7Pokitto8HWvolumeE
                0x10006b99        0x1 .objs\pokittolib\pokitto_hw\hwsound.o
                0x10006b99                Pokitto::HWvolume
 .bss.streamstep
                0x10006b9a        0x1 .objs\pokittolib\pokitto_hw\hwsound.o
                0x10006b9a                streamstep
 *fill*         0x10006b9b        0x1 
 .bss.soundbyte
                0x10006b9c        0x2 .objs\pokittolib\pokitto_hw\hwsound.o
                0x10006b9c                soundbyte
 .bss.volpotError
                0x10006b9e        0x1 .objs\pokittolib\pokitto_hw\hwsound.o
                0x10006b9e                volpotError
 *fill*         0x10006b9f        0x1 
 .bss.dac1      0x10006ba0       0x18 .objs\pokittolib\pokitto_hw\hwsound.o
                0x10006ba0                dac1
 .bss.soundbufindex
                0x10006bb8        0x1 .objs\pokittolib\pokitto_hw\hwsound.o
                0x10006bb8                soundbufindex
 *fill*         0x10006bb9        0x3 
 .bss.pt_count  0x10006bbc        0x4 .objs\pokittolib\pokitto_hw\pokittoclock.o
                0x10006bbc                pt_count
 .bss._ZN7Pokitto4Core11refreshtimeE
                0x10006bc0        0x4 .objs\pokittolib\pokitto_hw\pokittoclock.o
                0x10006bc0                Pokitto::Core::refreshtime
 .bss.samplespertick
                0x10006bc4        0x2 .objs\pokittolib\pokitto_libs\synth\synth.o
                0x10006bc4                samplespertick
 *fill*         0x10006bc6        0x2 
 .bss.per       0x10006bc8        0x4 .objs\pokittolib\pokitto_libs\synth\synth.o
                0x10006bc8                per
 .bss._dc       0x10006bcc        0x1 .objs\pokittolib\pokitto_xternals\arduino\delay.o
                0x10006bcc                _dc
 *fill*         0x10006bcd        0x3 
 .bss.__malloc_free_list
                0x10006bd0        0x4 c:/program files (x86)/embitz/1.11/share/em_armgcc/bin/../lib/gcc/arm-none-eabi/5.4.1/../../../../arm-none-eabi/lib/armv6-m\libc_n.a(lib_a-nano-mallocr.o)
                0x10006bd0                __malloc_free_list
 *(COMMON)
                0x10006bd4                . = ALIGN (0x4)
                0x10006bd4                _ebss = .
                [!provide]                PROVIDE (end, .)
                0x10006bd4                __end__ = .

.noinit_RAM2    0x20000000        0x0
 *(.noinit.$RAM2*)
 *(.noinit.$Ram1_2*)
                0x20000000                . = ALIGN (0x4)

.noinit_RAM3    0x20004000        0x0
 *(.noinit.$RAM3*)
 *(.noinit.$Ram2USB_2*)
                0x20004000                . = ALIGN (0x4)

.noinit         0x10006bd4        0x0
                0x10006bd4                _noinit = .
 *(.noinit*)
                0x10006bd4                . = ALIGN (0x4)
                0x10006bd4                _end_noinit = .
                [!provide]                PROVIDE (_pvHeapStart, .)
                0x10008000                PROVIDE (_vStackTop, (__top_Ram0_32 - 0x0))
LOAD .objs\main.o
LOAD .objs\pokittolib\libpff\mmc.o
LOAD .objs\pokittolib\libpff\pff.o
LOAD .objs\pokittolib\mbed-pokitto\common\assert.o
LOAD .objs\pokittolib\mbed-pokitto\common\board.o
LOAD .objs\pokittolib\mbed-pokitto\common\busin.o
LOAD .objs\pokittolib\mbed-pokitto\common\businout.o
LOAD .objs\pokittolib\mbed-pokitto\common\busout.o
LOAD .objs\pokittolib\mbed-pokitto\common\callchain.o
LOAD .objs\pokittolib\mbed-pokitto\common\can.o
LOAD .objs\pokittolib\mbed-pokitto\common\error.o
LOAD .objs\pokittolib\mbed-pokitto\common\ethernet.o
LOAD .objs\pokittolib\mbed-pokitto\common\filebase.o
LOAD .objs\pokittolib\mbed-pokitto\common\filelike.o
LOAD .objs\pokittolib\mbed-pokitto\common\filepath.o
LOAD .objs\pokittolib\mbed-pokitto\common\filesystemlike.o
LOAD .objs\pokittolib\mbed-pokitto\common\gpio.o
LOAD .objs\pokittolib\mbed-pokitto\common\i2c.o
LOAD .objs\pokittolib\mbed-pokitto\common\i2cslave.o
LOAD .objs\pokittolib\mbed-pokitto\common\interruptin.o
LOAD .objs\pokittolib\mbed-pokitto\common\interruptmanager.o
LOAD .objs\pokittolib\mbed-pokitto\common\localfilesystem.o
LOAD .objs\pokittolib\mbed-pokitto\common\lp_ticker_api.o
LOAD .objs\pokittolib\mbed-pokitto\common\mbed_interface.o
LOAD .objs\pokittolib\mbed-pokitto\common\pinmap_common.o
LOAD .objs\pokittolib\mbed-pokitto\common\rawserial.o
LOAD .objs\pokittolib\mbed-pokitto\common\retarget.o
LOAD .objs\pokittolib\mbed-pokitto\common\rtc_time.o
LOAD .objs\pokittolib\mbed-pokitto\common\semihost_api.o
LOAD .objs\pokittolib\mbed-pokitto\common\serial.o
LOAD .objs\pokittolib\mbed-pokitto\common\serialbase.o
LOAD .objs\pokittolib\mbed-pokitto\common\spi.o
LOAD .objs\pokittolib\mbed-pokitto\common\spislave.o
LOAD .objs\pokittolib\mbed-pokitto\common\stream.o
LOAD .objs\pokittolib\mbed-pokitto\common\ticker.o
LOAD .objs\pokittolib\mbed-pokitto\common\ticker_api.o
LOAD .objs\pokittolib\mbed-pokitto\common\timeout.o
LOAD .objs\pokittolib\mbed-pokitto\common\timer.o
LOAD .objs\pokittolib\mbed-pokitto\common\timerevent.o
LOAD .objs\pokittolib\mbed-pokitto\common\us_ticker_api.o
LOAD .objs\pokittolib\mbed-pokitto\common\wait_api.o
LOAD .objs\pokittolib\mbed-pokitto\targets\cmsis\target_nxp\target_lpc11u6x\cmsis_nvic.o
LOAD .objs\pokittolib\mbed-pokitto\targets\cmsis\target_nxp\target_lpc11u6x\system_lpc11u6x.o
LOAD .objs\pokittolib\mbed-pokitto\targets\cmsis\target_nxp\target_lpc11u6x\toolchain_gcc_arm\target_lpc11u68\startup_lpc11u68.o
LOAD .objs\pokittolib\mbed-pokitto\targets\hal\target_nxp\target_lpc11u6x\analogin_api.o
LOAD .objs\pokittolib\mbed-pokitto\targets\hal\target_nxp\target_lpc11u6x\gpio_api.o
LOAD .objs\pokittolib\mbed-pokitto\targets\hal\target_nxp\target_lpc11u6x\gpio_irq_api.o
LOAD .objs\pokittolib\mbed-pokitto\targets\hal\target_nxp\target_lpc11u6x\i2c_api.o
LOAD .objs\pokittolib\mbed-pokitto\targets\hal\target_nxp\target_lpc11u6x\pinmap.o
LOAD .objs\pokittolib\mbed-pokitto\targets\hal\target_nxp\target_lpc11u6x\pwmout_api.o
LOAD .objs\pokittolib\mbed-pokitto\targets\hal\target_nxp\target_lpc11u6x\rtc_api.o
LOAD .objs\pokittolib\mbed-pokitto\targets\hal\target_nxp\target_lpc11u6x\serial_api.o
LOAD .objs\pokittolib\mbed-pokitto\targets\hal\target_nxp\target_lpc11u6x\sleep.o
LOAD .objs\pokittolib\mbed-pokitto\targets\hal\target_nxp\target_lpc11u6x\spi_api.o
LOAD .objs\pokittolib\mbed-pokitto\targets\hal\target_nxp\target_lpc11u6x\us_ticker.o
LOAD .objs\pokittolib\pokitto_core\fonts\adventurer12x16.o
LOAD .objs\pokittolib\pokitto_core\fonts\donut7x10.o
LOAD .objs\pokittolib\pokitto_core\fonts\dragon6x8.o
LOAD .objs\pokittolib\pokitto_core\fonts\font3x3.o
LOAD .objs\pokittolib\pokitto_core\fonts\font3x5.o
LOAD .objs\pokittolib\pokitto_core\fonts\font5x7.o
LOAD .objs\pokittolib\pokitto_core\fonts\fontc64.o
LOAD .objs\pokittolib\pokitto_core\fonts\fontc64uigfx.o
LOAD .objs\pokittolib\pokitto_core\fonts\karateka8x11.o
LOAD .objs\pokittolib\pokitto_core\fonts\koubit7x7.o
LOAD .objs\pokittolib\pokitto_core\fonts\mini4x6.o
LOAD .objs\pokittolib\pokitto_core\fonts\runes6x8.o
LOAD .objs\pokittolib\pokitto_core\fonts\tic806x6.o
LOAD .objs\pokittolib\pokitto_core\fonts\tight4x7.o
LOAD .objs\pokittolib\pokitto_core\fonts\tiny5x7.o
LOAD .objs\pokittolib\pokitto_core\fonts\zxspec.o
LOAD .objs\pokittolib\pokitto_core\palettes\palaction.o
LOAD .objs\pokittolib\pokitto_core\palettes\palcga.o
LOAD .objs\pokittolib\pokitto_core\palettes\paldb16.o